Component: ARM Compiler 5.06 update 7 (build 960) Tool: armlink [4d3601]

==============================================================================

Section Cross References

    hal_led.o(i.hal_Led1Turn) refers to stm32f10x_gpio.o(i.GPIO_ReadOutputDataBit) for GPIO_ReadOutputDataBit
    hal_led.o(i.hal_Led1Turn) refers to stm32f10x_gpio.o(i.GPIO_WriteBit) for GPIO_WriteBit
    hal_led.o(i.hal_LedConfig) refers to stm32f10x_rcc.o(i.RCC_APB2PeriphClockCmd) for RCC_APB2PeriphClockCmd
    hal_led.o(i.hal_LedConfig) refers to stm32f10x_gpio.o(i.GPIO_Init) for GPIO_Init
    hal_led.o(i.hal_LedConfig) refers to stm32f10x_gpio.o(i.GPIO_ResetBits) for GPIO_ResetBits
    hal_led.o(i.hal_LedConfig) refers to stm32f10x_gpio.o(i.GPIO_SetBits) for GPIO_SetBits
    hal_led.o(i.hal_LedHandle) refers to hal_led.o(i.hal_Led1Turn) for hal_Led1Turn
    hal_led.o(i.hal_LedHandle) refers to hal_timer.o(i.hal_ResetTimer) for hal_ResetTimer
    hal_led.o(i.hal_LedInit) refers to hal_led.o(i.hal_LedConfig) for hal_LedConfig
    hal_led.o(i.hal_LedInit) refers to hal_timer.o(i.hal_CreatTimer) for hal_CreatTimer
    hal_led.o(i.hal_LedInit) refers to hal_led.o(i.hal_LedHandle) for hal_LedHandle
    hal_timer.o(i.Hal_TimerHandle) refers to hal_timer.o(.bss) for Stu_Timer
    hal_timer.o(i.TIM4_IRQHandler) refers to hal_timer.o(i.Hal_TimerHandle) for Hal_TimerHandle
    hal_timer.o(i.TIM4_IRQHandler) refers to stm32f10x_tim.o(i.TIM_ClearFlag) for TIM_ClearFlag
    hal_timer.o(i.TIM4_IRQHandler) refers to para.o(i.SystemTime_local) for SystemTime_local
    hal_timer.o(i.hal_CreatTimer) refers to hal_timer.o(.bss) for Stu_Timer
    hal_timer.o(i.hal_CtrlTimerAction) refers to hal_timer.o(.bss) for Stu_Timer
    hal_timer.o(i.hal_DeleteTimer) refers to hal_timer.o(.bss) for Stu_Timer
    hal_timer.o(i.hal_GetTimerState) refers to hal_timer.o(.bss) for Stu_Timer
    hal_timer.o(i.hal_ResetTimer) refers to hal_timer.o(.bss) for Stu_Timer
    hal_timer.o(i.hal_timer4Config) refers to stm32f10x_rcc.o(i.RCC_APB1PeriphClockCmd) for RCC_APB1PeriphClockCmd
    hal_timer.o(i.hal_timer4Config) refers to stm32f10x_tim.o(i.TIM_DeInit) for TIM_DeInit
    hal_timer.o(i.hal_timer4Config) refers to stm32f10x_tim.o(i.TIM_TimeBaseInit) for TIM_TimeBaseInit
    hal_timer.o(i.hal_timer4Config) refers to stm32f10x_tim.o(i.TIM_ITConfig) for TIM_ITConfig
    hal_timer.o(i.hal_timer4Config) refers to stm32f10x_tim.o(i.TIM_Cmd) for TIM_Cmd
    hal_timer.o(i.hal_timer4Config) refers to misc.o(i.NVIC_PriorityGroupConfig) for NVIC_PriorityGroupConfig
    hal_timer.o(i.hal_timer4Config) refers to misc.o(i.NVIC_Init) for NVIC_Init
    hal_timer.o(i.hal_timer4Config) refers to system_stm32f10x.o(.data) for SystemCoreClock
    hal_timer.o(i.hal_timerInit) refers to hal_timer.o(i.hal_timer4Config) for hal_timer4Config
    hal_timer.o(i.hal_timerInit) refers to hal_timer.o(.bss) for Stu_Timer
    hal_gpio.o(i.hal_GPIO_4GPowerKey_H) refers to stm32f10x_gpio.o(i.GPIO_SetBits) for GPIO_SetBits
    hal_gpio.o(i.hal_GPIO_4GPowerKey_L) refers to stm32f10x_gpio.o(i.GPIO_ResetBits) for GPIO_ResetBits
    hal_gpio.o(i.hal_GPIO_GetACState) refers to stm32f10x_gpio.o(i.GPIO_ReadInputDataBit) for GPIO_ReadInputDataBit
    hal_gpio.o(i.hal_GPIO_WIFIPowerEN_H) refers to stm32f10x_gpio.o(i.GPIO_ResetBits) for GPIO_ResetBits
    hal_gpio.o(i.hal_GPIO_WIFIPowerEN_L) refers to stm32f10x_gpio.o(i.GPIO_SetBits) for GPIO_SetBits
    hal_gpio.o(i.hal_GpioConfig_init) refers to stm32f10x_rcc.o(i.RCC_APB2PeriphClockCmd) for RCC_APB2PeriphClockCmd
    hal_gpio.o(i.hal_GpioConfig_init) refers to stm32f10x_gpio.o(i.GPIO_Init) for GPIO_Init
    hal_gpio.o(i.hal_GpioConfig_init) refers to hal_gpio.o(i.hal_GPIO_GetACState) for hal_GPIO_GetACState
    hal_gpio.o(i.hal_GpioConfig_init) refers to hal_gpio.o(i.hal_GPIO_WIFIPowerEN_L) for hal_GPIO_WIFIPowerEN_L
    hal_gpio.o(i.hal_GpioConfig_init) refers to hal_gpio.o(i.hal_GPIO_4GPowerKey_L) for hal_GPIO_4GPowerKey_L
    hal_gpio.o(i.hal_GpioConfig_init) refers to hal_gpio.o(.data) for AcState
    hal_gpio.o(i.hal_Gpio_AcStateCheck) refers to hal_gpio.o(i.hal_GPIO_GetACState) for hal_GPIO_GetACState
    hal_gpio.o(i.hal_Gpio_AcStateCheck) refers to hal_gpio.o(i.delay_1msTest) for delay_1msTest
    hal_gpio.o(i.hal_Gpio_AcStateCheck) refers to hal_gpio.o(.data) for AcState
    hal_flash.o(i.hal_spi2CSDrive) refers to stm32f10x_gpio.o(i.GPIO_SetBits) for GPIO_SetBits
    hal_flash.o(i.hal_spi2CSDrive) refers to stm32f10x_gpio.o(i.GPIO_ResetBits) for GPIO_ResetBits
    hal_flash.o(i.hal_spi2Init) refers to stm32f10x_rcc.o(i.RCC_APB1PeriphClockCmd) for RCC_APB1PeriphClockCmd
    hal_flash.o(i.hal_spi2Init) refers to stm32f10x_rcc.o(i.RCC_APB2PeriphClockCmd) for RCC_APB2PeriphClockCmd
    hal_flash.o(i.hal_spi2Init) refers to stm32f10x_gpio.o(i.GPIO_Init) for GPIO_Init
    hal_flash.o(i.hal_spi2Init) refers to stm32f10x_gpio.o(i.GPIO_SetBits) for GPIO_SetBits
    hal_flash.o(i.hal_spi2Init) refers to stm32f10x_spi.o(i.SPI_Init) for SPI_Init
[...]
    __I$use$semihosting                      0x0800ccc9   Thumb Code     0  use_no_semi.o(.text)
    __use_no_semihosting_swi                 0x0800ccc9   Thumb Code     2  use_no_semi.o(.text)
    ADC_Cmd                                  0x0800cccb   Thumb Code    22  stm32f10x_adc.o(i.ADC_Cmd)
    __semihosting_library_function           0x0800cccb   Thumb Code     0  indicate_semi.o(.text)
    ADC_GetCalibrationStatus                 0x0800cce1   Thumb Code    20  stm32f10x_adc.o(i.ADC_GetCalibrationStatus)
    ADC_GetConversionValue                   0x0800ccf5   Thumb Code     8  stm32f10x_adc.o(i.ADC_GetConversionValue)
    ADC_GetFlagStatus                        0x0800ccfd   Thumb Code    18  stm32f10x_adc.o(i.ADC_GetFlagStatus)
    ADC_GetResetCalibrationStatus            0x0800cd0f   Thumb Code    20  stm32f10x_adc.o(i.ADC_GetResetCalibrationStatus)
    ADC_Init                                 0x0800cd25   Thumb Code    70  stm32f10x_adc.o(i.ADC_Init)
    ADC_RegularChannelConfig                 0x0800cd75   Thumb Code   184  stm32f10x_adc.o(i.ADC_RegularChannelConfig)
    ADC_ResetCalibration                     0x0800ce2d   Thumb Code    10  stm32f10x_adc.o(i.ADC_ResetCalibration)
    ADC_SoftwareStartConvCmd                 0x0800ce37   Thumb Code    22  stm32f10x_adc.o(i.ADC_SoftwareStartConvCmd)
    ADC_StartCalibration                     0x0800ce4d   Thumb Code    10  stm32f10x_adc.o(i.ADC_StartCalibration)
    AddDtc                                   0x0800ce59   Thumb Code   860  para.o(i.AddDtc)
    BusFault_Handler                         0x0800d1b9   Thumb Code     4  stm32f10x_it.o(i.BusFault_Handler)
    CheckPresenceofDtc                       0x0800d1bd   Thumb Code    30  para.o(i.CheckPresenceofDtc)
    DMA1_Channel4_IRQHandler                 0x0800d1e1   Thumb Code    36  hal_uart.o(i.DMA1_Channel4_IRQHandler)
    DMA_ClearITPendingBit                    0x0800d20d   Thumb Code    18  stm32f10x_dma.o(i.DMA_ClearITPendingBit)
    DMA_Cmd                                  0x0800d229   Thumb Code    24  stm32f10x_dma.o(i.DMA_Cmd)
    DMA_DeInit                               0x0800d241   Thumb Code   324  stm32f10x_dma.o(i.DMA_DeInit)
    DMA_GetITStatus                          0x0800d38d   Thumb Code    36  stm32f10x_dma.o(i.DMA_GetITStatus)
    DMA_ITConfig                             0x0800d3b9   Thumb Code    18  stm32f10x_dma.o(i.DMA_ITConfig)
    DMA_Init                                 0x0800d3cb   Thumb Code    60  stm32f10x_dma.o(i.DMA_Init)
    DMA_SPI3_TX                              0x0800d409   Thumb Code    74  hal_tftlcd.o(i.DMA_SPI3_TX)
    DebugMon_Handler                         0x0800d459   Thumb Code     2  stm32f10x_it.o(i.DebugMon_Handler)
    DtcMatching                              0x0800d45d   Thumb Code   120  para.o(i.DtcMatching)
    GPIO_Init                                0x0800e191   Thumb Code   278  stm32f10x_gpio.o(i.GPIO_Init)
    GPIO_PinRemapConfig                      0x0800e2a9   Thumb Code   138  stm32f10x_gpio.o(i.GPIO_PinRemapConfig)
    GPIO_ReadInputDataBit                    0x0800e339   Thumb Code    18  stm32f10x_gpio.o(i.GPIO_ReadInputDataBit)
    GPIO_ReadOutputDataBit                   0x0800e34b   Thumb Code    18  stm32f10x_gpio.o(i.GPIO_ReadOutputDataBit)
    GPIO_ResetBits                           0x0800e35d   Thumb Code     4  stm32f10x_gpio.o(i.GPIO_ResetBits)
    GPIO_SetBits                             0x0800e361   Thumb Code     4  stm32f10x_gpio.o(i.GPIO_SetBits)
    GPIO_WriteBit                            0x0800e365   Thumb Code    10  stm32f10x_gpio.o(i.GPIO_WriteBit)
    GetDtcStu                                0x0800e389   Thumb Code   458  para.o(i.GetDtcStu)
    Hal_Uart3_Send_Data                      0x0800e64d   Thumb Code    40  hal_uart.o(i.Hal_Uart3_Send_Data)
    HardFault_Handler                        0x0800e679   Thumb Code     4  stm32f10x_it.o(i.HardFault_Handler)
    I2C_PageWrite                            0x0800e6e5   Thumb Code   352  hal_eeprom.o(i.I2C_PageWrite)
    I2C_Read                                 0x0800e845   Thumb Code   100  hal_eeprom.o(i.I2C_Read)
    LCD_Address_Set                          0x0800ea61   Thumb Code    58  mt_tftlcd.o(i.LCD_Address_Set)
    LCD_Fill                                 0x0800eab9   Thumb Code    88  mt_tftlcd.o(i.LCD_Fill)
    LCD_ShowChar                             0x0800eb15   Thumb Code   348  mt_tftlcd.o(i.LCD_ShowChar)
    LCD_ShowPicture32PixFont                 0x0800ec85   Thumb Code   188  mt_tftlcd.o(i.LCD_ShowPicture32PixFont)
    LCD_ShowString                           0x0800ed45   Thumb Code    66  mt_tftlcd.o(i.LCD_ShowString)
    LCD_WR_DATA                              0x0800ed87   Thumb Code    26  hal_tftlcd.o(i.LCD_WR_DATA)
    LCD_WR_DATA8                             0x0800eda1   Thumb Code    12  hal_tftlcd.o(i.LCD_WR_DATA8)
    LCD_WR_REG                               0x0800edad   Thumb Code    28  hal_tftlcd.o(i.LCD_WR_REG)
    LCD_Writ_Bus                             0x0800edcd   Thumb Code    20  hal_tftlcd.o(i.LCD_Writ_Bus)
    MD5Decode                                0x0800ee19   Thumb Code    50  mt_md5.o(i.MD5Decode)
    MD5Encode                                0x0800ee4b   Thumb Code    62  mt_md5.o(i.MD5Encode)
    MD5Final                                 0x0800ee89   Thumb Code    80  mt_md5.o(i.MD5Final)
    MD5Init                                  0x0800eedd   Thumb Code    26  mt_md5.o(i.MD5Init)
    MD5Transform                             0x0800ef01   Thumb Code  1898  mt_md5.o(i.MD5Transform)
    MD5Update                                0x0800f6d5   Thumb Code   140  mt_md5.o(i.MD5Update)
    MemManage_Handler                        0x0800f761   Thumb Code     4  stm32f10x_it.o(i.MemManage_Handler)
    NMI_Handler                              0x0800f765   Thumb Code     2  stm32f10x_it.o(i.NMI_Handler)
    NVIC_Init                                0x0800f769   Thumb Code   100  misc.o(i.NVIC_Init)
    NVIC_PriorityGroupConfig                 0x0800f7d9   Thumb Code    10  misc.o(i.NVIC_PriorityGroupConfig)
    NVIC_SetVectorTable                      0x0800f7ed   Thumb Code    12  misc.o(i.NVIC_SetVectorTable)
    OS_CPUInterruptCBSRegister               0x0800f801   Thumb Code    12  os_system.o(i.OS_CPUInterruptCBSRegister)
    OS_ClockInterruptHandle                  0x0800f811   Thumb Code   100  os_system.o(i.OS_ClockInterruptHandle)
    OS_CreatTask                             0x0800f879   Thumb Code    62  os_system.o(i.OS_CreatTask)
    OS_Start                                 0x0800f8bd   Thumb Code    56  os_system.o(i.OS_Start)
    OS_TaskInit                              0x0800f8f9   Thumb Code    56  os_system.o(i.OS_TaskInit)
    ParaInit                                 0x0800f935   Thumb Code    96  para.o(i.ParaInit)
    PendSV_Handler                           0x0800f9a9   Thumb Code     2  stm32f10x_it.o(i.PendSV_Handler)
    RCC_ADCCLKConfig                         0x0800fb55   Thumb Code    18  stm32f10x_rcc.o(i.RCC_ADCCLKConfig)
    RCC_AHBPeriphClockCmd                    0x0800fb6d   Thumb Code    26  stm32f10x_rcc.o(i.RCC_AHBPeriphClockCmd)
    RCC_APB1PeriphClockCmd                   0x0800fb8d   Thumb Code    26  stm32f10x_rcc.o(i.RCC_APB1PeriphClockCmd)
    RCC_APB1PeriphResetCmd                   0x0800fbad   Thumb Code    26  stm32f10x_rcc.o(i.RCC_APB1PeriphResetCmd)
    RCC_APB2PeriphClockCmd                   0x0800fbcd   Thumb Code    26  stm32f10x_rcc.o(i.RCC_APB2PeriphClockCmd)
    RCC_APB2PeriphResetCmd                   0x0800fbed   Thumb Code    26  stm32f10x_rcc.o(i.RCC_APB2PeriphResetCmd)
    RCC_GetClocksFreq                        0x0800fc0d   Thumb Code   374  stm32f10x_rcc.o(i.RCC_GetClocksFreq)
    SPI_Cmd                                  0x0800fd9d   Thumb Code    24  stm32f10x_spi.o(i.SPI_Cmd)
    SPI_I2S_DMACmd                           0x0800fdb5   Thumb Code    18  stm32f10x_spi.o(i.SPI_I2S_DMACmd)
    SPI_I2S_GetFlagStatus                    0x0800fdc7   Thumb Code    18  stm32f10x_spi.o(i.SPI_I2S_GetFlagStatus)
    SPI_I2S_ReceiveData                      0x0800fdd9   Thumb Code     6  stm32f10x_spi.o(i.SPI_I2S_ReceiveData)
    SPI_I2S_SendData                         0x0800fddf   Thumb Code     4  stm32f10x_spi.o(i.SPI_I2S_SendData)
    SPI_Init                                 0x0800fde3   Thumb Code    60  stm32f10x_spi.o(i.SPI_Init)
    SVC_Handler                              0x0800fe1f   Thumb Code     2  stm32f10x_it.o(i.SVC_Handler)
    S_QueueDataIn                            0x08010819   Thumb Code   120  os_system.o(i.S_QueueDataIn)
    S_QueueDataLen                           0x08010895   Thumb Code    46  os_system.o(i.S_QueueDataLen)
    S_QueueDataOut                           0x080108c5   Thumb Code    98  os_system.o(i.S_QueueDataOut)
    S_QueueEmpty                             0x0801092d   Thumb Code     6  os_system.o(i.S_QueueEmpty)
    S_gatewayUploadEndpointProc              0x08010935   Thumb Code   524  mt_protocol.o(i.S_gatewayUploadEndpointProc)
    SeekSrting                               0x08010b91   Thumb Code   110  mt_api.o(i.SeekSrting)
    SetDtcAbt                                0x08010c01   Thumb Code   484  para.o(i.SetDtcAbt)
    StringhexToAsciiConversion               0x08010f09   Thumb Code    82  mt_api.o(i.StringhexToAsciiConversion)
    SysTick_Handler                          0x08010f5b   Thumb Code     8  cpu.o(i.SysTick_Handler)
    SystemInit                               0x08010fad   Thumb Code    92  system_stm32f10x.o(i.SystemInit)
    SystemMode_Change                        0x08011019   Thumb Code   332  app.o(i.SystemMode_Change)
    SystemTime_local                         0x0801117d   Thumb Code   162  para.o(i.SystemTime_local)
    TIM3_IRQHandler                          0x08011469   Thumb Code   194  hal_al6630.o(i.TIM3_IRQHandler)
    TIM4_IRQHandler                          0x08011535   Thumb Code    20  hal_timer.o(i.TIM4_IRQHandler)
    TIM_ClearFlag                            0x0801154d   Thumb Code     6  stm32f10x_tim.o(i.TIM_ClearFlag)
    TIM_ClearITPendingBit                    0x08011553   Thumb Code     6  stm32f10x_tim.o(i.TIM_ClearITPendingBit)
    TIM_Cmd                                  0x08011559   Thumb Code    24  stm32f10x_tim.o(i.TIM_Cmd)
    TIM_DeInit                               0x08011571   Thumb Code   424  stm32f10x_tim.o(i.TIM_DeInit)
    TIM_GetCapture2                          0x08011759   Thumb Code     6  stm32f10x_tim.o(i.TIM_GetCapture2)
    TIM_GetITStatus                          0x0801175f   Thumb Code    34  stm32f10x_tim.o(i.TIM_GetITStatus)
    TIM_ICInit                               0x08011781   Thumb Code   150  stm32f10x_tim.o(i.TIM_ICInit)
    TIM_ITConfig                             0x0801182d   Thumb Code    18  stm32f10x_tim.o(i.TIM_ITConfig)
    TIM_SetCounter                           0x0801183f   Thumb Code     4  stm32f10x_tim.o(i.TIM_SetCounter)
    TIM_SetIC1Prescaler                      0x08011843   Thumb Code    18  stm32f10x_tim.o(i.TIM_SetIC1Prescaler)
    TIM_SetIC2Prescaler                      0x08011855   Thumb Code    26  stm32f10x_tim.o(i.TIM_SetIC2Prescaler)
    TIM_SetIC3Prescaler                      0x0801186f   Thumb Code    18  stm32f10x_tim.o(i.TIM_SetIC3Prescaler)
    TIM_SetIC4Prescaler                      0x08011881   Thumb Code    26  stm32f10x_tim.o(i.TIM_SetIC4Prescaler)
    TIM_TimeBaseInit                         0x0801189d   Thumb Code   122  stm32f10x_tim.o(i.TIM_TimeBaseInit)
    UART5_IRQHandler                         0x08011941   Thumb Code    48  hal_uart.o(i.UART5_IRQHandler)
    USART1_IRQHandler                        0x08011979   Thumb Code    42  hal_uart.o(i.USART1_IRQHandler)
    USART1_PutInDebugInfo                    0x080119ad   Thumb Code    54  hal_uart.o(i.USART1_PutInDebugInfo)
    USART1_PutInDebugString                  0x080119e9   Thumb Code    48  hal_uart.o(i.USART1_PutInDebugString)
    USART2_IRQHandler                        0x08011a1d   Thumb Code    60  hal_uart.o(i.USART2_IRQHandler)
    USART3_IRQHandler                        0x08011a61   Thumb Code    60  hal_uart.o(i.USART3_IRQHandler)
    USART_ClearITPendingBit                  0x08011aa5   Thumb Code    30  stm32f10x_usart.o(i.USART_ClearITPendingBit)
    USART_Cmd                                0x08011ac3   Thumb Code    24  stm32f10x_usart.o(i.USART_Cmd)
    USART_DMACmd                             0x08011adb   Thumb Code    18  stm32f10x_usart.o(i.USART_DMACmd)
    USART_GetFlagStatus                      0x08011aed   Thumb Code    26  stm32f10x_usart.o(i.USART_GetFlagStatus)
    USART_GetITStatus                        0x08011b07   Thumb Code    84  stm32f10x_usart.o(i.USART_GetITStatus)
    USART_ITConfig                           0x08011b5b   Thumb Code    74  stm32f10x_usart.o(i.USART_ITConfig)
    USART_Init                               0x08011ba5   Thumb Code   210  stm32f10x_usart.o(i.USART_Init)
    USART_ReceiveData                        0x08011c7d   Thumb Code    10  stm32f10x_usart.o(i.USART_ReceiveData)
    USART_SendData                           0x08011c87   Thumb Code     8  stm32f10x_usart.o(i.USART_SendData)
    UsageFault_Handler                       0x08011c8f   Thumb Code     4  stm32f10x_it.o(i.UsageFault_Handler)
    app_task                                 0x08011c95   Thumb Code   148  app.o(i.app_task)
    app_task_init                            0x08011d39   Thumb Code    76  app.o(i.app_task_init)
    asciiToHexConversion                     0x08011dad   Thumb Code   168  mt_api.o(i.asciiToHexConversion)
    delay_1msTest                            0x08011e55   Thumb Code    18  hal_gpio.o(i.delay_1msTest)
    detector_off_lineHandle                  0x08011e69   Thumb Code   160  app.o(i.detector_off_lineHandle)
    hal_Adc_batInit                          0x08012f8d   Thumb Code    30  hal_adc.o(i.hal_Adc_batInit)
    hal_BatCheckProc                         0x08012fb1   Thumb Code    96  hal_adc.o(i.hal_BatCheckProc)
    hal_CPUInit                              0x0801305d   Thumb Code    14  cpu.o(i.hal_CPUInit)
    hal_CPU_Critical_Control                 0x08013071   Thumb Code    34  cpu.o(i.hal_CPU_Critical_Control)
    hal_CreatTimer                           0x080130f5   Thumb Code    50  hal_timer.o(i.hal_CreatTimer)
    hal_GPIO_4GPowerKey_H                    0x080131d1   Thumb Code    12  hal_gpio.o(i.hal_GPIO_4GPowerKey_H)
    hal_GPIO_4GPowerKey_L                    0x080131e1   Thumb Code    12  hal_gpio.o(i.hal_GPIO_4GPowerKey_L)
    hal_GPIO_WIFIPowerEN_H                   0x08013201   Thumb Code    12  hal_gpio.o(i.hal_GPIO_WIFIPowerEN_H)
    hal_GPIO_WIFIPowerEN_L                   0x08013211   Thumb Code    12  hal_gpio.o(i.hal_GPIO_WIFIPowerEN_L)
    hal_GetTemHumProc                        0x08013221   Thumb Code   208  hal_al6630.o(i.hal_GetTemHumProc)
    hal_GetTemperatureDat                    0x08013301   Thumb Code     6  hal_al6630.o(i.hal_GetTemperatureDat)
    hal_GethumidityDat                       0x0801330d   Thumb Code     6  hal_al6630.o(i.hal_GethumidityDat)
    hal_GpioConfig_init                      0x08013319   Thumb Code   116  hal_gpio.o(i.hal_GpioConfig_init)
    hal_Gpio_AcStateCheck                    0x0801339d   Thumb Code    68  hal_gpio.o(i.hal_Gpio_AcStateCheck)
    hal_I2C_SDA_INPUT                        0x08013469   Thumb Code    14  hal_eeprom.o(i.hal_I2C_SDA_INPUT)
    hal_I2C_SDA_IO_Set                       0x0801347d   Thumb Code    86  hal_eeprom.o(i.hal_I2C_SDA_IO_Set)
    hal_KeyProc                              0x080134d9   Thumb Code   282  hal_key.o(i.hal_KeyProc)
    hal_KeyScanCBSRegister                   0x08013609   Thumb Code    12  hal_key.o(i.hal_KeyScanCBSRegister)
    hal_LedInit                              0x080136a9   Thumb Code    22  hal_led.o(i.hal_LedInit)
    hal_Oled_Display_off                     0x0801376d   Thumb Code    14  hal_tftlcd.o(i.hal_Oled_Display_off)
    hal_Oled_Display_on                      0x08013781   Thumb Code    14  hal_tftlcd.o(i.hal_Oled_Display_on)
    hal_ResetTimer                           0x08013795   Thumb Code    46  hal_timer.o(i.hal_ResetTimer)
    hal_Tftlcd_Clear                         0x080137c9   Thumb Code    20  mt_tftlcd.o(i.hal_Tftlcd_Clear)
    hal_Usart2_SentString                    0x0801384d   Thumb Code    38  hal_uart.o(i.hal_Usart2_SentString)
    hal_UsartInit                            0x08013879   Thumb Code    46  hal_uart.o(i.hal_UsartInit)
    hal_UsartProc                            0x080138d9   Thumb Code    32  hal_uart.o(i.hal_UsartProc)
    hal_Wtn6_PlayVolue                       0x08013b8d   Thumb Code    78  hal_wtn6.o(i.hal_Wtn6_PlayVolue)
    hal_adc_returnVoltLevel                  0x08013d09   Thumb Code     6  hal_adc.o(i.hal_adc_returnVoltLevel)
    hal_eepromInit                           0x08013d15   Thumb Code     8  hal_eeprom.o(i.hal_eepromInit)
    hal_keyInit                              0x08013dc9   Thumb Code    56  hal_key.o(i.hal_keyInit)
    hal_oled_RestH                           0x08013e15   Thumb Code    14  hal_tftlcd.o(i.hal_oled_RestH)
    hal_oled_RestL                           0x08013e29   Thumb Code    14  hal_tftlcd.o(i.hal_oled_RestL)
    hal_spi2CSDrive                          0x08013e3d   Thumb Code    30  hal_flash.o(i.hal_spi2CSDrive)
    hal_spi2Init                             0x08013e61   Thumb Code   176  hal_flash.o(i.hal_spi2Init)
    hal_spi2ReadWriteByte                    0x08013f19   Thumb Code    78  hal_flash.o(i.hal_spi2ReadWriteByte)
    hal_task                                 0x08013f6d   Thumb Code    20  hal_task.o(i.hal_task)
    hal_task_init                            0x08013f81   Thumb Code    44  hal_task.o(i.hal_task_init)
    hal_tftlcdConfig                         0x08013fad   Thumb Code   312  hal_tftlcd.o(i.hal_tftlcdConfig)
    hal_timerInit                            0x0801423d   Thumb Code    64  hal_timer.o(i.hal_timerInit)
    hal_timer_capInit                        0x08014281   Thumb Code    20  hal_al6630.o(i.hal_timer_capInit)
    hal_usart2TxMsgInput                     0x080142f1   Thumb Code    96  mt_wifi.o(i.hal_usart2TxMsgInput)
    hal_usart_Uart2DateRxCBSRegister         0x080145ad   Thumb Code    12  hal_uart.o(i.hal_usart_Uart2DateRxCBSRegister)
    hal_usart_Uart3DateRxCBSRegister         0x080145bd   Thumb Code    12  hal_uart.o(i.hal_usart_Uart3DateRxCBSRegister)
    hal_usart_Uart5DateRxCBSRegister         0x080145cd   Thumb Code    12  hal_uart.o(i.hal_usart_Uart5DateRxCBSRegister)
    hal_usart_Uart5DateTx                    0x080145dd   Thumb Code    44  hal_uart.o(i.hal_usart_Uart5DateTx)
    hal_wtn6                                 0x0801460d   Thumb Code    40  hal_wtn6.o(i.hal_wtn6)
    hexToAsciiConversion                     0x08014645   Thumb Code    56  mt_api.o(i.hexToAsciiConversion)
    main                                     0x0801467d   Thumb Code    84  main.o(i.main)
    mt_4G_AlarmingAtaOper                    0x080149a9   Thumb Code    86  mt_4g.o(i.mt_4G_AlarmingAtaOper)
    mt_4G_AtaOper                            0x08014a05   Thumb Code    86  mt_4g.o(i.mt_4G_AtaOper)
    mt_4G_GetDialSta                         0x08014a61   Thumb Code    46  mt_4g.o(i.mt_4G_GetDialSta)
    mt_4G_LinkState_rssi                     0x08014a91   Thumb Code    64  mt_4g.o(i.mt_4G_LinkState_rssi)
    mt_4G_Mqtt_DatUpdataTask                 0x08014ad9   Thumb Code   408  mt_protocol.o(i.mt_4G_Mqtt_DatUpdataTask)
    mt_4g_DialHandup                         0x08014c95   Thumb Code    30  mt_4g.o(i.mt_4g_DialHandup)
    mt_4g_Init                               0x08014da1   Thumb Code    94  mt_4g.o(i.mt_4g_Init)
    mt_4g_pro                                0x08014e31   Thumb Code    20  mt_4g.o(i.mt_4g_pro)
    mt_4g_systemDisarmOper                   0x08014ecd   Thumb Code    30  mt_4g.o(i.mt_4g_systemDisarmOper)
    mt_api_crc16                             0x08015441   Thumb Code    86  mt_api.o(i.mt_api_crc16)
    mt_api_crc16_continuous                  0x0801549d   Thumb Code    84  mt_api.o(i.mt_api_crc16_continuous)
    mt_drive_init                            0x08015535   Thumb Code    20  mt_driver.o(i.mt_drive_init)
    mt_drive_pro                             0x08015551   Thumb Code    12  mt_driver.o(i.mt_drive_pro)
    mt_flashEraseSector                      0x0801555d   Thumb Code    62  mt_flash.o(i.mt_flashEraseSector)
    mt_flashInit                             0x0801559b   Thumb Code     8  mt_flash.o(i.mt_flashInit)
    mt_flashRead                             0x080155a3   Thumb Code    84  mt_flash.o(i.mt_flashRead)
    mt_flashReadSR                           0x080155f7   Thumb Code    34  mt_flash.o(i.mt_flashReadSR)
    mt_flashWaitBusy                         0x08015619   Thumb Code    18  mt_flash.o(i.mt_flashWaitBusy)
    mt_flashWrite                            0x0801562b   Thumb Code   156  mt_flash.o(i.mt_flashWrite)
    mt_flashWriteEnable                      0x080156c7   Thumb Code    22  mt_flash.o(i.mt_flashWriteEnable)
    mt_flashWritePage                        0x080156dd   Thumb Code    88  mt_flash.o(i.mt_flashWritePage)
    mt_flashWrite_Secor                      0x08015735   Thumb Code    78  mt_flash.o(i.mt_flashWrite_Secor)
    mt_flash_SaveDat                         0x08015783   Thumb Code    20  mt_flash.o(i.mt_flash_SaveDat)
    mt_getSMSDialState                       0x08015799   Thumb Code     6  mt_4g.o(i.mt_getSMSDialState)
    mt_getgsmMqttState                       0x080157a5   Thumb Code    24  mt_4g.o(i.mt_getgsmMqttState)
    mt_gsmDialHandle                         0x080157c5   Thumb Code   148  mt_4g.o(i.mt_gsmDialHandle)
    mt_gsmSendMessage                        0x08015ae5   Thumb Code   142  mt_4g.o(i.mt_gsmSendMessage)
    mt_loraRxApplyNet_callback_Register      0x08015b81   Thumb Code    12  mt_lora.o(i.mt_loraRxApplyNet_callback_Register)
    mt_lora_Pro                              0x08015cf5   Thumb Code    12  mt_lora.o(i.mt_lora_Pro)
    mt_lora_TxMsgInput                       0x08015ff5   Thumb Code    48  mt_lora.o(i.mt_lora_TxMsgInput)
    mt_lora_init                             0x08016045   Thumb Code    40  mt_lora.o(i.mt_lora_init)
    mt_lora_loracomm_callback_Register       0x08016081   Thumb Code    12  mt_lora.o(i.mt_lora_loracomm_callback_Register)
    mt_md5_EncipherPassWord                  0x08016091   Thumb Code   192  mt_md5.o(i.mt_md5_EncipherPassWord)
    mt_mqtt_SetNewFlag                       0x08016155   Thumb Code     8  mt_mqtt.o(i.mt_mqtt_SetNewFlag)
    mt_mqtt_init                             0x08016161   Thumb Code   244  mt_mqtt.o(i.mt_mqtt_init)
    mt_para_FactoryReset                     0x080163e5   Thumb Code   458  para.o(i.mt_para_FactoryReset)
    mt_proto_PutInEvent                      0x0801666d   Thumb Code    48  mt_protocol.o(i.mt_proto_PutInEvent)
    mt_proto_init                            0x080166a1   Thumb Code    14  mt_protocol.o(i.mt_proto_init)
    mt_protocol_4GMqttRecHandle              0x080166b5   Thumb Code    26  mt_protocol.o(i.mt_protocol_4GMqttRecHandle)
    mt_protocol_GetFirmwarePack              0x080167b9   Thumb Code   110  mt_protocol.o(i.mt_protocol_GetFirmwarePack)
    mt_protocol_WIFIMqttRecHandle            0x08016945   Thumb Code    18  mt_protocol.o(i.mt_protocol_WIFIMqttRecHandle)
    mt_sendATToWifi                          0x080171d5   Thumb Code   190  mt_wifi.o(i.mt_sendATToWifi)
    mt_setgsmMqttState                       0x08017299   Thumb Code    46  mt_4g.o(i.mt_setgsmMqttState)
    mt_task                                  0x080172cd   Thumb Code    20  mt_task.o(i.mt_task)
    mt_task_init                             0x080172e1   Thumb Code    36  mt_task.o(i.mt_task_init)
    mt_tftlcd_init                           0x08017305   Thumb Code   440  mt_tftlcd.o(i.mt_tftlcd_init)
    mt_update_Fireware                       0x080174bd   Thumb Code   144  mt_update.o(i.mt_update_Fireware)
    mt_update_GetUpState                     0x08017559   Thumb Code     6  mt_update.o(i.mt_update_GetUpState)
    mt_update_SetUpState                     0x08017565   Thumb Code     6  mt_update.o(i.mt_update_SetUpState)
    mt_update_pro                            0x08017571   Thumb Code   158  mt_update.o(i.mt_update_pro)
    mt_update_upingPro                       0x08017621   Thumb Code   418  mt_update.o(i.mt_update_upingPro)
    mt_update_upingStart                     0x080177d1   Thumb Code    26  mt_update.o(i.mt_update_upingStart)
    mt_wifi_LinkState_rssi                   0x08017831   Thumb Code    16  mt_wifi.o(i.mt_wifi_LinkState_rssi)
    mt_wifi_Mqtt_DatUpdataTask               0x080178b9   Thumb Code   400  mt_protocol.o(i.mt_wifi_Mqtt_DatUpdataTask)
    mt_wifi_Mqtt_SentDat                     0x08017dad   Thumb Code   262  mt_wifi.o(i.mt_wifi_Mqtt_SentDat)
    mt_wifi_changState                       0x08017f7d   Thumb Code    20  mt_wifi.o(i.mt_wifi_changState)
    mt_wifi_exit_SmartConfig                 0x08017f99   Thumb Code    18  mt_wifi.o(i.mt_wifi_exit_SmartConfig)
    mt_wifi_get_wifi_Mqtt_state              0x08017fad   Thumb Code     6  mt_wifi.o(i.mt_wifi_get_wifi_Mqtt_state)
    mt_wifi_get_wifi_work_state              0x08017fb9   Thumb Code     6  mt_wifi.o(i.mt_wifi_get_wifi_work_state)
    mt_wifi_init                             0x08017fc5   Thumb Code   102  mt_wifi.o(i.mt_wifi_init)
    mt_wifi_pro                              0x08018051   Thumb Code    20  mt_wifi.o(i.mt_wifi_pro)
    ascii_1206                               0x0801bf0c   Data        1140  lcdfont.o(.constdata)
    ascii_1608                               0x0801c380   Data        1520  lcdfont.o(.constdata)
    ascii_2412                               0x0801c970   Data        4560  lcdfont.o(.constdata)
    ascii_3216                               0x0801db40   Data        6080  lcdfont.o(.constdata)
    ascii_4824                               0x0801f300   Data       13680  lcdfont.o(.constdata)
    gImage_wifiSigal                         0x08022870   Data        2560  lcdfont.o(.constdata)
    wCRCTalbeAbs                             0x08023270   Data          32  mt_api.o(.constdata)
    ESP12_AT                                 0x08023290   Data        1050  mt_wifi.o(.constdata)
    ESP12_AT_ResPonse                        0x080236aa   Data         324  mt_wifi.o(.constdata)
    U15_AT                                   0x080237ee   Data        2380  mt_4g.o(.constdata)
    U15_AT_ResPonse                          0x0802413a   Data         580  mt_4g.o(.constdata)
    EndPointUpType_Message                   0x0802437e   Data         187  mt_protocol.o(.constdata)
    SystemArmType_Message                    0x08024439   Data         180  mt_protocol.o(.constdata)
    SMS_Text                                 0x080244ed   Data         270  app.o(.constdata)
    Region$$Table$$Base                      0x08024740   Number         0  anon$$obj.o(Region$$Table)
    Region$$Table$$Limit                     0x08024760   Number         0  anon$$obj.o(Region$$Table)
    wtn6                                     0x20000002   Data          40  hal_wtn6.o(.data)
    Wtn6Playflag                             0x2000002a   Data           1  hal_wtn6.o(.data)
    Wtn6VolueNum                             0x2000002b   Data           1  hal_wtn6.o(.data)
    Wtn6NextNum                              0x2000002c   Data           1  hal_wtn6.o(.data)
    Wtn6Timer                                0x2000002e   Data           2  hal_wtn6.o(.data)
    getKeysVal                               0x20000038   Data          20  hal_key.o(.data)
    KeyScanCBS                               0x2000004c   Data           4  hal_key.o(.data)
    DebugIsBusy                              0x20000050   Data           1  hal_uart.o(.data)
    Uart2DateRxCBS                           0x20000054   Data           4  hal_uart.o(.data)
    Uart3DateRxCBS                           0x20000058   Data           4  hal_uart.o(.data)
    Uart5DateRxCBS                           0x2000005c   Data           4  hal_uart.o(.data)
    SystemCoreClock                          0x20000068   Data           4  system_stm32f10x.o(.data)
    AHBPrescTable                            0x2000006c   Data          16  system_stm32f10x.o(.data)
    Usart2TxQueuePos                         0x2000007c   Data           1  mt_wifi.o(.data)
    esp12Sta                                 0x2000007d   Data           1  mt_wifi.o(.data)
    Esp12_link                               0x2000007e   Data           1  mt_wifi.o(.data)
    wifiMqttSta                              0x2000007f   Data           1  mt_wifi.o(.data)
    ES200C_Var                               0x2000009c   Data           4  mt_4g.o(.data)
    ES200_4GTxQueuePos                       0x200000a0   Data           1  mt_4g.o(.data)
    gsmTxMessageQueuePos                     0x200000a1   Data           1  mt_4g.o(.data)
    gsmSIMStatus                             0x200000a2   Data           1  mt_4g.o(.data)
    gsmCsqVaule                              0x200000a3   Data           1  mt_4g.o(.data)
    allcrc16                                 0x200000b8   Data           2  mt_update.o(.data)
    allcrc16last                             0x200000ba   Data           2  mt_update.o(.data)
    pModeMenu                                0x200000c4   Data           4  app.o(.data)
    loraDtector                              0x200000c8   Data           3  app.o(.data)
    SetupMenuTimeOutCnt                      0x200000cc   Data           2  app.o(.data)
    PutoutScreenTiemr                        0x200000ce   Data           2  app.o(.data)
    ScreenState                              0x200000d0   Data           1  app.o(.data)
    generalModeMenu                          0x200000d4   Data         160  app.o(.data)
    settingModeMenu                          0x20000174   Data         288  app.o(.data)
    DL_ZX_Review                             0x20000294   Data         128  app.o(.data)
    PNModeTypeAry                            0x20000314   Data         144  app.o(.data)
    PN_Submenu                               0x200003a4   Data         192  app.o(.data)
    stu_Sysmode                              0x20000464   Data          32  app.o(.data)
    pStuSystemMode                           0x20000484   Data           4  app.o(.data)
    systemAlarmMenu                          0x20000488   Data          64  app.o(.data)
    stuSystemtime                            0x20000598   Data           8  para.o(.data)
    CPUInterrupptCtrlCBS                     0x200005a4   Data           4  os_system.o(.data)
    PADDING                                  0x200005bc   Data          64  mt_md5.o(.data)
    loracomm_callback                        0x200005fc   Data           4  mt_lora.o(.data)
    loracommApplyNet_callback                0x20000600   Data           4  mt_lora.o(.data)
    Stu_Timer                                0x20000608   Data          36  hal_timer.o(.bss)
    temHumBufDat                             0x2000062c   Data          20  hal_al6630.o(.bss)
    KeyState                                 0x20000640   Data          16  hal_key.o(.bss)
    KeyScanTime                              0x20000650   Data          32  hal_key.o(.bss)
    KeyPressLongTimer                        0x20000670   Data          32  hal_key.o(.bss)
    KeyContPressTimer                        0x20000690   Data          32  hal_key.o(.bss)
    DebugTxDMAMapBuff                        0x200006b0   Data         512  hal_uart.o(.bss)
    DebugTxMsg                               0x200008b0   Data         524  hal_uart.o(.bss)
    hal_batVolt                              0x20000abc   Data          24  hal_adc.o(.bss)
    ColorBuf                                 0x20000ad4   Data         640  mt_tftlcd.o(.bss)
    Usart2TxIdxMsg                           0x20000d54   Data          28  mt_wifi.o(.bss)
    Usart2GWTxBuff                           0x20000d70   Data        2000  mt_wifi.o(.bss)
    wifi_Rx_Buffer                           0x20001540   Data         800  mt_wifi.o(.bss)
    Wifi_RxIdxMsg                            0x20001860   Data        1036  mt_wifi.o(.bss)
    WifiSsid                                 0x20001c6c   Data          20  mt_wifi.o(.bss)
    ES200_4GTxIdxMsg                         0x200022c0   Data          28  mt_4g.o(.bss)
    ES200_4GTxBuff                           0x200022dc   Data        3328  mt_4g.o(.bss)
    ES200_4GTxdTempBuff                      0x20002fdc   Data         256  mt_4g.o(.bss)
    ES200_4GRxMsg                            0x200030dc   Data        1036  mt_4g.o(.bss)
    ES200_4GRxBuff                           0x200034e8   Data         500  mt_4g.o(.bss)
    GsmState                                 0x200036dc   Data         170  mt_4g.o(.bss)
    GsmSmsDialState                          0x20003786   Data         170  mt_4g.o(.bss)
    GsmMqttState                             0x20003830   Data         170  mt_4g.o(.bss)
    GSMTxMessageBuff                         0x200038da   Data        1600  mt_4g.o(.bss)
    GSMTxMessageIdMsg                        0x20003f1c   Data          28  mt_4g.o(.bss)
    mqtt_para                                0x20003f38   Data         179  mt_mqtt.o(.bss)
    mqttUpEventMsg                           0x20003fec   Data          44  mt_protocol.o(.bss)
    Firmware_Update                          0x20004018   Data          24  mt_update.o(.bss)
    LoraRcvMsg                               0x20004030   Data          28  app.o(.bss)
    DtcTriggerIDMsg                          0x2000404c   Data          20  app.o(.bss)
    mt_sEPR                                  0x200047b8   Data         146  para.o(.bss)
    dERP                                     0x2000484c   Data        1040  para.o(.bss)
    STM32_UID                                0x20004c5c   Data          12  para.o(.bss)
    OS_Task                                  0x20004c68   Data          36  os_system.o(.bss)
    md5c                                     0x20004c8c   Data          88  mt_md5.o(.bss)
    __libspace_start                         0x20004f60   Data          96  libspace.o(.bss)
    __temporary_stack_top$libspace           0x20004fc0   Data           0  libspace.o(.bss)



==============================================================================

Memory Map of the image

  Image Entry point : 0x0800c951

  Load Region LR_IROM1 (Base: 0x0800c800, Size: 0x00018568, Max: 0x00033800, ABSOLUTE, COMPRESSED[0x000180f8])

    Execution Region ER_IROM1 (Exec base: 0x0800c800, Load base: 0x0800c800, Size: 0x00017f60, Max: 0x00033800, ABSOLUTE)

    Exec Addr    Load Addr    Size         Type   Attr      Idx    E Section Name        Object

    0x0800c800   0x0800c800   0x00000150   Data   RO         2178    RESET               startup_stm32f10x_cl.o
    0x0800c950   0x0800c950   0x00000008   Code   RO         5376  * !!!main             c_w.l(__main.o)
    0x0800c958   0x0800c958   0x00000034   Code   RO         5537    !!!scatter          c_w.l(__scatter.o)
    0x0800c98c   0x0800c98c   0x0000005a   Code   RO         5535    !!dczerorl2         c_w.l(__dczerorl2.o)
    0x0800c9e6   0x0800c9e6   0x00000002   PAD
    0x0800c9e8   0x0800c9e8   0x0000001c   Code   RO         5539    !!handler_zi        c_w.l(__scatter_zi.o)
    0x0800ca04   0x0800ca04   0x00000002   Code   RO         5403    .ARM.Collect$$libinit$$00000000  c_w.l(libinit.o)
    0x0800ca06   0x0800ca06   0x00000000   Code   RO         5410    .ARM.Collect$$libinit$$00000002  c_w.l(libinit2.o)
    0x0800ca06   0x0800ca06   0x00000000   Code   RO         5412    .ARM.Collect$$libinit$$00000004  c_w.l(libinit2.o)
    0x0800ca06   0x0800ca06   0x00000000   Code   RO         5415    .ARM.Collect$$libinit$$0000000A  c_w.l(libinit2.o)
    0x0800ca06   0x0800ca06   0x00000000   Code   RO         5417    .ARM.Collect$$libinit$$0000000C  c_w.l(libinit2.o)
    0x0800ca06   0x0800ca06   0x00000000   Code   RO         5419    .ARM.Collect$$libinit$$0000000E  c_w.l(libinit2.o)
    0x0800ca06   0x0800ca06   0x00000000   Code   RO         5422    .ARM.Collect$$libinit$$00000011  c_w.l(libinit2.o)
    0x0800ca06   0x0800ca06   0x00000000   Code   RO         5424    .ARM.Collect$$libinit$$00000013  c_w.l(libinit2.o)
    0x0800ca06   0x0800ca06   0x00000000   Code   RO         5426    .ARM.Collect$$libinit$$00000015  c_w.l(libinit2.o)
    0x0800ca06   0x0800ca06   0x00000000   Code   RO         5428    .ARM.Collect$$libinit$$00000017  c_w.l(libinit2.o)
    0x0800ca06   0x0800ca06   0x00000000   Code   RO         5430    .ARM.Collect$$libinit$$00000019  c_w.l(libinit2.o)
    0x0800ca06   0x0800ca06   0x00000000   Code   RO         5432    .ARM.Collect$$libinit$$0000001B  c_w.l(libinit2.o)
    0x0800ca06   0x0800ca06   0x00000000   Code   RO         5434    .ARM.Collect$$libinit$$0000001D  c_w.l(libinit2.o)
    0x0800ca06   0x0800ca06   0x00000000   Code   RO         5436    .ARM.Collect$$libinit$$0000001F  c_w.l(libinit2.o)
    0x0800ca06   0x0800ca06   0x00000000   Code   RO         5438    .ARM.Collect$$libinit$$00000021  c_w.l(libinit2.o)
    0x0800ca06   0x0800ca06   0x00000000   Code   RO         5440    .ARM.Collect$$libinit$$00000023  c_w.l(libinit2.o)
    0x0800ca06   0x0800ca06   0x00000000   Code   RO         5442    .ARM.Collect$$libinit$$00000025  c_w.l(libinit2.o)
    0x0800ca06   0x0800ca06   0x00000000   Code   RO         5446    .ARM.Collect$$libinit$$0000002C  c_w.l(libinit2.o)
    0x0800ca06   0x0800ca06   0x00000000   Code   RO         5448    .ARM.Collect$$libinit$$0000002E  c_w.l(libinit2.o)
    0x0800ca06   0x0800ca06   0x00000000   Code   RO         5450    .ARM.Collect$$libinit$$00000030  c_w.l(libinit2.o)
    0x0800ca06   0x0800ca06   0x00000000   Code   RO         5452    .ARM.Collect$$libinit$$00000032  c_w.l(libinit2.o)
    0x0800ca06   0x0800ca06   0x00000002   Code   RO         5453    .ARM.Collect$$libinit$$00000033  c_w.l(libinit2.o)
    0x0800ca08   0x0800ca08   0x00000002   Code   RO         5473    .ARM.Collect$$libshutdown$$00000000  c_w.l(libshutdown.o)
    0x0800ca0a   0x0800ca0a   0x00000000   Code   RO         5486    .ARM.Collect$$libshutdown$$00000002  c_w.l(libshutdown2.o)
    0x0800ca0a   0x0800ca0a   0x00000000   Code   RO         5488    .ARM.Collect$$libshutdown$$00000004  c_w.l(libshutdown2.o)
    0x0800ca0a   0x0800ca0a   0x00000000   Code   RO         5490    .ARM.Collect$$libshutdown$$00000006  c_w.l(libshutdown2.o)
    0x0800ca0a   0x0800ca0a   0x00000000   Code   RO         5493    .ARM.Collect$$libshutdown$$00000009  c_w.l(libshutdown2.o)
    0x0800ca0a   0x0800ca0a   0x00000000   Code   RO         5496    .ARM.Collect$$libshutdown$$0000000C  c_w.l(libshutdown2.o)
    0x0800ca0a   0x0800ca0a   0x00000000   Code   RO         5498    .ARM.Collect$$libshutdown$$0000000E  c_w.l(libshutdown2.o)
    0x0800ca0a   0x0800ca0a   0x00000000   Code   RO         5501    .ARM.Collect$$libshutdown$$00000011  c_w.l(libshutdown2.o)
    0x0800ca0a   0x0800ca0a   0x00000002   Code   RO         5502    .ARM.Collect$$libshutdown$$00000012  c_w.l(libshutdown2.o)
    0x0800ca0c   0x0800ca0c   0x00000000   Code   RO         5378    .ARM.Collect$$rtentry$$00000000  c_w.l(__rtentry.o)
    0x0800ca0c   0x0800ca0c   0x00000000   Code   RO         5380    .ARM.Collect$$rtentry$$00000002  c_w.l(__rtentry2.o)
    0x0800ca0c   0x0800ca0c   0x00000006   Code   RO         5392    .ARM.Collect$$rtentry$$00000004  c_w.l(__rtentry4.o)
    0x0800ca12   0x0800ca12   0x00000000   Code   RO         5382    .ARM.Collect$$rtentry$$00000009  c_w.l(__rtentry2.o)
    0x0800ca12   0x0800ca12   0x00000004   Code   RO         5383    .ARM.Collect$$rtentry$$0000000A  c_w.l(__rtentry2.o)
    0x0800ca16   0x0800ca16   0x00000000   Code   RO         5385    .ARM.Collect$$rtentry$$0000000C  c_w.l(__rtentry2.o)
    0x0800ca16   0x0800ca16   0x00000008   Code   RO         5386    .ARM.Collect$$rtentry$$0000000D  c_w.l(__rtentry2.o)
    0x0800ca1e   0x0800ca1e   0x00000002   Code   RO         5407    .ARM.Collect$$rtexit$$00000000  c_w.l(rtexit.o)
    0x0800ca20   0x0800ca20   0x00000000   Code   RO         5455    .ARM.Collect$$rtexit$$00000002  c_w.l(rtexit2.o)
    0x0800ca20   0x0800ca20   0x00000004   Code   RO         5456    .ARM.Collect$$rtexit$$00000003  c_w.l(rtexit2.o)
    0x0800ca24   0x0800ca24   0x00000006   Code   RO         5457    .ARM.Collect$$rtexit$$00000004  c_w.l(rtexit2.o)
    0x0800ca2a   0x0800ca2a   0x00000002   PAD
    0x0800ca2c   0x0800ca2c   0x00000040   Code   RO         2179    .text               startup_stm32f10x_cl.o
    0x0800ca6c   0x0800ca6c   0x0000003e   Code   RO         5360    .text               c_w.l(strlen.o)
    0x0800caaa   0x0800caaa   0x00000018   Code   RO         5362    .text               c_w.l(strcat.o)
    0x0800cac2   0x0800cac2   0x0000008a   Code   RO         5364    .text               c_w.l(rt_memcpy_v6.o)
    0x0800cb4c   0x0800cb4c   0x00000064   Code   RO         5366    .text               c_w.l(rt_memcpy_w.o)
    0x0800cbb0   0x0800cbb0   0x00000010   Code   RO         5368    .text               c_w.l(aeabi_memset.o)
    0x0800cbc0   0x0800cbc0   0x00000044   Code   RO         5370    .text               c_w.l(rt_memclr.o)
    0x0800cc04   0x0800cc04   0x0000004e   Code   RO         5372    .text               c_w.l(rt_memclr_w.o)
    0x0800cc52   0x0800cc52   0x00000006   Code   RO         5374    .text               c_w.l(heapauxi.o)
    0x0800cc58   0x0800cc58   0x0000004a   Code   RO         5394    .text               c_w.l(sys_stackheap_outer.o)
    0x0800cca2   0x0800cca2   0x00000012   Code   RO         5396    .text               c_w.l(exit.o)
    0x0800ccb4   0x0800ccb4   0x00000008   Code   RO         5404    .text               c_w.l(libspace.o)
    0x0800ccbc   0x0800ccbc   0x0000000c   Code   RO         5465    .text               c_w.l(sys_exit.o)
    0x0800ccc8   0x0800ccc8   0x00000002   Code   RO         5476    .text               c_w.l(use_no_semi.o)
    0x0800ccca   0x0800ccca   0x00000000   Code   RO         5478    .text               c_w.l(indicate_semi.o)
    0x0800ccca   0x0800ccca   0x00000016   Code   RO         2226    i.ADC_Cmd           stm32f10x_adc.o
    0x0800cce0   0x0800cce0   0x00000014   Code   RO         2234    i.ADC_GetCalibrationStatus  stm32f10x_adc.o
    0x0800ccf4   0x0800ccf4   0x00000008   Code   RO         2235    i.ADC_GetConversionValue  stm32f10x_adc.o
    0x0800ccfc   0x0800ccfc   0x00000012   Code   RO         2237    i.ADC_GetFlagStatus  stm32f10x_adc.o
    0x0800cd0e   0x0800cd0e   0x00000014   Code   RO         2240    i.ADC_GetResetCalibrationStatus  stm32f10x_adc.o
    0x0800cd22   0x0800cd22   0x00000002   PAD
    0x0800cd24   0x0800cd24   0x00000050   Code   RO         2244    i.ADC_Init          stm32f10x_adc.o
    0x0800cd74   0x0800cd74   0x000000b8   Code   RO         2248    i.ADC_RegularChannelConfig  stm32f10x_adc.o
    0x0800ce2c   0x0800ce2c   0x0000000a   Code   RO         2249    i.ADC_ResetCalibration  stm32f10x_adc.o
    0x0800ce36   0x0800ce36   0x00000016   Code   RO         2251    i.ADC_SoftwareStartConvCmd  stm32f10x_adc.o
    0x0800ce4c   0x0800ce4c   0x0000000a   Code   RO         2253    i.ADC_StartCalibration  stm32f10x_adc.o
    0x0800ce56   0x0800ce56   0x00000002   PAD
    0x0800ce58   0x0800ce58   0x00000360   Code   RO         1985    i.AddDtc            para.o
    0x0800d1b8   0x0800d1b8   0x00000004   Code   RO          817    i.BusFault_Handler  stm32f10x_it.o
    0x0800d1bc   0x0800d1bc   0x00000024   Code   RO         1986    i.CheckPresenceofDtc  para.o
    0x0800d1e0   0x0800d1e0   0x0000002c   Code   RO          538    i.DMA1_Channel4_IRQHandler  hal_uart.o
    0x0800d20c   0x0800d20c   0x0000001c   Code   RO         2910    i.DMA_ClearITPendingBit  stm32f10x_dma.o
    0x0800d228   0x0800d228   0x00000018   Code   RO         2911    i.DMA_Cmd           stm32f10x_dma.o
    0x0800d240   0x0800d240   0x0000014c   Code   RO         2912    i.DMA_DeInit        stm32f10x_dma.o
    0x0800d38c   0x0800d38c   0x0000002c   Code   RO         2915    i.DMA_GetITStatus   stm32f10x_dma.o
    0x0800d3b8   0x0800d3b8   0x00000012   Code   RO         2916    i.DMA_ITConfig      stm32f10x_dma.o
    0x0800d3ca   0x0800d3ca   0x0000003c   Code   RO         2917    i.DMA_Init          stm32f10x_dma.o
    0x0800d406   0x0800d406   0x00000002   PAD
    0x0800d408   0x0800d408   0x00000050   Code   RO          275    i.DMA_SPI3_TX       hal_tftlcd.o
    0x0800d458   0x0800d458   0x00000002   Code   RO          818    i.DebugMon_Handler  stm32f10x_it.o
    0x0800d45a   0x0800d45a   0x00000002   PAD
    0x0800d45c   0x0800d45c   0x0000007c   Code   RO         1987    i.DtcMatching       para.o
    0x0800d4d8   0x0800d4d8   0x00000034   Code   RO         1308    i.EC200S_PutOnHandler  mt_4g.o
    0x0800d50c   0x0800d50c   0x000002a4   Code   RO         1309    i.ES200C_ApplicationTxd_ManagementFuction  mt_4g.o
    0x0800d7b0   0x0800d7b0   0x00000540   Code   RO         1310    i.ES200C_DialSMSPro  mt_4g.o
    0x0800dcf0   0x0800dcf0   0x000004a0   Code   RO         1311    i.ES200C_MqttPro    mt_4g.o
    0x0800e190   0x0800e190   0x00000116   Code   RO         3335    i.GPIO_Init         stm32f10x_gpio.o
    0x0800e2a6   0x0800e2a6   0x00000002   PAD
    0x0800e2a8   0x0800e2a8   0x00000090   Code   RO         3337    i.GPIO_PinRemapConfig  stm32f10x_gpio.o
    0x0800e338   0x0800e338   0x00000012   Code   RO         3339    i.GPIO_ReadInputDataBit  stm32f10x_gpio.o
    0x0800e34a   0x0800e34a   0x00000012   Code   RO         3341    i.GPIO_ReadOutputDataBit  stm32f10x_gpio.o
    0x0800e35c   0x0800e35c   0x00000004   Code   RO         3342    i.GPIO_ResetBits    stm32f10x_gpio.o
    0x0800e360   0x0800e360   0x00000004   Code   RO         3343    i.GPIO_SetBits      stm32f10x_gpio.o
    0x0800e364   0x0800e364   0x0000000a   Code   RO         3346    i.GPIO_WriteBit     stm32f10x_gpio.o
    0x0800e36e   0x0800e36e   0x0000001a   Code   RO         1123    i.GetAtRspStrLen    mt_api.o
    0x0800e388   0x0800e388   0x000001d0   Code   RO         1988    i.GetDtcStu         para.o
    0x0800e558   0x0800e558   0x0000007c   Code   RO         1744    i.Gsm_icon_Display  app.o
    0x0800e5d4   0x0800e5d4   0x00000078   Code   RO          122    i.Hal_TimerHandle   hal_timer.o
    0x0800e64c   0x0800e64c   0x0000002c   Code   RO          539    i.Hal_Uart3_Send_Data  hal_uart.o
    0x0800e678   0x0800e678   0x00000004   Code   RO          819    i.HardFault_Handler  stm32f10x_it.o
    0x0800e67c   0x0800e67c   0x00000034   Code   RO          704    i.I2C_Ack           hal_eeprom.o
    0x0800e6b0   0x0800e6b0   0x00000034   Code   RO          705    i.I2C_NoAck         hal_eeprom.o
    0x0800e6e4   0x0800e6e4   0x00000160   Code   RO          706    i.I2C_PageWrite     hal_eeprom.o
    0x0800e844   0x0800e844   0x00000064   Code   RO          707    i.I2C_Read          hal_eeprom.o
    0x0800e8a8   0x0800e8a8   0x0000005e   Code   RO          708    i.I2C_ReceiveByte   hal_eeprom.o
    0x0800e906   0x0800e906   0x00000064   Code   RO          709    i.I2C_SendByte      hal_eeprom.o
    0x0800e96a   0x0800e96a   0x00000028   Code   RO          710    i.I2C_Start         hal_eeprom.o
    0x0800e992   0x0800e992   0x00000028   Code   RO          711    i.I2C_Stop          hal_eeprom.o
    0x0800e9ba   0x0800e9ba   0x0000003a   Code   RO          712    i.I2C_WaitAck       hal_eeprom.o
    0x0800e9f4   0x0800e9f4   0x0000001e   Code   RO          713    i.I2C_delay         hal_eeprom.o
    0x0800ea12   0x0800ea12   0x00000002   PAD
    0x0800ea14   0x0800ea14   0x0000004c   Code   RO         1745    i.KeyEventHandle    app.o
    0x0800ea60   0x0800ea60   0x0000003a   Code   RO         1002    i.LCD_Address_Set   mt_tftlcd.o
    0x0800ea9a   0x0800ea9a   0x0000001c   Code   RO         1003    i.LCD_DrawPoint     mt_tftlcd.o
    0x0800eab6   0x0800eab6   0x00000002   PAD
    0x0800eab8   0x0800eab8   0x0000005c   Code   RO         1004    i.LCD_Fill          mt_tftlcd.o
    0x0800eb14   0x0800eb14   0x00000170   Code   RO         1005    i.LCD_ShowChar      mt_tftlcd.o
    0x0800ec84   0x0800ec84   0x000000c0   Code   RO         1006    i.LCD_ShowPicture32PixFont  mt_tftlcd.o
    0x0800ed44   0x0800ed44   0x00000042   Code   RO         1007    i.LCD_ShowString    mt_tftlcd.o
    0x0800ed86   0x0800ed86   0x0000001a   Code   RO          276    i.LCD_WR_DATA       hal_tftlcd.o
    0x0800eda0   0x0800eda0   0x0000000c   Code   RO          277    i.LCD_WR_DATA8      hal_tftlcd.o
    0x0800edac   0x0800edac   0x00000020   Code   RO          278    i.LCD_WR_REG        hal_tftlcd.o
    0x0800edcc   0x0800edcc   0x00000018   Code   RO          279    i.LCD_Writ_Bus      hal_tftlcd.o
    0x0800ede4   0x0800ede4   0x00000034   Code   RO         1746    i.LoraRcvGedDatHandle  app.o
    0x0800ee18   0x0800ee18   0x00000032   Code   RO         5215    i.MD5Decode         MT_MD5.lib(mt_md5.o)
    0x0800ee4a   0x0800ee4a   0x0000003e   Code   RO         5216    i.MD5Encode         MT_MD5.lib(mt_md5.o)
    0x0800ee88   0x0800ee88   0x00000054   Code   RO         5217    i.MD5Final          MT_MD5.lib(mt_md5.o)
    0x0800eedc   0x0800eedc   0x00000024   Code   RO         5218    i.MD5Init           MT_MD5.lib(mt_md5.o)
    0x0800ef00   0x0800ef00   0x000007d4   Code   RO         5219    i.MD5Transform      MT_MD5.lib(mt_md5.o)
    0x0800f6d4   0x0800f6d4   0x0000008c   Code   RO         5220    i.MD5Update         MT_MD5.lib(mt_md5.o)
    0x0800f760   0x0800f760   0x00000004   Code   RO          820    i.MemManage_Handler  stm32f10x_it.o
    0x0800f764   0x0800f764   0x00000002   Code   RO          821    i.NMI_Handler       stm32f10x_it.o
    0x0800f766   0x0800f766   0x00000002   PAD
    0x0800f768   0x0800f768   0x00000070   Code   RO         2184    i.NVIC_Init         misc.o
    0x0800f7d8   0x0800f7d8   0x00000014   Code   RO         2185    i.NVIC_PriorityGroupConfig  misc.o
    0x0800f7ec   0x0800f7ec   0x00000014   Code   RO         2186    i.NVIC_SetVectorTable  misc.o
    0x0800f800   0x0800f800   0x00000010   Code   RO         2062    i.OS_CPUInterruptCBSRegister  os_system.o
    0x0800f810   0x0800f810   0x00000068   Code   RO         2063    i.OS_ClockInterruptHandle  os_system.o
    0x0800f878   0x0800f878   0x00000044   Code   RO         2064    i.OS_CreatTask      os_system.o
    0x0800f8bc   0x0800f8bc   0x0000003c   Code   RO         2065    i.OS_Start          os_system.o
    0x0800f8f8   0x0800f8f8   0x0000003c   Code   RO         2067    i.OS_TaskInit       os_system.o
    0x0800f934   0x0800f934   0x00000074   Code   RO         1989    i.ParaInit          para.o
    0x0800f9a8   0x0800f9a8   0x00000002   Code   RO          822    i.PendSV_Handler    stm32f10x_it.o
    0x0800f9aa   0x0800f9aa   0x00000002   PAD
    0x0800f9ac   0x0800f9ac   0x000001a8   Code   RO         1747    i.PowerState_icon_Display  app.o
    0x0800fb54   0x0800fb54   0x00000018   Code   RO         3749    i.RCC_ADCCLKConfig  stm32f10x_rcc.o
    0x0800fb6c   0x0800fb6c   0x00000020   Code   RO         3750    i.RCC_AHBPeriphClockCmd  stm32f10x_rcc.o
    0x0800fb8c   0x0800fb8c   0x00000020   Code   RO         3752    i.RCC_APB1PeriphClockCmd  stm32f10x_rcc.o
    0x0800fbac   0x0800fbac   0x00000020   Code   RO         3753    i.RCC_APB1PeriphResetCmd  stm32f10x_rcc.o
    0x0800fbcc   0x0800fbcc   0x00000020   Code   RO         3754    i.RCC_APB2PeriphClockCmd  stm32f10x_rcc.o
    0x0800fbec   0x0800fbec   0x00000020   Code   RO         3755    i.RCC_APB2PeriphResetCmd  stm32f10x_rcc.o
    0x0800fc0c   0x0800fc0c   0x00000190   Code   RO         3762    i.RCC_GetClocksFreq  stm32f10x_rcc.o
    0x0800fd9c   0x0800fd9c   0x00000018   Code   RO         4284    i.SPI_Cmd           stm32f10x_spi.o
    0x0800fdb4   0x0800fdb4   0x00000012   Code   RO         4290    i.SPI_I2S_DMACmd    stm32f10x_spi.o
    0x0800fdc6   0x0800fdc6   0x00000012   Code   RO         4292    i.SPI_I2S_GetFlagStatus  stm32f10x_spi.o
    0x0800fdd8   0x0800fdd8   0x00000006   Code   RO         4295    i.SPI_I2S_ReceiveData  stm32f10x_spi.o
    0x0800fdde   0x0800fdde   0x00000004   Code   RO         4296    i.SPI_I2S_SendData  stm32f10x_spi.o
    0x0800fde2   0x0800fde2   0x0000003c   Code   RO         4297    i.SPI_Init          stm32f10x_spi.o
    0x0800fe1e   0x0800fe1e   0x00000002   Code   RO          823    i.SVC_Handler       stm32f10x_it.o
    0x0800fe20   0x0800fe20   0x00000108   Code   RO         1748    i.S_AlarmModeProc   app.o
    0x0800ff28   0x0800ff28   0x00000318   Code   RO         1749    i.S_DisArmModeProc  app.o
    0x08010240   0x08010240   0x000002c0   Code   RO         1750    i.S_ENArmModeProc   app.o
    0x08010500   0x08010500   0x00000318   Code   RO         1751    i.S_HomeArmModeProc  app.o
    0x08010818   0x08010818   0x0000007c   Code   RO         2069    i.S_QueueDataIn     os_system.o
    0x08010894   0x08010894   0x0000002e   Code   RO         2070    i.S_QueueDataLen    os_system.o
    0x080108c2   0x080108c2   0x00000002   PAD
    0x080108c4   0x080108c4   0x00000068   Code   RO         2071    i.S_QueueDataOut    os_system.o
    0x0801092c   0x0801092c   0x00000006   Code   RO         2072    i.S_QueueEmpty      os_system.o
    0x08010932   0x08010932   0x00000002   PAD
    0x08010934   0x08010934   0x0000021c   Code   RO         1576    i.S_gatewayUploadEndpointProc  mt_protocol.o
    0x08010b50   0x08010b50   0x00000040   Code   RO         1752    i.ScreeControl      app.o
    0x08010b90   0x08010b90   0x0000006e   Code   RO         1124    i.SeekSrting        mt_api.o
    0x08010bfe   0x08010bfe   0x00000002   PAD
    0x08010c00   0x08010c00   0x000001e8   Code   RO         1990    i.SetDtcAbt         para.o
    0x08010de8   0x08010de8   0x00000008   Code   RO          893    i.SetSysClock       system_stm32f10x.o
    0x08010df0   0x08010df0   0x00000118   Code   RO          894    i.SetSysClockTo72   system_stm32f10x.o
    0x08010f08   0x08010f08   0x00000052   Code   RO         1125    i.StringhexToAsciiConversion  mt_api.o
    0x08010f5a   0x08010f5a   0x00000008   Code   RO         2138    i.SysTick_Handler   cpu.o
    0x08010f62   0x08010f62   0x00000002   PAD
    0x08010f64   0x08010f64   0x00000048   Code   RO         1753    i.SystemGetPhoneNo  app.o
    0x08010fac   0x08010fac   0x0000006c   Code   RO          896    i.SystemInit        system_stm32f10x.o
    0x08011018   0x08011018   0x00000164   Code   RO         1754    i.SystemMode_Change  app.o
    0x0801117c   0x0801117c   0x000000ac   Code   RO         1991    i.SystemTime_local  para.o
    0x08011228   0x08011228   0x00000080   Code   RO         4423    i.TI1_Config        stm32f10x_tim.o
    0x080112a8   0x080112a8   0x00000098   Code   RO         4424    i.TI2_Config        stm32f10x_tim.o
    0x08011340   0x08011340   0x00000090   Code   RO         4425    i.TI3_Config        stm32f10x_tim.o
    0x080113d0   0x080113d0   0x00000098   Code   RO         4426    i.TI4_Config        stm32f10x_tim.o
    0x08011468   0x08011468   0x000000cc   Code   RO          420    i.TIM3_IRQHandler   hal_al6630.o
    0x08011534   0x08011534   0x00000018   Code   RO          123    i.TIM4_IRQHandler   hal_timer.o
    0x0801154c   0x0801154c   0x00000006   Code   RO         4433    i.TIM_ClearFlag     stm32f10x_tim.o
    0x08011552   0x08011552   0x00000006   Code   RO         4434    i.TIM_ClearITPendingBit  stm32f10x_tim.o
    0x08011558   0x08011558   0x00000018   Code   RO         4439    i.TIM_Cmd           stm32f10x_tim.o
    0x08011570   0x08011570   0x000001e8   Code   RO         4444    i.TIM_DeInit        stm32f10x_tim.o
    0x08011758   0x08011758   0x00000006   Code   RO         4455    i.TIM_GetCapture2   stm32f10x_tim.o
    0x0801175e   0x0801175e   0x00000022   Code   RO         4460    i.TIM_GetITStatus   stm32f10x_tim.o
    0x08011780   0x08011780   0x000000ac   Code   RO         4462    i.TIM_ICInit        stm32f10x_tim.o
    0x0801182c   0x0801182c   0x00000012   Code   RO         4464    i.TIM_ITConfig      stm32f10x_tim.o
    0x0801183e   0x0801183e   0x00000004   Code   RO         4504    i.TIM_SetCounter    stm32f10x_tim.o
    0x08011842   0x08011842   0x00000012   Code   RO         4505    i.TIM_SetIC1Prescaler  stm32f10x_tim.o
    0x08011854   0x08011854   0x0000001a   Code   RO         4506    i.TIM_SetIC2Prescaler  stm32f10x_tim.o
    0x0801186e   0x0801186e   0x00000012   Code   RO         4507    i.TIM_SetIC3Prescaler  stm32f10x_tim.o
    0x08011880   0x08011880   0x0000001a   Code   RO         4508    i.TIM_SetIC4Prescaler  stm32f10x_tim.o
    0x0801189a   0x0801189a   0x00000002   PAD
    0x0801189c   0x0801189c   0x000000a4   Code   RO         4510    i.TIM_TimeBaseInit  stm32f10x_tim.o
    0x08011940   0x08011940   0x00000038   Code   RO          540    i.UART5_IRQHandler  hal_uart.o
    0x08011978   0x08011978   0x00000034   Code   RO          541    i.USART1_IRQHandler  hal_uart.o
    0x080119ac   0x080119ac   0x0000003c   Code   RO          542    i.USART1_PutInDebugInfo  hal_uart.o
    0x080119e8   0x080119e8   0x00000034   Code   RO          543    i.USART1_PutInDebugString  hal_uart.o
    0x08011a1c   0x08011a1c   0x00000044   Code   RO          544    i.USART2_IRQHandler  hal_uart.o
    0x08011a60   0x08011a60   0x00000044   Code   RO          545    i.USART3_IRQHandler  hal_uart.o
    0x08011aa4   0x08011aa4   0x0000001e   Code   RO         4972    i.USART_ClearITPendingBit  stm32f10x_usart.o
    0x08011ac2   0x08011ac2   0x00000018   Code   RO         4975    i.USART_Cmd         stm32f10x_usart.o
    0x08011ada   0x08011ada   0x00000012   Code   RO         4976    i.USART_DMACmd      stm32f10x_usart.o
    0x08011aec   0x08011aec   0x0000001a   Code   RO         4978    i.USART_GetFlagStatus  stm32f10x_usart.o
    0x08011b06   0x08011b06   0x00000054   Code   RO         4979    i.USART_GetITStatus  stm32f10x_usart.o
    0x08011b5a   0x08011b5a   0x0000004a   Code   RO         4981    i.USART_ITConfig    stm32f10x_usart.o
    0x08011ba4   0x08011ba4   0x000000d8   Code   RO         4982    i.USART_Init        stm32f10x_usart.o
    0x08011c7c   0x08011c7c   0x0000000a   Code   RO         4989    i.USART_ReceiveData  stm32f10x_usart.o
    0x08011c86   0x08011c86   0x00000008   Code   RO         4992    i.USART_SendData    stm32f10x_usart.o
    0x08011c8e   0x08011c8e   0x00000004   Code   RO          824    i.UsageFault_Handler  stm32f10x_it.o
    0x08011c92   0x08011c92   0x00000002   PAD
    0x08011c94   0x08011c94   0x000000a4   Code   RO         1755    i.app_task          app.o
    0x08011d38   0x08011d38   0x00000074   Code   RO         1756    i.app_task_init     app.o
    0x08011dac   0x08011dac   0x000000a8   Code   RO         1126    i.asciiToHexConversion  mt_api.o
    0x08011e54   0x08011e54   0x00000012   Code   RO          190    i.delay_1msTest     hal_gpio.o
    0x08011e66   0x08011e66   0x00000002   PAD
    0x08011e68   0x08011e68   0x000000a4   Code   RO         1757    i.detector_off_lineHandle  app.o
    0x08011f0c   0x08011f0c   0x00000018   Code   RO         1758    i.detector_off_lineInit  app.o
    0x08011f24   0x08011f24   0x00000036   Code   RO         1577    i.gLink_M_Cmd_QueryFirmWare  mt_protocol.o
    0x08011f5a   0x08011f5a   0x0000003e   Code   RO         1578    i.gLink_M_Cmd_RqstGetDate  mt_protocol.o
    0x08011f98   0x08011f98   0x00000558   Code   RO         1759    i.ganMenu_FirmwareUpdate  app.o
    0x080124f0   0x080124f0   0x000001a4   Code   RO         1760    i.gnlMenu_DesktopCBS  app.o
    0x08012694   0x08012694   0x00000404   Code   RO         1761    i.gnlMenu_DialNumberCBS  app.o
    0x08012a98   0x08012a98   0x0000031c   Code   RO         1762    i.gnlMenu_EnterPinCBS  app.o
    0x08012db4   0x08012db4   0x000000e4   Code   RO         1312    i.hal_4GTxDataPack  mt_4g.o
    0x08012e98   0x08012e98   0x00000044   Code   RO         1546    i.hal_Ac_Check_pro  mt_driver.o
    0x08012edc   0x08012edc   0x000000b0   Code   RO          661    i.hal_AdcInit       hal_adc.o
    0x08012f8c   0x08012f8c   0x00000024   Code   RO          662    i.hal_Adc_batInit   hal_adc.o
    0x08012fb0   0x08012fb0   0x00000070   Code   RO          663    i.hal_BatCheckProc  hal_adc.o
    0x08013020   0x08013020   0x0000003c   Code   RO         1547    i.hal_Bat_Sta_Check_pro  mt_driver.o
    0x0801305c   0x0801305c   0x00000014   Code   RO         2139    i.hal_CPUInit       cpu.o
    0x08013070   0x08013070   0x00000022   Code   RO         2140    i.hal_CPU_Critical_Control  cpu.o
    0x08013092   0x08013092   0x00000002   PAD
    0x08013094   0x08013094   0x00000060   Code   RO         2141    i.hal_CoreClockInit  cpu.o
    0x080130f4   0x080130f4   0x00000038   Code   RO          124    i.hal_CreatTimer    hal_timer.o
    0x0801312c   0x0801312c   0x00000020   Code   RO          546    i.hal_DMAC4_Enable  hal_uart.o
    0x0801314c   0x0801314c   0x00000084   Code   RO          547    i.hal_DMA_Config    hal_uart.o
    0x080131d0   0x080131d0   0x00000010   Code   RO          191    i.hal_GPIO_4GPowerKey_H  hal_gpio.o
    0x080131e0   0x080131e0   0x00000010   Code   RO          192    i.hal_GPIO_4GPowerKey_L  hal_gpio.o
    0x080131f0   0x080131f0   0x00000010   Code   RO          193    i.hal_GPIO_GetACState  hal_gpio.o
    0x08013200   0x08013200   0x00000010   Code   RO          194    i.hal_GPIO_WIFIPowerEN_H  hal_gpio.o
    0x08013210   0x08013210   0x00000010   Code   RO          195    i.hal_GPIO_WIFIPowerEN_L  hal_gpio.o
    0x08013220   0x08013220   0x000000e0   Code   RO          421    i.hal_GetTemHumProc  hal_al6630.o
    0x08013300   0x08013300   0x0000000c   Code   RO          422    i.hal_GetTemperatureDat  hal_al6630.o
    0x0801330c   0x0801330c   0x0000000c   Code   RO          423    i.hal_GethumidityDat  hal_al6630.o
    0x08013318   0x08013318   0x00000084   Code   RO          196    i.hal_GpioConfig_init  hal_gpio.o
    0x0801339c   0x0801339c   0x0000004c   Code   RO          197    i.hal_Gpio_AcStateCheck  hal_gpio.o
    0x080133e8   0x080133e8   0x00000038   Code   RO          714    i.hal_I2CConfig     hal_eeprom.o
    0x08013420   0x08013420   0x00000024   Code   RO          715    i.hal_I2C_SCL       hal_eeprom.o
    0x08013444   0x08013444   0x00000024   Code   RO          716    i.hal_I2C_SDA       hal_eeprom.o
    0x08013468   0x08013468   0x00000014   Code   RO          717    i.hal_I2C_SDA_INPUT  hal_eeprom.o
    0x0801347c   0x0801347c   0x0000005c   Code   RO          718    i.hal_I2C_SDA_IO_Set  hal_eeprom.o
    0x080134d8   0x080134d8   0x00000130   Code   RO          475    i.hal_KeyProc       hal_key.o
    0x08013608   0x08013608   0x00000010   Code   RO          476    i.hal_KeyScanCBSRegister  hal_key.o
    0x08013618   0x08013618   0x00000040   Code   RO            1    i.hal_Led1Turn      hal_led.o
    0x08013658   0x08013658   0x00000040   Code   RO            2    i.hal_LedConfig     hal_led.o
    0x08013698   0x08013698   0x00000010   Code   RO            3    i.hal_LedHandle     hal_led.o
    0x080136a8   0x080136a8   0x0000001c   Code   RO            4    i.hal_LedInit       hal_led.o
    0x080136c4   0x080136c4   0x000000a8   Code   RO          477    i.hal_LoadKeyState  hal_key.o
    0x0801376c   0x0801376c   0x00000014   Code   RO          280    i.hal_Oled_Display_off  hal_tftlcd.o
    0x08013780   0x08013780   0x00000014   Code   RO          281    i.hal_Oled_Display_on  hal_tftlcd.o
    0x08013794   0x08013794   0x00000034   Code   RO          128    i.hal_ResetTimer    hal_timer.o
    0x080137c8   0x080137c8   0x00000014   Code   RO         1008    i.hal_Tftlcd_Clear  mt_tftlcd.o
    0x080137dc   0x080137dc   0x00000058   Code   RO          424    i.hal_Tim3_SentDatPin  hal_al6630.o
    0x08013834   0x08013834   0x00000018   Code   RO          425    i.hal_Tim_CapInit   hal_al6630.o
    0x0801384c   0x0801384c   0x0000002c   Code   RO          548    i.hal_Usart2_SentString  hal_uart.o
    0x08013878   0x08013878   0x00000060   Code   RO          549    i.hal_UsartInit     hal_uart.o
    0x080138d8   0x080138d8   0x00000024   Code   RO          550    i.hal_UsartProc     hal_uart.o
    0x080138fc   0x080138fc   0x000000d8   Code   RO         1176    i.hal_WifiRx_Pro    mt_wifi.o
    0x080139d4   0x080139d4   0x0000008c   Code   RO          344    i.hal_Wtn6Config    hal_wtn6.o
    0x08013a60   0x08013a60   0x0000012c   Code   RO          345    i.hal_Wtn6_PlayHandle  hal_wtn6.o
    0x08013b8c   0x08013b8c   0x00000070   Code   RO          346    i.hal_Wtn6_PlayVolue  hal_wtn6.o
    0x08013bfc   0x08013bfc   0x00000034   Code   RO          664    i.hal_adc_GetAdcDat  hal_adc.o
    0x08013c30   0x08013c30   0x000000d8   Code   RO          665    i.hal_adc_batVoltCheck  hal_adc.o
    0x08013d08   0x08013d08   0x0000000c   Code   RO          666    i.hal_adc_returnVoltLevel  hal_adc.o
    0x08013d14   0x08013d14   0x00000008   Code   RO          719    i.hal_eepromInit    hal_eeprom.o
    0x08013d1c   0x08013d1c   0x00000010   Code   RO          478    i.hal_getDB0Sta     hal_key.o
    0x08013d2c   0x08013d2c   0x00000010   Code   RO          479    i.hal_getDB1Sta     hal_key.o
    0x08013d3c   0x08013d3c   0x00000014   Code   RO          480    i.hal_getDB2Sta     hal_key.o
    0x08013d50   0x08013d50   0x00000014   Code   RO          481    i.hal_getDB3Sta     hal_key.o
    0x08013d64   0x08013d64   0x00000014   Code   RO          482    i.hal_getDB4Sta     hal_key.o
    0x08013d78   0x08013d78   0x00000010   Code   RO         2142    i.hal_getprimask    cpu.o
    0x08013d88   0x08013d88   0x00000040   Code   RO          483    i.hal_keyConfig     hal_key.o
    0x08013dc8   0x08013dc8   0x0000004c   Code   RO          484    i.hal_keyInit       hal_key.o
    0x08013e14   0x08013e14   0x00000014   Code   RO          282    i.hal_oled_RestH    hal_tftlcd.o
    0x08013e28   0x08013e28   0x00000014   Code   RO          283    i.hal_oled_RestL    hal_tftlcd.o
    0x08013e3c   0x08013e3c   0x00000024   Code   RO          248    i.hal_spi2CSDrive   hal_flash.o
    0x08013e60   0x08013e60   0x000000b8   Code   RO          249    i.hal_spi2Init      hal_flash.o
    0x08013f18   0x08013f18   0x00000054   Code   RO          250    i.hal_spi2ReadWriteByte  hal_flash.o
    0x08013f6c   0x08013f6c   0x00000014   Code   RO          378    i.hal_task          hal_task.o
    0x08013f80   0x08013f80   0x0000002c   Code   RO          379    i.hal_task_init     hal_task.o
    0x08013fac   0x08013fac   0x00000150   Code   RO          284    i.hal_tftlcdConfig  hal_tftlcd.o
    0x080140fc   0x080140fc   0x0000000c   Code   RO         1009    i.hal_tftlcd_Delay  mt_tftlcd.o
    0x08014108   0x08014108   0x000000b4   Code   RO          426    i.hal_timer3CapConfig  hal_al6630.o
    0x080141bc   0x080141bc   0x00000080   Code   RO          129    i.hal_timer4Config  hal_timer.o
    0x0801423c   0x0801423c   0x00000044   Code   RO          130    i.hal_timerInit     hal_timer.o
    0x08014280   0x08014280   0x00000018   Code   RO          427    i.hal_timer_capInit  hal_al6630.o
    0x08014298   0x08014298   0x00000058   Code   RO          551    i.hal_uart1_DMA_DatSent  hal_uart.o
    0x080142f0   0x080142f0   0x0000006c   Code   RO         1177    i.hal_usart2TxMsgInput  mt_wifi.o
    0x0801435c   0x0801435c   0x00000250   Code   RO          552    i.hal_usart_Config  hal_uart.o
    0x080145ac   0x080145ac   0x00000010   Code   RO          553    i.hal_usart_Uart2DateRxCBSRegister  hal_uart.o
    0x080145bc   0x080145bc   0x00000010   Code   RO          554    i.hal_usart_Uart3DateRxCBSRegister  hal_uart.o
    0x080145cc   0x080145cc   0x00000010   Code   RO          555    i.hal_usart_Uart5DateRxCBSRegister  hal_uart.o
    0x080145dc   0x080145dc   0x00000030   Code   RO          556    i.hal_usart_Uart5DateTx  hal_uart.o
    0x0801460c   0x0801460c   0x00000038   Code   RO          347    i.hal_wtn6          hal_wtn6.o
    0x08014644   0x08014644   0x00000038   Code   RO         1127    i.hexToAsciiConversion  mt_api.o
    0x0801467c   0x0801467c   0x00000060   Code   RO          795    i.main              main.o
    0x080146dc   0x080146dc   0x00000168   Code   RO         1763    i.menuInit          app.o
    0x08014844   0x08014844   0x00000078   Code   RO         1313    i.mt4g_TxMsgInput   mt_4g.o
    0x080148bc   0x080148bc   0x0000003a   Code   RO         1178    i.mtWifi_SentString  mt_wifi.o
    0x080148f6   0x080148f6   0x00000002   PAD
    0x080148f8   0x080148f8   0x00000064   Code   RO         1314    i.mt_4GSMSDialStateChange  mt_4g.o
    0x0801495c   0x0801495c   0x0000004c   Code   RO         1315    i.mt_4GWorkStateChange  mt_4g.o
    0x080149a8   0x080149a8   0x0000005c   Code   RO         1316    i.mt_4G_AlarmingAtaOper  mt_4g.o
    0x08014a04   0x08014a04   0x0000005c   Code   RO         1317    i.mt_4G_AtaOper     mt_4g.o
    0x08014a60   0x08014a60   0x0000002e   Code   RO         1318    i.mt_4G_GetDialSta  mt_4g.o
    0x08014a8e   0x08014a8e   0x00000002   PAD
    0x08014a90   0x08014a90   0x00000048   Code   RO         1319    i.mt_4G_LinkState_rssi  mt_4g.o
    0x08014ad8   0x08014ad8   0x0000019c   Code   RO         1579    i.mt_4G_Mqtt_DatUpdataTask  mt_protocol.o
    0x08014c74   0x08014c74   0x00000020   Code   RO         1320    i.mt_4G_RxMsgInput  mt_4g.o
    0x08014c94   0x08014c94   0x00000024   Code   RO         1321    i.mt_4g_DialHandup  mt_4g.o
    0x08014cb8   0x08014cb8   0x00000036   Code   RO         1322    i.mt_4g_GetCsqValue  mt_4g.o
    0x08014cee   0x08014cee   0x000000b0   Code   RO         1323    i.mt_4g_GetMqttRecvDat  mt_4g.o
    0x08014d9e   0x08014d9e   0x00000002   PAD
    0x08014da0   0x08014da0   0x00000090   Code   RO         1324    i.mt_4g_Init        mt_4g.o
    0x08014e30   0x08014e30   0x00000014   Code   RO         1325    i.mt_4g_pro         mt_4g.o
    0x08014e44   0x08014e44   0x00000088   Code   RO         1580    i.mt_4g_protocol_DataSet  mt_protocol.o
    0x08014ecc   0x08014ecc   0x00000024   Code   RO         1326    i.mt_4g_systemDisarmOper  mt_4g.o
    0x08014ef0   0x08014ef0   0x0000012c   Code   RO         1327    i.mt_ES200C_UsartRxd_Handler  mt_4g.o
    0x0801501c   0x0801501c   0x0000005c   Code   RO         1328    i.mt_ES200C_UsartTxd_Handler  mt_4g.o
    0x08015078   0x08015078   0x00000154   Code   RO         1179    i.mt_WifiResponseProc  mt_wifi.o
    0x080151cc   0x080151cc   0x00000230   Code   RO         1180    i.mt_WifiTx_Pro     mt_wifi.o
    0x080153fc   0x080153fc   0x00000044   Code   RO         1181    i.mt_Wifi_charIdentify  mt_wifi.o
    0x08015440   0x08015440   0x0000005c   Code   RO         1128    i.mt_api_crc16      mt_api.o
    0x0801549c   0x0801549c   0x00000058   Code   RO         1129    i.mt_api_crc16_continuous  mt_api.o
    0x080154f4   0x080154f4   0x00000040   Code   RO         1329    i.mt_charIdentify   mt_4g.o
    0x08015534   0x08015534   0x0000001c   Code   RO         1548    i.mt_drive_init     mt_driver.o
    0x08015550   0x08015550   0x0000000c   Code   RO         1549    i.mt_drive_pro      mt_driver.o
    0x0801555c   0x0801555c   0x0000003e   Code   RO          927    i.mt_flashEraseSector  mt_flash.o
    0x0801559a   0x0801559a   0x00000008   Code   RO          928    i.mt_flashInit      mt_flash.o
    0x080155a2   0x080155a2   0x00000054   Code   RO          929    i.mt_flashRead      mt_flash.o
    0x080155f6   0x080155f6   0x00000022   Code   RO          931    i.mt_flashReadSR    mt_flash.o
    0x08015618   0x08015618   0x00000012   Code   RO          932    i.mt_flashWaitBusy  mt_flash.o
    0x0801562a   0x0801562a   0x0000009c   Code   RO          933    i.mt_flashWrite     mt_flash.o
    0x080156c6   0x080156c6   0x00000016   Code   RO          934    i.mt_flashWriteEnable  mt_flash.o
    0x080156dc   0x080156dc   0x00000058   Code   RO          935    i.mt_flashWritePage  mt_flash.o
    0x08015734   0x08015734   0x0000004e   Code   RO          936    i.mt_flashWrite_Secor  mt_flash.o
    0x08015782   0x08015782   0x00000014   Code   RO          937    i.mt_flash_SaveDat  mt_flash.o
    0x08015796   0x08015796   0x00000002   PAD
    0x08015798   0x08015798   0x0000000c   Code   RO         1330    i.mt_getSMSDialState  mt_4g.o
    0x080157a4   0x080157a4   0x00000020   Code   RO         1331    i.mt_getgsmMqttState  mt_4g.o
    0x080157c4   0x080157c4   0x00000098   Code   RO         1332    i.mt_gsmDialHandle  mt_4g.o
    0x0801585c   0x0801585c   0x00000288   Code   RO         1333    i.mt_gsmResponseProc  mt_4g.o
    0x08015ae4   0x08015ae4   0x0000009c   Code   RO         1334    i.mt_gsmSendMessage  mt_4g.o
    0x08015b80   0x08015b80   0x00000010   Code   RO         5276    i.mt_loraRxApplyNet_callback_Register  mt_lora.lib(mt_lora.o)
    0x08015b90   0x08015b90   0x0000011c   Code   RO         5277    i.mt_loraRx_Pro     mt_lora.lib(mt_lora.o)
    0x08015cac   0x08015cac   0x00000048   Code   RO         5278    i.mt_loraTx_Pro     mt_lora.lib(mt_lora.o)
    0x08015cf4   0x08015cf4   0x0000000c   Code   RO         5279    i.mt_lora_Pro       mt_lora.lib(mt_lora.o)
    0x08015d00   0x08015d00   0x00000120   Code   RO         5280    i.mt_lora_RxDataComm  mt_lora.lib(mt_lora.o)
    0x08015e20   0x08015e20   0x00000024   Code   RO         5281    i.mt_lora_RxMsgInput  mt_lora.lib(mt_lora.o)
    0x08015e44   0x08015e44   0x000001ae   Code   RO         5282    i.mt_lora_TxDataDail  mt_lora.lib(mt_lora.o)
    0x08015ff2   0x08015ff2   0x00000002   PAD
    0x08015ff4   0x08015ff4   0x00000034   Code   RO         5283    i.mt_lora_TxMsgInput  mt_lora.lib(mt_lora.o)
    0x08016028   0x08016028   0x0000001c   Code   RO         5284    i.mt_lora_getSumCrc  mt_lora.lib(mt_lora.o)
    0x08016044   0x08016044   0x0000003c   Code   RO         5285    i.mt_lora_init      mt_lora.lib(mt_lora.o)
    0x08016080   0x08016080   0x00000010   Code   RO         5286    i.mt_lora_loracomm_callback_Register  mt_lora.lib(mt_lora.o)
    0x08016090   0x08016090   0x000000c4   Code   RO         5221    i.mt_md5_EncipherPassWord  MT_MD5.lib(mt_md5.o)
    0x08016154   0x08016154   0x0000000c   Code   RO         1484    i.mt_mqtt_SetNewFlag  mt_mqtt.o
    0x08016160   0x08016160   0x00000114   Code   RO         1485    i.mt_mqtt_init      mt_mqtt.o
    0x08016274   0x08016274   0x00000028   Code   RO         1486    i.mt_mqtt_setLinkID  mt_mqtt.o
    0x0801629c   0x0801629c   0x00000028   Code   RO         1487    i.mt_mqtt_setPubTopic  mt_mqtt.o
    0x080162c4   0x080162c4   0x00000028   Code   RO         1488    i.mt_mqtt_setServerIp  mt_mqtt.o
    0x080162ec   0x080162ec   0x00000028   Code   RO         1489    i.mt_mqtt_setServerPort  mt_mqtt.o
    0x08016314   0x08016314   0x00000028   Code   RO         1490    i.mt_mqtt_setSubTopic  mt_mqtt.o
    0x0801633c   0x0801633c   0x00000028   Code   RO         1491    i.mt_mqtt_setUsername  mt_mqtt.o
    0x08016364   0x08016364   0x00000080   Code   RO         1992    i.mt_para_DtcParaCheck  para.o
    0x080163e4   0x080163e4   0x000001d4   Code   RO         1993    i.mt_para_FactoryReset  para.o
    0x080165b8   0x080165b8   0x000000b4   Code   RO         1994    i.mt_para_SystemParaCheck  para.o
    0x0801666c   0x0801666c   0x00000034   Code   RO         1581    i.mt_proto_PutInEvent  mt_protocol.o
    0x080166a0   0x080166a0   0x00000014   Code   RO         1582    i.mt_proto_init     mt_protocol.o
    0x080166b4   0x080166b4   0x0000001a   Code   RO         1583    i.mt_protocol_4GMqttRecHandle  mt_protocol.o
    0x080166ce   0x080166ce   0x000000a4   Code   RO         1584    i.mt_protocol_DataPack  mt_protocol.o
    0x08016772   0x08016772   0x00000046   Code   RO         1585    i.mt_protocol_EndpointDataParsing_Proc  mt_protocol.o
    0x080167b8   0x080167b8   0x00000074   Code   RO         1586    i.mt_protocol_GetFirmwarePack  mt_protocol.o
    0x0801682c   0x0801682c   0x00000118   Code   RO         1587    i.mt_protocol_RecDatParsing  mt_protocol.o
    0x08016944   0x08016944   0x00000012   Code   RO         1588    i.mt_protocol_WIFIMqttRecHandle  mt_protocol.o
    0x08016956   0x08016956   0x00000002   PAD
    0x08016958   0x08016958   0x00000378   Code   RO         1589    i.mt_protocol_gatewayChangeEndPointPro  mt_protocol.o
    0x08016cd0   0x08016cd0   0x000004f4   Code   RO         1590    i.mt_protocol_gatewayGetEndPointPro  mt_protocol.o
    0x080171c4   0x080171c4   0x00000010   Code   RO         1335    i.mt_sendATToGSM    mt_4g.o
    0x080171d4   0x080171d4   0x000000c4   Code   RO         1182    i.mt_sendATToWifi   mt_wifi.o
    0x08017298   0x08017298   0x00000034   Code   RO         1336    i.mt_setgsmMqttState  mt_4g.o
    0x080172cc   0x080172cc   0x00000014   Code   RO         1082    i.mt_task           mt_task.o
    0x080172e0   0x080172e0   0x00000024   Code   RO         1083    i.mt_task_init      mt_task.o
    0x08017304   0x08017304   0x000001b8   Code   RO         1010    i.mt_tftlcd_init    mt_tftlcd.o
    0x080174bc   0x080174bc   0x0000009c   Code   RO         1684    i.mt_update_Fireware  mt_update.o
    0x08017558   0x08017558   0x0000000c   Code   RO         1685    i.mt_update_GetUpState  mt_update.o
    0x08017564   0x08017564   0x0000000c   Code   RO         1687    i.mt_update_SetUpState  mt_update.o
    0x08017570   0x08017570   0x000000b0   Code   RO         1688    i.mt_update_pro     mt_update.o
    0x08017620   0x08017620   0x000001b0   Code   RO         1689    i.mt_update_upingPro  mt_update.o
    0x080177d0   0x080177d0   0x00000028   Code   RO         1690    i.mt_update_upingStart  mt_update.o
    0x080177f8   0x080177f8   0x00000038   Code   RO         1183    i.mt_wifi_CwstateResposePro  mt_wifi.o
    0x08017830   0x08017830   0x00000014   Code   RO         1184    i.mt_wifi_LinkState_rssi  mt_wifi.o
    0x08017844   0x08017844   0x00000072   Code   RO         1185    i.mt_wifi_MQTTRECVResposePro  mt_wifi.o
    0x080178b6   0x080178b6   0x00000002   PAD
    0x080178b8   0x080178b8   0x00000194   Code   RO         1591    i.mt_wifi_Mqtt_DatUpdataTask  mt_protocol.o
    0x08017a4c   0x08017a4c   0x00000360   Code   RO         1186    i.mt_wifi_Mqtt_Pro  mt_wifi.o
    0x08017dac   0x08017dac   0x0000010c   Code   RO         1187    i.mt_wifi_Mqtt_SentDat  mt_wifi.o
    0x08017eb8   0x08017eb8   0x00000088   Code   RO         1188    i.mt_wifi_PowerManage  mt_wifi.o
    0x08017f40   0x08017f40   0x00000020   Code   RO         1189    i.mt_wifi_RxMsgInput  mt_wifi.o
    0x08017f60   0x08017f60   0x0000001c   Code   RO         1190    i.mt_wifi_changMqttState  mt_wifi.o
    0x08017f7c   0x08017f7c   0x0000001c   Code   RO         1191    i.mt_wifi_changState  mt_wifi.o
    0x08017f98   0x08017f98   0x00000012   Code   RO         1192    i.mt_wifi_exit_SmartConfig  mt_wifi.o
    0x08017faa   0x08017faa   0x00000002   PAD
    0x08017fac   0x08017fac   0x0000000c   Code   RO         1193    i.mt_wifi_get_wifi_Mqtt_state  mt_wifi.o
    0x08017fb8   0x08017fb8   0x0000000c   Code   RO         1194    i.mt_wifi_get_wifi_work_state  mt_wifi.o
    0x08017fc4   0x08017fc4   0x0000008c   Code   RO         1195    i.mt_wifi_init      mt_wifi.o
    0x08018050   0x08018050   0x00000014   Code   RO         1196    i.mt_wifi_pro       mt_wifi.o
    0x08018064   0x08018064   0x00000088   Code   RO         1764    i.server_icon_Display  app.o
    0x080180ec   0x080180ec   0x0000022c   Code   RO         1765    i.showSystemTime    app.o
    0x08018318   0x08018318   0x000000b8   Code   RO         1766    i.stgMenu_AlarmRecordCBS  app.o
    0x080183d0   0x080183d0   0x00000904   Code   RO         1767    i.stgMenu_DTCListCBS  app.o
    0x08018cd4   0x08018cd4   0x00000244   Code   RO         1768    i.stgMenu_FactorySettingsCBS  app.o
    0x08018f18   0x08018f18   0x0000025c   Code   RO         1769    i.stgMenu_LearnSensorCBS  app.o
    0x08019174   0x08019174   0x000000e0   Code   RO         1770    i.stgMenu_LoraDetectorApplyNetPro  app.o
    0x08019254   0x08019254   0x00000374   Code   RO         1771    i.stgMenu_MachineInfoCBS  app.o
    0x080195c8   0x080195c8   0x0000025c   Code   RO         1772    i.stgMenu_MainMenuCBS  app.o
    0x08019824   0x08019824   0x0000035c   Code   RO         1773    i.stgMenu_PN_EnterNbCBS  app.o
    0x08019b80   0x08019b80   0x00000490   Code   RO         1774    i.stgMenu_PasswordCBS  app.o
    0x0801a010   0x0801a010   0x000002b8   Code   RO         1775    i.stgMenu_PhoneNumberCBS  app.o
    0x0801a2c8   0x0801a2c8   0x00000474   Code   RO         1776    i.stgMenu_WifiCBS   app.o
    0x0801a73c   0x0801a73c   0x00000278   Code   RO         1777    i.stgMenu_dl_DeleteCBS  app.o
    0x0801a9b4   0x0801a9b4   0x0000048c   Code   RO         1778    i.stgMenu_dl_EditCBS  app.o
    0x0801ae40   0x0801ae40   0x00000328   Code   RO         1779    i.stgMenu_dl_ReviewCBS  app.o
    0x0801b168   0x0801b168   0x00000278   Code   RO         1780    i.stgMenu_dl_ReviewMainCBS  app.o
    0x0801b3e0   0x0801b3e0   0x00000048   Code   RO         1781    i.str_lora_loracommPro  app.o
    0x0801b428   0x0801b428   0x00000184   Code   RO         1782    i.systemAlarmDialSmsHandle  app.o
    0x0801b5ac   0x0801b5ac   0x000003dc   Code   RO         1783    i.systemAlarmHandleCBS  app.o
    0x0801b988   0x0801b988   0x00000348   Code   RO         1784    i.systemAlarmKeyDisArmHandleCBS  app.o
    0x0801bcd0   0x0801bcd0   0x00000198   Code   RO         1785    i.temHum_icon_Display  app.o
    0x0801be68   0x0801be68   0x000000a4   Code   RO         1786    i.wifi_icon_Display  app.o
    0x0801bf0c   0x0801bf0c   0x00007364   Data   RO         1070    .constdata          lcdfont.o
    0x08023270   0x08023270   0x00000020   Data   RO         1130    .constdata          mt_api.o
    0x08023290   0x08023290   0x0000055e   Data   RO         1198    .constdata          mt_wifi.o
    0x080237ee   0x080237ee   0x00000b90   Data   RO         1338    .constdata          mt_4g.o
    0x0802437e   0x0802437e   0x0000016f   Data   RO         1593    .constdata          mt_protocol.o
    0x080244ed   0x080244ed   0x0000010e   Data   RO         1788    .constdata          app.o
    0x080245fb   0x080245fb   0x00000001   PAD
    0x080245fc   0x080245fc   0x00000141   Data   RO         1789    .conststring        app.o
    0x0802473d   0x0802473d   0x00000003   PAD
    0x08024740   0x08024740   0x00000020   Data   RO         5533    Region$$Table       anon$$obj.o


    Execution Region RW_IRAM1 (Exec base: 0x20000000, Load base: 0x08024760, Size: 0x000081c0, Max: 0x00010000, ABSOLUTE, COMPRESSED[0x00000198])

    Exec Addr    Load Addr    Size         Type   Attr      Idx    E Section Name        Object

    0x20000000   COMPRESSED   0x00000002   Data   RW          198    .data               hal_gpio.o
    0x20000002   COMPRESSED   0x0000002f   Data   RW          348    .data               hal_wtn6.o
    0x20000031   COMPRESSED   0x00000003   PAD
    0x20000034   COMPRESSED   0x00000004   Data   RW          429    .data               hal_al6630.o
    0x20000038   COMPRESSED   0x00000018   Data   RW          486    .data               hal_key.o
    0x20000050   COMPRESSED   0x00000012   Data   RW          558    .data               hal_uart.o
    0x20000062   COMPRESSED   0x00000004   Data   RW          668    .data               hal_adc.o
    0x20000066   COMPRESSED   0x00000002   PAD
    0x20000068   COMPRESSED   0x00000014   Data   RW          897    .data               system_stm32f10x.o
    0x2000007c   COMPRESSED   0x0000001d   Data   RW         1199    .data               mt_wifi.o
    0x20000099   COMPRESSED   0x00000003   PAD
    0x2000009c   COMPRESSED   0x00000018   Data   RW         1339    .data               mt_4g.o
    0x200000b4   COMPRESSED   0x00000002   Data   RW         1550    .data               mt_driver.o
    0x200000b6   COMPRESSED   0x00000001   Data   RW         1594    .data               mt_protocol.o
    0x200000b7   COMPRESSED   0x00000001   PAD
    0x200000b8   COMPRESSED   0x0000000b   Data   RW         1692    .data               mt_update.o
    0x200000c3   COMPRESSED   0x00000001   PAD
    0x200000c4   COMPRESSED   0x000004d4   Data   RW         1790    .data               app.o
    0x20000598   COMPRESSED   0x0000000c   Data   RW         1997    .data               para.o
    0x200005a4   COMPRESSED   0x00000004   Data   RW         2074    .data               os_system.o
    0x200005a8   COMPRESSED   0x00000014   Data   RW         3790    .data               stm32f10x_rcc.o
    0x200005bc   COMPRESSED   0x00000040   Data   RW         5223    .data               MT_MD5.lib(mt_md5.o)
    0x200005fc   COMPRESSED   0x0000000a   Data   RW         5288    .data               mt_lora.lib(mt_lora.o)
    0x20000606   COMPRESSED   0x00000002   PAD
    0x20000608        -       0x00000024   Zero   RW          131    .bss                hal_timer.o
    0x2000062c        -       0x00000014   Zero   RW          428    .bss                hal_al6630.o
    0x20000640        -       0x00000070   Zero   RW          485    .bss                hal_key.o
    0x200006b0        -       0x0000040c   Zero   RW          557    .bss                hal_uart.o
    0x20000abc        -       0x00000018   Zero   RW          667    .bss                hal_adc.o
    0x20000ad4        -       0x00000280   Zero   RW         1011    .bss                mt_tftlcd.o
    0x20000d54        -       0x0000156c   Zero   RW         1197    .bss                mt_wifi.o
    0x200022c0        -       0x00001c78   Zero   RW         1337    .bss                mt_4g.o
    0x20003f38        -       0x000000b3   Zero   RW         1492    .bss                mt_mqtt.o
    0x20003feb   COMPRESSED   0x00000001   PAD
    0x20003fec        -       0x0000002c   Zero   RW         1592    .bss                mt_protocol.o
    0x20004018        -       0x00000018   Zero   RW         1691    .bss                mt_update.o
    0x20004030        -       0x00000788   Zero   RW         1787    .bss                app.o
    0x200047b8        -       0x000004b0   Zero   RW         1996    .bss                para.o
    0x20004c68        -       0x00000024   Zero   RW         2073    .bss                os_system.o
    0x20004c8c        -       0x00000058   Zero   RW         5222    .bss                MT_MD5.lib(mt_md5.o)
    0x20004ce4        -       0x0000027c   Zero   RW         5287    .bss                mt_lora.lib(mt_lora.o)
    0x20004f60        -       0x00000060   Zero   RW         5405    .bss                c_w.l(libspace.o)
    0x20004fc0        -       0x00000200   Zero   RW         2177    HEAP                startup_stm32f10x_cl.o
    0x200051c0        -       0x00003000   Zero   RW         2176    STACK               startup_stm32f10x_cl.o


==============================================================================

Image component sizes


      Code (inc. data)   RO Data    RW Data    ZI Data      Debug   Object Name

     24200       2862        591       1236       1928      43144   app.o
       174         20          0          0          0      17886   cpu.o
       604         52          0          4         24       3721   hal_adc.o
       768         60          0          4         20       4762   hal_al6630.o
      1166         28          0          0          0       9185   hal_eeprom.o
       304         20          0          0          0       1865   hal_flash.o
       306         44          0          2          0       4648   hal_gpio.o
       720        110          0         24        112       6534   hal_key.o
       172         14          0          0          0     303070   hal_led.o
        64          0          0          0          0       4107   hal_task.o
       590         62          0          0          0       5409   hal_tftlcd.o
       448         38          0          0         36       7527   hal_timer.o
      1560        198          0         18       1036      14619   hal_uart.o
       608        106          0         47          0       3591   hal_wtn6.o
         0          0      29540          0          0        866   lcdfont.o
        96         12          0          0          0        503   main.o
       152         30          0          0          0       2337   misc.o
      6104        340       2960         24       7288      25848   mt_4g.o
       622         10         32          0          0       5708   mt_api.o
       168         24          0          2          0       2107   mt_driver.o
       570          0          0          0          0       6499   mt_flash.o
       528         60          0          0        179       5292   mt_mqtt.o
      4510        188        367          1         44      19420   mt_protocol.o
        56          0          0          0          0       6701   mt_task.o
      1276         28          0          0        640       7427   mt_tftlcd.o
       828         70          0         11         24       6203   mt_update.o
      3294        222       1374         29       5484      15532   mt_wifi.o
       588         32          0          4         36       6327   os_system.o
      3040         76          0         12       1200      10752   para.o
        64         26        336          0      12800        852   startup_stm32f10x_cl.o
       394         10          0          0          0       8741   stm32f10x_adc.o
       506         26          0          0          0       5591   stm32f10x_dma.o
       476          6          0          0          0       6215   stm32f10x_gpio.o
        24          0          0          0          0     234200   stm32f10x_it.o
       584         62          0         20          0       8047   stm32f10x_rcc.o
       130          0          0          0          0       4883   stm32f10x_spi.o
      1586        214          0          0          0      13143   stm32f10x_tim.o
       490          6          0          0          0       8042   stm32f10x_usart.o
       396         32          0         20          0       2349   system_stm32f10x.o

    ----------------------------------------------------------------------
     58214       5088      35236       1468      30852     843653   Object Totals
         0          0         32          0          0          0   (incl. Generated)
        48          0          4         10          1          0   (incl. Padding)

    ----------------------------------------------------------------------

      Code (inc. data)   RO Data    RW Data    ZI Data      Debug   Library Member Name

      2572        272          0         64         88       6601   mt_md5.o
        90          0          0          0          0          0   __dczerorl2.o
         8          0          0          0          0         68   __main.o
         0          0          0          0          0          0   __rtentry.o
        12          0          0          0          0          0   __rtentry2.o
         6          0          0          0          0          0   __rtentry4.o
        52          8          0          0          0          0   __scatter.o
        28          0          0          0          0          0   __scatter_zi.o
        16          0          0          0          0         68   aeabi_memset.o
        18          0          0          0          0         80   exit.o
         6          0          0          0          0        152   heapauxi.o
         0          0          0          0          0          0   indicate_semi.o
         2          0          0          0          0          0   libinit.o
         2          0          0          0          0          0   libinit2.o
         2          0          0          0          0          0   libshutdown.o
         2          0          0          0          0          0   libshutdown2.o
         8          4          0          0         96         68   libspace.o
        68          0          0          0          0         68   rt_memclr.o
        78          0          0          0          0         80   rt_memclr_w.o
       138          0          0          0          0         68   rt_memcpy_v6.o
       100          0          0          0          0         80   rt_memcpy_w.o
         2          0          0          0          0          0   rtexit.o
        10          0          0          0          0          0   rtexit2.o
        24          0          0          0          0         68   strcat.o
        62          0          0          0          0         76   strlen.o
        12          4          0          0          0         68   sys_exit.o
        74          0          0          0          0         80   sys_stackheap_outer.o
         2          0          0          0          0         68   use_no_semi.o
      1294         84          0         10        636      10179   mt_lora.o

    ----------------------------------------------------------------------
      4694        372          0         76        820      17872   Library Totals
         6          0          0          2          0          0   (incl. Padding)

    ----------------------------------------------------------------------

      Code (inc. data)   RO Data    RW Data    ZI Data      Debug   Library Name

      2572        272          0         64         88       6601   MT_MD5.lib
       822         16          0          0         96       1092   c_w.l
      1294         84          0         10        636      10179   mt_lora.lib

    ----------------------------------------------------------------------
      4694        372          0         76        820      17872   Library Totals

    ----------------------------------------------------------------------

==============================================================================


      Code (inc. data)   RO Data    RW Data    ZI Data      Debug   

     62908       5460      35236       1544      31672     841969   Grand Totals
     62908       5460      35236        408      31672     841969   ELF Image Totals (compressed)
     62908       5460      35236        408          0          0   ROM Totals

==============================================================================

    Total RO  Size (Code + RO Data)                98144 (  95.84kB)
    Total RW  Size (RW Data + ZI Data)             33216 (  32.44kB)
    Total ROM Size (Code + RO Data + RW Data)      98552 (  96.24kB)

==============================================================================

