<!doctype html public "-//w3c//dtd html 4.0 transitional//en">
<html><head>
<title>Static Call Graph - [.\Objects\WG02.axf]</title></head>
<body><HR>
<H1>Static Call Graph for image .\Objects\WG02.axf</H1><HR>
<BR><P>#&#060CALLGRAPH&#062# ARM Linker, 5060960: Last Updated: Thu Jan 11 14:43:58 2024
<BR><P>
<H3>Maximum Stack Usage =       4320 bytes + Unknown(Functions without stacksize, Cycles, Untraceable Function Pointers)</H3><H3>
Call chain for Maximum Stack Depth:</H3>
mt_flash_SaveDat &rArr; mt_flashWrite &rArr; mt_flashWrite_Secor &rArr; mt_flashWritePage &rArr; mt_flashWaitBusy &rArr; mt_flashReadSR &rArr; hal_spi2ReadWriteByte
<P>
<H3>
Functions with no stack information
</H3><UL>
 <LI><a href="#[8f]">__user_initial_stackheap</a>
</UL>
</UL>
<P>
<H3>
Mutually Recursive functions
</H3> <LI><a href="#[3c]">ADC1_2_IRQHandler</a>&nbsp;&nbsp;&nbsp;&rArr;&nbsp;&nbsp;&nbsp;<a href="#[3c]">ADC1_2_IRQHandler</a><BR>
</UL>
<P>
<H3>
Function Pointers
</H3><UL>
 <LI><a href="#[3c]">ADC1_2_IRQHandler</a> from startup_stm32f10x_cl.o(.text) referenced from startup_stm32f10x_cl.o(RESET)
 <LI><a href="#[24]">BusFault_Handler</a> from stm32f10x_it.o(i.BusFault_Handler) referenced from startup_stm32f10x_cl.o(RESET)
 <LI><a href="#[3e]">CAN1_RX0_IRQHandler</a> from startup_stm32f10x_cl.o(.text) referenced from startup_stm32f10x_cl.o(RESET)
 <LI><a href="#[3f]">CAN1_RX1_IRQHandler</a> from startup_stm32f10x_cl.o(.text) referenced from startup_stm32f10x_cl.o(RESET)
 <LI><a href="#[40]">CAN1_SCE_IRQHandler</a> from startup_stm32f10x_cl.o(.text) referenced from startup_stm32f10x_cl.o(RESET)
 <LI><a href="#[3d]">CAN1_TX_IRQHandler</a> from startup_stm32f10x_cl.o(.text) referenced from startup_stm32f10x_cl.o(RESET)
 <LI><a href="#[63]">CAN2_RX0_IRQHandler</a> from startup_stm32f10x_cl.o(.text) referenced from startup_stm32f10x_cl.o(RESET)
 <LI><a href="#[64]">CAN2_RX1_IRQHandler</a> from startup_stm32f10x_cl.o(.text) referenced from startup_stm32f10x_cl.o(RESET)
 <LI><a href="#[65]">CAN2_SCE_IRQHandler</a> from startup_stm32f10x_cl.o(.text) referenced from startup_stm32f10x_cl.o(RESET)
 <LI><a href="#[62]">CAN2_TX_IRQHandler</a> from startup_stm32f10x_cl.o(.text) referenced from startup_stm32f10x_cl.o(RESET)
 <LI><a href="#[35]">DMA1_Channel1_IRQHandler</a> from startup_stm32f10x_cl.o(.text) referenced from startup_stm32f10x_cl.o(RESET)
 <LI><a href="#[36]">DMA1_Channel2_IRQHandler</a> from startup_stm32f10x_cl.o(.text) referenced from startup_stm32f10x_cl.o(RESET)
 <LI><a href="#[37]">DMA1_Channel3_IRQHandler</a> from startup_stm32f10x_cl.o(.text) referenced from startup_stm32f10x_cl.o(RESET)
 <LI><a href="#[38]">DMA1_Channel4_IRQHandler</a> from hal_uart.o(i.DMA1_Channel4_IRQHandler) referenced from startup_stm32f10x_cl.o(RESET)
 <LI><a href="#[39]">DMA1_Channel5_IRQHandler</a> from startup_stm32f10x_cl.o(.text) referenced from startup_stm32f10x_cl.o(RESET)
 <LI><a href="#[3a]">DMA1_Channel6_IRQHandler</a> from startup_stm32f10x_cl.o(.text) referenced from startup_stm32f10x_cl.o(RESET)
 <LI><a href="#[3b]">DMA1_Channel7_IRQHandler</a> from startup_stm32f10x_cl.o(.text) referenced from startup_stm32f10x_cl.o(RESET)
 <LI><a href="#[5b]">DMA2_Channel1_IRQHandler</a> from startup_stm32f10x_cl.o(.text) referenced from startup_stm32f10x_cl.o(RESET)
 <LI><a href="#[5c]">DMA2_Channel2_IRQHandler</a> from startup_stm32f10x_cl.o(.text) referenced from startup_stm32f10x_cl.o(RESET)
 <LI><a href="#[5d]">DMA2_Channel3_IRQHandler</a> from startup_stm32f10x_cl.o(.text) referenced from startup_stm32f10x_cl.o(RESET)
 <LI><a href="#[5e]">DMA2_Channel4_IRQHandler</a> from startup_stm32f10x_cl.o(.text) referenced from startup_stm32f10x_cl.o(RESET)
 <LI><a href="#[5f]">DMA2_Channel5_IRQHandler</a> from startup_stm32f10x_cl.o(.text) referenced from startup_stm32f10x_cl.o(RESET)
 <LI><a href="#[27]">DebugMon_Handler</a> from stm32f10x_it.o(i.DebugMon_Handler) referenced from startup_stm32f10x_cl.o(RESET)
 <LI><a href="#[60]">ETH_IRQHandler</a> from startup_stm32f10x_cl.o(.text) referenced from startup_stm32f10x_cl.o(RESET)
 <LI><a href="#[61]">ETH_WKUP_IRQHandler</a> from startup_stm32f10x_cl.o(.text) referenced from startup_stm32f10x_cl.o(RESET)
 <LI><a href="#[30]">EXTI0_IRQHandler</a> from startup_stm32f10x_cl.o(.text) referenced from startup_stm32f10x_cl.o(RESET)
 <LI><a href="#[52]">EXTI15_10_IRQHandler</a> from startup_stm32f10x_cl.o(.text) referenced from startup_stm32f10x_cl.o(RESET)
 <LI><a href="#[31]">EXTI1_IRQHandler</a> from startup_stm32f10x_cl.o(.text) referenced from startup_stm32f10x_cl.o(RESET)
 <LI><a href="#[32]">EXTI2_IRQHandler</a> from startup_stm32f10x_cl.o(.text) referenced from startup_stm32f10x_cl.o(RESET)
 <LI><a href="#[33]">EXTI3_IRQHandler</a> from startup_stm32f10x_cl.o(.text) referenced from startup_stm32f10x_cl.o(RESET)
 <LI><a href="#[34]">EXTI4_IRQHandler</a> from startup_stm32f10x_cl.o(.text) referenced from startup_stm32f10x_cl.o(RESET)
 <LI><a href="#[41]">EXTI9_5_IRQHandler</a> from startup_stm32f10x_cl.o(.text) referenced from startup_stm32f10x_cl.o(RESET)
 <LI><a href="#[2e]">FLASH_IRQHandler</a> from startup_stm32f10x_cl.o(.text) referenced from startup_stm32f10x_cl.o(RESET)
 <LI><a href="#[22]">HardFault_Handler</a> from stm32f10x_it.o(i.HardFault_Handler) referenced from startup_stm32f10x_cl.o(RESET)
 <LI><a href="#[4a]">I2C1_ER_IRQHandler</a> from startup_stm32f10x_cl.o(.text) referenced from startup_stm32f10x_cl.o(RESET)
 <LI><a href="#[49]">I2C1_EV_IRQHandler</a> from startup_stm32f10x_cl.o(.text) referenced from startup_stm32f10x_cl.o(RESET)
 <LI><a href="#[4c]">I2C2_ER_IRQHandler</a> from startup_stm32f10x_cl.o(.text) referenced from startup_stm32f10x_cl.o(RESET)
 <LI><a href="#[4b]">I2C2_EV_IRQHandler</a> from startup_stm32f10x_cl.o(.text) referenced from startup_stm32f10x_cl.o(RESET)
 <LI><a href="#[69]">KeyEventHandle</a> from app.o(i.KeyEventHandle) referenced from app.o(i.app_task_init)
 <LI><a href="#[23]">MemManage_Handler</a> from stm32f10x_it.o(i.MemManage_Handler) referenced from startup_stm32f10x_cl.o(RESET)
 <LI><a href="#[21]">NMI_Handler</a> from stm32f10x_it.o(i.NMI_Handler) referenced from startup_stm32f10x_cl.o(RESET)
 <LI><a href="#[66]">OTG_FS_IRQHandler</a> from startup_stm32f10x_cl.o(.text) referenced from startup_stm32f10x_cl.o(RESET)
 <LI><a href="#[54]">OTG_FS_WKUP_IRQHandler</a> from startup_stm32f10x_cl.o(.text) referenced from startup_stm32f10x_cl.o(RESET)
 <LI><a href="#[2b]">PVD_IRQHandler</a> from startup_stm32f10x_cl.o(.text) referenced from startup_stm32f10x_cl.o(RESET)
 <LI><a href="#[28]">PendSV_Handler</a> from stm32f10x_it.o(i.PendSV_Handler) referenced from startup_stm32f10x_cl.o(RESET)
 <LI><a href="#[2f]">RCC_IRQHandler</a> from startup_stm32f10x_cl.o(.text) referenced from startup_stm32f10x_cl.o(RESET)
 <LI><a href="#[53]">RTCAlarm_IRQHandler</a> from startup_stm32f10x_cl.o(.text) referenced from startup_stm32f10x_cl.o(RESET)
 <LI><a href="#[2d]">RTC_IRQHandler</a> from startup_stm32f10x_cl.o(.text) referenced from startup_stm32f10x_cl.o(RESET)
 <LI><a href="#[20]">Reset_Handler</a> from startup_stm32f10x_cl.o(.text) referenced from startup_stm32f10x_cl.o(RESET)
 <LI><a href="#[4d]">SPI1_IRQHandler</a> from startup_stm32f10x_cl.o(.text) referenced from startup_stm32f10x_cl.o(RESET)
 <LI><a href="#[4e]">SPI2_IRQHandler</a> from startup_stm32f10x_cl.o(.text) referenced from startup_stm32f10x_cl.o(RESET)
 <LI><a href="#[56]">SPI3_IRQHandler</a> from startup_stm32f10x_cl.o(.text) referenced from startup_stm32f10x_cl.o(RESET)
 <LI><a href="#[26]">SVC_Handler</a> from stm32f10x_it.o(i.SVC_Handler) referenced from startup_stm32f10x_cl.o(RESET)
 <LI><a href="#[1e]">S_AlarmModeProc</a> from app.o(i.S_AlarmModeProc) referenced 2 times from app.o(.data)
 <LI><a href="#[1d]">S_DisArmModeProc</a> from app.o(i.S_DisArmModeProc) referenced 2 times from app.o(.data)
 <LI><a href="#[1b]">S_ENArmModeProc</a> from app.o(i.S_ENArmModeProc) referenced 2 times from app.o(.data)
 <LI><a href="#[1c]">S_HomeArmModeProc</a> from app.o(i.S_HomeArmModeProc) referenced 2 times from app.o(.data)
 <LI><a href="#[29]">SysTick_Handler</a> from cpu.o(i.SysTick_Handler) referenced from startup_stm32f10x_cl.o(RESET)
 <LI><a href="#[67]">SystemInit</a> from system_stm32f10x.o(i.SystemInit) referenced from startup_stm32f10x_cl.o(.text)
 <LI><a href="#[2c]">TAMPER_IRQHandler</a> from startup_stm32f10x_cl.o(.text) referenced from startup_stm32f10x_cl.o(RESET)
 <LI><a href="#[42]">TIM1_BRK_IRQHandler</a> from startup_stm32f10x_cl.o(.text) referenced from startup_stm32f10x_cl.o(RESET)
 <LI><a href="#[45]">TIM1_CC_IRQHandler</a> from startup_stm32f10x_cl.o(.text) referenced from startup_stm32f10x_cl.o(RESET)
 <LI><a href="#[44]">TIM1_TRG_COM_IRQHandler</a> from startup_stm32f10x_cl.o(.text) referenced from startup_stm32f10x_cl.o(RESET)
 <LI><a href="#[43]">TIM1_UP_IRQHandler</a> from startup_stm32f10x_cl.o(.text) referenced from startup_stm32f10x_cl.o(RESET)
 <LI><a href="#[46]">TIM2_IRQHandler</a> from startup_stm32f10x_cl.o(.text) referenced from startup_stm32f10x_cl.o(RESET)
 <LI><a href="#[47]">TIM3_IRQHandler</a> from hal_al6630.o(i.TIM3_IRQHandler) referenced from startup_stm32f10x_cl.o(RESET)
 <LI><a href="#[48]">TIM4_IRQHandler</a> from hal_timer.o(i.TIM4_IRQHandler) referenced from startup_stm32f10x_cl.o(RESET)
 <LI><a href="#[55]">TIM5_IRQHandler</a> from startup_stm32f10x_cl.o(.text) referenced from startup_stm32f10x_cl.o(RESET)
 <LI><a href="#[59]">TIM6_IRQHandler</a> from startup_stm32f10x_cl.o(.text) referenced from startup_stm32f10x_cl.o(RESET)
 <LI><a href="#[5a]">TIM7_IRQHandler</a> from startup_stm32f10x_cl.o(.text) referenced from startup_stm32f10x_cl.o(RESET)
 <LI><a href="#[57]">UART4_IRQHandler</a> from startup_stm32f10x_cl.o(.text) referenced from startup_stm32f10x_cl.o(RESET)
 <LI><a href="#[58]">UART5_IRQHandler</a> from hal_uart.o(i.UART5_IRQHandler) referenced from startup_stm32f10x_cl.o(RESET)
 <LI><a href="#[4f]">USART1_IRQHandler</a> from hal_uart.o(i.USART1_IRQHandler) referenced from startup_stm32f10x_cl.o(RESET)
 <LI><a href="#[50]">USART2_IRQHandler</a> from hal_uart.o(i.USART2_IRQHandler) referenced from startup_stm32f10x_cl.o(RESET)
 <LI><a href="#[51]">USART3_IRQHandler</a> from hal_uart.o(i.USART3_IRQHandler) referenced from startup_stm32f10x_cl.o(RESET)
 <LI><a href="#[25]">UsageFault_Handler</a> from stm32f10x_it.o(i.UsageFault_Handler) referenced from startup_stm32f10x_cl.o(RESET)
 <LI><a href="#[2a]">WWDG_IRQHandler</a> from startup_stm32f10x_cl.o(.text) referenced from startup_stm32f10x_cl.o(RESET)
 <LI><a href="#[79]">__main</a> from __main.o(!!!main) referenced from startup_stm32f10x_cl.o(.text)
 <LI><a href="#[73]">app_task</a> from app.o(i.app_task) referenced from main.o(i.main)
 <LI><a href="#[6c]">detector_off_lineHandle</a> from app.o(i.detector_off_lineHandle) referenced from app.o(i.detector_off_lineInit)
 <LI><a href="#[c]">ganMenu_FirmwareUpdate</a> from app.o(i.ganMenu_FirmwareUpdate) referenced 2 times from app.o(.data)
 <LI><a href="#[8]">gnlMenu_DesktopCBS</a> from app.o(i.gnlMenu_DesktopCBS) referenced 2 times from app.o(.data)
 <LI><a href="#[9]">gnlMenu_DialNumberCBS</a> from app.o(i.gnlMenu_DialNumberCBS) referenced 2 times from app.o(.data)
 <LI><a href="#[a]">gnlMenu_EnterPinCBS</a> from app.o(i.gnlMenu_EnterPinCBS) referenced 2 times from app.o(.data)
 <LI><a href="#[6e]">hal_CPU_Critical_Control</a> from cpu.o(i.hal_CPU_Critical_Control) referenced from cpu.o(i.hal_CPUInit)
 <LI><a href="#[6f]">hal_LedHandle</a> from hal_led.o(i.hal_LedHandle) referenced from hal_led.o(i.hal_LedInit)
 <LI><a href="#[70]">hal_Wtn6_PlayHandle</a> from hal_wtn6.o(i.hal_Wtn6_PlayHandle) referenced from hal_wtn6.o(i.hal_Wtn6_PlayVolue)
 <LI><a href="#[7]">hal_getDB0Sta</a> from hal_key.o(i.hal_getDB0Sta) referenced 2 times from hal_key.o(.data)
 <LI><a href="#[6]">hal_getDB1Sta</a> from hal_key.o(i.hal_getDB1Sta) referenced 2 times from hal_key.o(.data)
 <LI><a href="#[5]">hal_getDB2Sta</a> from hal_key.o(i.hal_getDB2Sta) referenced 2 times from hal_key.o(.data)
 <LI><a href="#[4]">hal_getDB3Sta</a> from hal_key.o(i.hal_getDB3Sta) referenced 2 times from hal_key.o(.data)
 <LI><a href="#[3]">hal_getDB4Sta</a> from hal_key.o(i.hal_getDB4Sta) referenced 2 times from hal_key.o(.data)
 <LI><a href="#[71]">hal_task</a> from hal_task.o(i.hal_task) referenced from main.o(i.main)
 <LI><a href="#[74]">mt_4G_RxMsgInput</a> from mt_4g.o(i.mt_4G_RxMsgInput) referenced from mt_4g.o(i.mt_4g_Init)
 <LI><a href="#[76]">mt_flashRead</a> from mt_flash.o(i.mt_flashRead) referenced from mt_protocol.o(i.mt_protocol_RecDatParsing)
 <LI><a href="#[77]">mt_flash_SaveDat</a> from mt_flash.o(i.mt_flash_SaveDat) referenced from mt_protocol.o(i.mt_protocol_RecDatParsing)
 <LI><a href="#[75]">mt_lora_RxMsgInput</a> from mt_lora.o(i.mt_lora_RxMsgInput) referenced from mt_lora.o(i.mt_lora_init)
 <LI><a href="#[6d]">mt_protocol_GetFirmwarePack</a> from mt_protocol.o(i.mt_protocol_GetFirmwarePack) referenced from app.o(i.ganMenu_FirmwareUpdate)
 <LI><a href="#[72]">mt_task</a> from mt_task.o(i.mt_task) referenced from main.o(i.main)
 <LI><a href="#[78]">mt_wifi_RxMsgInput</a> from mt_wifi.o(i.mt_wifi_RxMsgInput) referenced from mt_wifi.o(i.mt_wifi_init)
 <LI><a href="#[15]">stgMenu_AlarmRecordCBS</a> from app.o(i.stgMenu_AlarmRecordCBS) referenced 2 times from app.o(.data)
 <LI><a href="#[f]">stgMenu_DTCListCBS</a> from app.o(i.stgMenu_DTCListCBS) referenced 2 times from app.o(.data)
 <LI><a href="#[14]">stgMenu_FactorySettingsCBS</a> from app.o(i.stgMenu_FactorySettingsCBS) referenced 2 times from app.o(.data)
 <LI><a href="#[e]">stgMenu_LearnSensorCBS</a> from app.o(i.stgMenu_LearnSensorCBS) referenced 2 times from app.o(.data)
 <LI><a href="#[6a]">stgMenu_LoraDetectorApplyNetPro</a> from app.o(i.stgMenu_LoraDetectorApplyNetPro) referenced from app.o(i.app_task_init)
 <LI><a href="#[13]">stgMenu_MachineInfoCBS</a> from app.o(i.stgMenu_MachineInfoCBS) referenced 2 times from app.o(.data)
 <LI><a href="#[d]">stgMenu_MainMenuCBS</a> from app.o(i.stgMenu_MainMenuCBS) referenced 2 times from app.o(.data)
 <LI><a href="#[1a]">stgMenu_PN_EnterNbCBS</a> from app.o(i.stgMenu_PN_EnterNbCBS) referenced 12 times from app.o(.data)
 <LI><a href="#[11]">stgMenu_PasswordCBS</a> from app.o(i.stgMenu_PasswordCBS) referenced 2 times from app.o(.data)
 <LI><a href="#[12]">stgMenu_PhoneNumberCBS</a> from app.o(i.stgMenu_PhoneNumberCBS) referenced 2 times from app.o(.data)
 <LI><a href="#[10]">stgMenu_WifiCBS</a> from app.o(i.stgMenu_WifiCBS) referenced 2 times from app.o(.data)
 <LI><a href="#[19]">stgMenu_dl_DeleteCBS</a> from app.o(i.stgMenu_dl_DeleteCBS) referenced 2 times from app.o(.data)
 <LI><a href="#[18]">stgMenu_dl_EditCBS</a> from app.o(i.stgMenu_dl_EditCBS) referenced 2 times from app.o(.data)
 <LI><a href="#[17]">stgMenu_dl_ReviewCBS</a> from app.o(i.stgMenu_dl_ReviewCBS) referenced 2 times from app.o(.data)
 <LI><a href="#[16]">stgMenu_dl_ReviewMainCBS</a> from app.o(i.stgMenu_dl_ReviewMainCBS) referenced 2 times from app.o(.data)
 <LI><a href="#[6b]">str_lora_loracommPro</a> from app.o(i.str_lora_loracommPro) referenced from app.o(i.app_task_init)
 <LI><a href="#[1f]">systemAlarmHandleCBS</a> from app.o(i.systemAlarmHandleCBS) referenced 2 times from app.o(.data)
 <LI><a href="#[b]">systemAlarmKeyDisArmHandleCBS</a> from app.o(i.systemAlarmKeyDisArmHandleCBS) referenced 4 times from app.o(.data)
</UL>
<P>
<H3>
Global Symbols
</H3>
<P><STRONG><a name="[79]"></a>__main</STRONG> (Thumb, 8 bytes, Stack size 0 bytes, __main.o(!!!main))
<BR><BR>[Calls]<UL><LI><a href="#[7b]">&gt;&gt;</a>&nbsp;&nbsp;&nbsp;__rt_entry
<LI><a href="#[7a]">&gt;&gt;</a>&nbsp;&nbsp;&nbsp;__scatterload
</UL>

<P><STRONG><a name="[7a]"></a>__scatterload</STRONG> (Thumb, 0 bytes, Stack size unknown bytes, __scatter.o(!!!scatter))
<BR><BR>[Called By]<UL><LI><a href="#[79]">&gt;&gt;</a>&nbsp;&nbsp;&nbsp;__main
</UL>

<P><STRONG><a name="[7c]"></a>__scatterload_rt2</STRONG> (Thumb, 44 bytes, Stack size unknown bytes, __scatter.o(!!!scatter), UNUSED)
<BR><BR>[Calls]<UL><LI><a href="#[7b]">&gt;&gt;</a>&nbsp;&nbsp;&nbsp;__rt_entry
</UL>

<P><STRONG><a name="[1ca]"></a>__scatterload_rt2_thumb_only</STRONG> (Thumb, 0 bytes, Stack size unknown bytes, __scatter.o(!!!scatter), UNUSED)

<P><STRONG><a name="[1cb]"></a>__scatterload_null</STRONG> (Thumb, 0 bytes, Stack size unknown bytes, __scatter.o(!!!scatter), UNUSED)

<P><STRONG><a name="[1cc]"></a>__decompress</STRONG> (Thumb, 90 bytes, Stack size unknown bytes, __dczerorl2.o(!!dczerorl2), UNUSED)

<P><STRONG><a name="[1cd]"></a>__decompress1</STRONG> (Thumb, 0 bytes, Stack size unknown bytes, __dczerorl2.o(!!dczerorl2), UNUSED)

<P><STRONG><a name="[1ce]"></a>__scatterload_zeroinit</STRONG> (Thumb, 28 bytes, Stack size unknown bytes, __scatter_zi.o(!!handler_zi), UNUSED)

<P><STRONG><a name="[80]"></a>__rt_lib_init</STRONG> (Thumb, 0 bytes, Stack size unknown bytes, libinit.o(.ARM.Collect$$libinit$$00000000))
<BR><BR>[Called By]<UL><LI><a href="#[7f]">&gt;&gt;</a>&nbsp;&nbsp;&nbsp;__rt_entry_li
</UL>

<P><STRONG><a name="[1cf]"></a>__rt_lib_init_alloca_1</STRONG> (Thumb, 0 bytes, Stack size unknown bytes, libinit2.o(.ARM.Collect$$libinit$$0000002E))

<P><STRONG><a name="[1d0]"></a>__rt_lib_init_argv_1</STRONG> (Thumb, 0 bytes, Stack size unknown bytes, libinit2.o(.ARM.Collect$$libinit$$0000002C))

<P><STRONG><a name="[1d1]"></a>__rt_lib_init_atexit_1</STRONG> (Thumb, 0 bytes, Stack size unknown bytes, libinit2.o(.ARM.Collect$$libinit$$0000001B))

<P><STRONG><a name="[1d2]"></a>__rt_lib_init_clock_1</STRONG> (Thumb, 0 bytes, Stack size unknown bytes, libinit2.o(.ARM.Collect$$libinit$$00000021))

<P><STRONG><a name="[1d3]"></a>__rt_lib_init_cpp_1</STRONG> (Thumb, 0 bytes, Stack size unknown bytes, libinit2.o(.ARM.Collect$$libinit$$00000032))

<P><STRONG><a name="[1d4]"></a>__rt_lib_init_exceptions_1</STRONG> (Thumb, 0 bytes, Stack size unknown bytes, libinit2.o(.ARM.Collect$$libinit$$00000030))

<P><STRONG><a name="[1d5]"></a>__rt_lib_init_fp_1</STRONG> (Thumb, 0 bytes, Stack size unknown bytes, libinit2.o(.ARM.Collect$$libinit$$00000002))

<P><STRONG><a name="[1d6]"></a>__rt_lib_init_fp_trap_1</STRONG> (Thumb, 0 bytes, Stack size unknown bytes, libinit2.o(.ARM.Collect$$libinit$$0000001F))

<P><STRONG><a name="[1d7]"></a>__rt_lib_init_getenv_1</STRONG> (Thumb, 0 bytes, Stack size unknown bytes, libinit2.o(.ARM.Collect$$libinit$$00000023))

<P><STRONG><a name="[1d8]"></a>__rt_lib_init_heap_1</STRONG> (Thumb, 0 bytes, Stack size unknown bytes, libinit2.o(.ARM.Collect$$libinit$$0000000A))

<P><STRONG><a name="[1d9]"></a>__rt_lib_init_lc_collate_1</STRONG> (Thumb, 0 bytes, Stack size unknown bytes, libinit2.o(.ARM.Collect$$libinit$$00000011))

<P><STRONG><a name="[1da]"></a>__rt_lib_init_lc_ctype_1</STRONG> (Thumb, 0 bytes, Stack size unknown bytes, libinit2.o(.ARM.Collect$$libinit$$00000013))

<P><STRONG><a name="[1db]"></a>__rt_lib_init_lc_monetary_1</STRONG> (Thumb, 0 bytes, Stack size unknown bytes, libinit2.o(.ARM.Collect$$libinit$$00000015))

<P><STRONG><a name="[1dc]"></a>__rt_lib_init_lc_numeric_1</STRONG> (Thumb, 0 bytes, Stack size unknown bytes, libinit2.o(.ARM.Collect$$libinit$$00000017))

<P><STRONG><a name="[1dd]"></a>__rt_lib_init_lc_time_1</STRONG> (Thumb, 0 bytes, Stack size unknown bytes, libinit2.o(.ARM.Collect$$libinit$$00000019))

<P><STRONG><a name="[1de]"></a>__rt_lib_init_preinit_1</STRONG> (Thumb, 0 bytes, Stack size unknown bytes, libinit2.o(.ARM.Collect$$libinit$$00000004))

<P><STRONG><a name="[1df]"></a>__rt_lib_init_rand_1</STRONG> (Thumb, 0 bytes, Stack size unknown bytes, libinit2.o(.ARM.Collect$$libinit$$0000000E))

<P><STRONG><a name="[1e0]"></a>__rt_lib_init_return</STRONG> (Thumb, 0 bytes, Stack size unknown bytes, libinit2.o(.ARM.Collect$$libinit$$00000033))

<P><STRONG><a name="[1e1]"></a>__rt_lib_init_signal_1</STRONG> (Thumb, 0 bytes, Stack size unknown bytes, libinit2.o(.ARM.Collect$$libinit$$0000001D))

<P><STRONG><a name="[1e2]"></a>__rt_lib_init_stdio_1</STRONG> (Thumb, 0 bytes, Stack size unknown bytes, libinit2.o(.ARM.Collect$$libinit$$00000025))

<P><STRONG><a name="[1e3]"></a>__rt_lib_init_user_alloc_1</STRONG> (Thumb, 0 bytes, Stack size unknown bytes, libinit2.o(.ARM.Collect$$libinit$$0000000C))

<P><STRONG><a name="[85]"></a>__rt_lib_shutdown</STRONG> (Thumb, 0 bytes, Stack size unknown bytes, libshutdown.o(.ARM.Collect$$libshutdown$$00000000))
<BR><BR>[Called By]<UL><LI><a href="#[84]">&gt;&gt;</a>&nbsp;&nbsp;&nbsp;__rt_exit_ls
</UL>

<P><STRONG><a name="[1e4]"></a>__rt_lib_shutdown_cpp_1</STRONG> (Thumb, 0 bytes, Stack size unknown bytes, libshutdown2.o(.ARM.Collect$$libshutdown$$00000004))

<P><STRONG><a name="[1e5]"></a>__rt_lib_shutdown_fini_1</STRONG> (Thumb, 0 bytes, Stack size unknown bytes, libshutdown2.o(.ARM.Collect$$libshutdown$$00000002))

<P><STRONG><a name="[1e6]"></a>__rt_lib_shutdown_fp_trap_1</STRONG> (Thumb, 0 bytes, Stack size unknown bytes, libshutdown2.o(.ARM.Collect$$libshutdown$$00000009))

<P><STRONG><a name="[1e7]"></a>__rt_lib_shutdown_heap_1</STRONG> (Thumb, 0 bytes, Stack size unknown bytes, libshutdown2.o(.ARM.Collect$$libshutdown$$00000011))

<P><STRONG><a name="[1e8]"></a>__rt_lib_shutdown_return</STRONG> (Thumb, 0 bytes, Stack size unknown bytes, libshutdown2.o(.ARM.Collect$$libshutdown$$00000012))

<P><STRONG><a name="[1e9]"></a>__rt_lib_shutdown_signal_1</STRONG> (Thumb, 0 bytes, Stack size unknown bytes, libshutdown2.o(.ARM.Collect$$libshutdown$$0000000C))

<P><STRONG><a name="[1ea]"></a>__rt_lib_shutdown_stdio_1</STRONG> (Thumb, 0 bytes, Stack size unknown bytes, libshutdown2.o(.ARM.Collect$$libshutdown$$00000006))

<P><STRONG><a name="[1eb]"></a>__rt_lib_shutdown_user_alloc_1</STRONG> (Thumb, 0 bytes, Stack size unknown bytes, libshutdown2.o(.ARM.Collect$$libshutdown$$0000000E))

<P><STRONG><a name="[7b]"></a>__rt_entry</STRONG> (Thumb, 0 bytes, Stack size unknown bytes, __rtentry.o(.ARM.Collect$$rtentry$$00000000))
<BR><BR>[Called By]<UL><LI><a href="#[79]">&gt;&gt;</a>&nbsp;&nbsp;&nbsp;__main
<LI><a href="#[7c]">&gt;&gt;</a>&nbsp;&nbsp;&nbsp;__scatterload_rt2
</UL>

<P><STRONG><a name="[1ec]"></a>__rt_entry_presh_1</STRONG> (Thumb, 0 bytes, Stack size unknown bytes, __rtentry2.o(.ARM.Collect$$rtentry$$00000002))

<P><STRONG><a name="[7d]"></a>__rt_entry_sh</STRONG> (Thumb, 0 bytes, Stack size unknown bytes, __rtentry4.o(.ARM.Collect$$rtentry$$00000004))
<BR><BR>[Stack]<UL><LI>Max Depth = 8 + Unknown Stack Size
<LI>Call Chain = __rt_entry_sh &rArr; __user_setup_stackheap
</UL>
<BR>[Calls]<UL><LI><a href="#[7e]">&gt;&gt;</a>&nbsp;&nbsp;&nbsp;__user_setup_stackheap
</UL>

<P><STRONG><a name="[7f]"></a>__rt_entry_li</STRONG> (Thumb, 0 bytes, Stack size unknown bytes, __rtentry2.o(.ARM.Collect$$rtentry$$0000000A))
<BR><BR>[Calls]<UL><LI><a href="#[80]">&gt;&gt;</a>&nbsp;&nbsp;&nbsp;__rt_lib_init
</UL>

<P><STRONG><a name="[1ed]"></a>__rt_entry_postsh_1</STRONG> (Thumb, 0 bytes, Stack size unknown bytes, __rtentry2.o(.ARM.Collect$$rtentry$$00000009))

<P><STRONG><a name="[81]"></a>__rt_entry_main</STRONG> (Thumb, 0 bytes, Stack size unknown bytes, __rtentry2.o(.ARM.Collect$$rtentry$$0000000D))
<BR><BR>[Stack]<UL><LI>Max Depth = 596 + Unknown Stack Size
<LI>Call Chain = __rt_entry_main &rArr; main &rArr; mt_task_init &rArr; mt_mqtt_init &rArr; mt_md5_EncipherPassWord &rArr; MD5Final &rArr; MD5Update &rArr; MD5Transform &rArr; MD5Decode
</UL>
<BR>[Calls]<UL><LI><a href="#[82]">&gt;&gt;</a>&nbsp;&nbsp;&nbsp;main
<LI><a href="#[83]">&gt;&gt;</a>&nbsp;&nbsp;&nbsp;exit
</UL>

<P><STRONG><a name="[1ee]"></a>__rt_entry_postli_1</STRONG> (Thumb, 0 bytes, Stack size unknown bytes, __rtentry2.o(.ARM.Collect$$rtentry$$0000000C))

<P><STRONG><a name="[90]"></a>__rt_exit</STRONG> (Thumb, 0 bytes, Stack size unknown bytes, rtexit.o(.ARM.Collect$$rtexit$$00000000))
<BR><BR>[Called By]<UL><LI><a href="#[83]">&gt;&gt;</a>&nbsp;&nbsp;&nbsp;exit
</UL>

<P><STRONG><a name="[84]"></a>__rt_exit_ls</STRONG> (Thumb, 0 bytes, Stack size unknown bytes, rtexit2.o(.ARM.Collect$$rtexit$$00000003))
<BR><BR>[Calls]<UL><LI><a href="#[85]">&gt;&gt;</a>&nbsp;&nbsp;&nbsp;__rt_lib_shutdown
</UL>

<P><STRONG><a name="[1ef]"></a>__rt_exit_prels_1</STRONG> (Thumb, 0 bytes, Stack size unknown bytes, rtexit2.o(.ARM.Collect$$rtexit$$00000002))

<P><STRONG><a name="[86]"></a>__rt_exit_exit</STRONG> (Thumb, 0 bytes, Stack size unknown bytes, rtexit2.o(.ARM.Collect$$rtexit$$00000004))
<BR><BR>[Calls]<UL><LI><a href="#[87]">&gt;&gt;</a>&nbsp;&nbsp;&nbsp;_sys_exit
</UL>

<P><STRONG><a name="[20]"></a>Reset_Handler</STRONG> (Thumb, 8 bytes, Stack size 0 bytes, startup_stm32f10x_cl.o(.text))
<BR>[Address Reference Count : 1]<UL><LI> startup_stm32f10x_cl.o(RESET)
</UL>
<P><STRONG><a name="[3c]"></a>ADC1_2_IRQHandler</STRONG> (Thumb, 0 bytes, Stack size 0 bytes, startup_stm32f10x_cl.o(.text))
<BR><BR>[Calls]<UL><LI><a href="#[3c]">&gt;&gt;</a>&nbsp;&nbsp;&nbsp;ADC1_2_IRQHandler
</UL>
<BR>[Called By]<UL><LI><a href="#[3c]">&gt;&gt;</a>&nbsp;&nbsp;&nbsp;ADC1_2_IRQHandler
</UL>
<BR>[Address Reference Count : 1]<UL><LI> startup_stm32f10x_cl.o(RESET)
</UL>
<P><STRONG><a name="[3e]"></a>CAN1_RX0_IRQHandler</STRONG> (Thumb, 0 bytes, Stack size 0 bytes, startup_stm32f10x_cl.o(.text))
<BR>[Address Reference Count : 1]<UL><LI> startup_stm32f10x_cl.o(RESET)
</UL>
<P><STRONG><a name="[3f]"></a>CAN1_RX1_IRQHandler</STRONG> (Thumb, 0 bytes, Stack size 0 bytes, startup_stm32f10x_cl.o(.text))
<BR>[Address Reference Count : 1]<UL><LI> startup_stm32f10x_cl.o(RESET)
</UL>
<P><STRONG><a name="[40]"></a>CAN1_SCE_IRQHandler</STRONG> (Thumb, 0 bytes, Stack size 0 bytes, startup_stm32f10x_cl.o(.text))
<BR>[Address Reference Count : 1]<UL><LI> startup_stm32f10x_cl.o(RESET)
</UL>
<P><STRONG><a name="[3d]"></a>CAN1_TX_IRQHandler</STRONG> (Thumb, 0 bytes, Stack size 0 bytes, startup_stm32f10x_cl.o(.text))
<BR>[Address Reference Count : 1]<UL><LI> startup_stm32f10x_cl.o(RESET)
</UL>
<P><STRONG><a name="[63]"></a>CAN2_RX0_IRQHandler</STRONG> (Thumb, 0 bytes, Stack size 0 bytes, startup_stm32f10x_cl.o(.text))
<BR>[Address Reference Count : 1]<UL><LI> startup_stm32f10x_cl.o(RESET)
</UL>
<P><STRONG><a name="[64]"></a>CAN2_RX1_IRQHandler</STRONG> (Thumb, 0 bytes, Stack size 0 bytes, startup_stm32f10x_cl.o(.text))
<BR>[Address Reference Count : 1]<UL><LI> startup_stm32f10x_cl.o(RESET)
</UL>
<P><STRONG><a name="[65]"></a>CAN2_SCE_IRQHandler</STRONG> (Thumb, 0 bytes, Stack size 0 bytes, startup_stm32f10x_cl.o(.text))
<BR>[Address Reference Count : 1]<UL><LI> startup_stm32f10x_cl.o(RESET)
</UL>
<P><STRONG><a name="[62]"></a>CAN2_TX_IRQHandler</STRONG> (Thumb, 0 bytes, Stack size 0 bytes, startup_stm32f10x_cl.o(.text))
<BR>[Address Reference Count : 1]<UL><LI> startup_stm32f10x_cl.o(RESET)
</UL>
<P><STRONG><a name="[35]"></a>DMA1_Channel1_IRQHandler</STRONG> (Thumb, 0 bytes, Stack size 0 bytes, startup_stm32f10x_cl.o(.text))
<BR>[Address Reference Count : 1]<UL><LI> startup_stm32f10x_cl.o(RESET)
</UL>
<P><STRONG><a name="[36]"></a>DMA1_Channel2_IRQHandler</STRONG> (Thumb, 0 bytes, Stack size 0 bytes, startup_stm32f10x_cl.o(.text))
<BR>[Address Reference Count : 1]<UL><LI> startup_stm32f10x_cl.o(RESET)
</UL>
<P><STRONG><a name="[37]"></a>DMA1_Channel3_IRQHandler</STRONG> (Thumb, 0 bytes, Stack size 0 bytes, startup_stm32f10x_cl.o(.text))
<BR>[Address Reference Count : 1]<UL><LI> startup_stm32f10x_cl.o(RESET)
</UL>
<P><STRONG><a name="[39]"></a>DMA1_Channel5_IRQHandler</STRONG> (Thumb, 0 bytes, Stack size 0 bytes, startup_stm32f10x_cl.o(.text))
<BR>[Address Reference Count : 1]<UL><LI> startup_stm32f10x_cl.o(RESET)
</UL>
<P><STRONG><a name="[3a]"></a>DMA1_Channel6_IRQHandler</STRONG> (Thumb, 0 bytes, Stack size 0 bytes, startup_stm32f10x_cl.o(.text))
<BR>[Address Reference Count : 1]<UL><LI> startup_stm32f10x_cl.o(RESET)
</UL>
<P><STRONG><a name="[3b]"></a>DMA1_Channel7_IRQHandler</STRONG> (Thumb, 0 bytes, Stack size 0 bytes, startup_stm32f10x_cl.o(.text))
<BR>[Address Reference Count : 1]<UL><LI> startup_stm32f10x_cl.o(RESET)
</UL>
<P><STRONG><a name="[5b]"></a>DMA2_Channel1_IRQHandler</STRONG> (Thumb, 0 bytes, Stack size 0 bytes, startup_stm32f10x_cl.o(.text))
<BR>[Address Reference Count : 1]<UL><LI> startup_stm32f10x_cl.o(RESET)
</UL>
<P><STRONG><a name="[5c]"></a>DMA2_Channel2_IRQHandler</STRONG> (Thumb, 0 bytes, Stack size 0 bytes, startup_stm32f10x_cl.o(.text))
<BR>[Address Reference Count : 1]<UL><LI> startup_stm32f10x_cl.o(RESET)
</UL>
<P><STRONG><a name="[5d]"></a>DMA2_Channel3_IRQHandler</STRONG> (Thumb, 0 bytes, Stack size 0 bytes, startup_stm32f10x_cl.o(.text))
<BR>[Address Reference Count : 1]<UL><LI> startup_stm32f10x_cl.o(RESET)
</UL>
<P><STRONG><a name="[5e]"></a>DMA2_Channel4_IRQHandler</STRONG> (Thumb, 0 bytes, Stack size 0 bytes, startup_stm32f10x_cl.o(.text))
<BR>[Address Reference Count : 1]<UL><LI> startup_stm32f10x_cl.o(RESET)
</UL>
<P><STRONG><a name="[5f]"></a>DMA2_Channel5_IRQHandler</STRONG> (Thumb, 0 bytes, Stack size 0 bytes, startup_stm32f10x_cl.o(.text))
<BR>[Address Reference Count : 1]<UL><LI> startup_stm32f10x_cl.o(RESET)
</UL>
<P><STRONG><a name="[60]"></a>ETH_IRQHandler</STRONG> (Thumb, 0 bytes, Stack size 0 bytes, startup_stm32f10x_cl.o(.text))
<BR>[Address Reference Count : 1]<UL><LI> startup_stm32f10x_cl.o(RESET)
</UL>
<P><STRONG><a name="[61]"></a>ETH_WKUP_IRQHandler</STRONG> (Thumb, 0 bytes, Stack size 0 bytes, startup_stm32f10x_cl.o(.text))
<BR>[Address Reference Count : 1]<UL><LI> startup_stm32f10x_cl.o(RESET)
</UL>
<P><STRONG><a name="[30]"></a>EXTI0_IRQHandler</STRONG> (Thumb, 0 bytes, Stack size 0 bytes, startup_stm32f10x_cl.o(.text))
<BR>[Address Reference Count : 1]<UL><LI> startup_stm32f10x_cl.o(RESET)
</UL>
<P><STRONG><a name="[52]"></a>EXTI15_10_IRQHandler</STRONG> (Thumb, 0 bytes, Stack size 0 bytes, startup_stm32f10x_cl.o(.text))
<BR>[Address Reference Count : 1]<UL><LI> startup_stm32f10x_cl.o(RESET)
</UL>
<P><STRONG><a name="[31]"></a>EXTI1_IRQHandler</STRONG> (Thumb, 0 bytes, Stack size 0 bytes, startup_stm32f10x_cl.o(.text))
<BR>[Address Reference Count : 1]<UL><LI> startup_stm32f10x_cl.o(RESET)
</UL>
<P><STRONG><a name="[32]"></a>EXTI2_IRQHandler</STRONG> (Thumb, 0 bytes, Stack size 0 bytes, startup_stm32f10x_cl.o(.text))
<BR>[Address Reference Count : 1]<UL><LI> startup_stm32f10x_cl.o(RESET)
</UL>
<P><STRONG><a name="[33]"></a>EXTI3_IRQHandler</STRONG> (Thumb, 0 bytes, Stack size 0 bytes, startup_stm32f10x_cl.o(.text))
<BR>[Address Reference Count : 1]<UL><LI> startup_stm32f10x_cl.o(RESET)
</UL>
<P><STRONG><a name="[34]"></a>EXTI4_IRQHandler</STRONG> (Thumb, 0 bytes, Stack size 0 bytes, startup_stm32f10x_cl.o(.text))
<BR>[Address Reference Count : 1]<UL><LI> startup_stm32f10x_cl.o(RESET)
</UL>
<P><STRONG><a name="[41]"></a>EXTI9_5_IRQHandler</STRONG> (Thumb, 0 bytes, Stack size 0 bytes, startup_stm32f10x_cl.o(.text))
<BR>[Address Reference Count : 1]<UL><LI> startup_stm32f10x_cl.o(RESET)
</UL>
<P><STRONG><a name="[2e]"></a>FLASH_IRQHandler</STRONG> (Thumb, 0 bytes, Stack size 0 bytes, startup_stm32f10x_cl.o(.text))
<BR>[Address Reference Count : 1]<UL><LI> startup_stm32f10x_cl.o(RESET)
</UL>
<P><STRONG><a name="[4a]"></a>I2C1_ER_IRQHandler</STRONG> (Thumb, 0 bytes, Stack size 0 bytes, startup_stm32f10x_cl.o(.text))
<BR>[Address Reference Count : 1]<UL><LI> startup_stm32f10x_cl.o(RESET)
</UL>
<P><STRONG><a name="[49]"></a>I2C1_EV_IRQHandler</STRONG> (Thumb, 0 bytes, Stack size 0 bytes, startup_stm32f10x_cl.o(.text))
<BR>[Address Reference Count : 1]<UL><LI> startup_stm32f10x_cl.o(RESET)
</UL>
<P><STRONG><a name="[4c]"></a>I2C2_ER_IRQHandler</STRONG> (Thumb, 0 bytes, Stack size 0 bytes, startup_stm32f10x_cl.o(.text))
<BR>[Address Reference Count : 1]<UL><LI> startup_stm32f10x_cl.o(RESET)
</UL>
<P><STRONG><a name="[4b]"></a>I2C2_EV_IRQHandler</STRONG> (Thumb, 0 bytes, Stack size 0 bytes, startup_stm32f10x_cl.o(.text))
<BR>[Address Reference Count : 1]<UL><LI> startup_stm32f10x_cl.o(RESET)
</UL>
<P><STRONG><a name="[66]"></a>OTG_FS_IRQHandler</STRONG> (Thumb, 0 bytes, Stack size 0 bytes, startup_stm32f10x_cl.o(.text))
<BR>[Address Reference Count : 1]<UL><LI> startup_stm32f10x_cl.o(RESET)
</UL>
<P><STRONG><a name="[54]"></a>OTG_FS_WKUP_IRQHandler</STRONG> (Thumb, 0 bytes, Stack size 0 bytes, startup_stm32f10x_cl.o(.text))
<BR>[Address Reference Count : 1]<UL><LI> startup_stm32f10x_cl.o(RESET)
</UL>
<P><STRONG><a name="[2b]"></a>PVD_IRQHandler</STRONG> (Thumb, 0 bytes, Stack size 0 bytes, startup_stm32f10x_cl.o(.text))
<BR>[Address Reference Count : 1]<UL><LI> startup_stm32f10x_cl.o(RESET)
</UL>
<P><STRONG><a name="[2f]"></a>RCC_IRQHandler</STRONG> (Thumb, 0 bytes, Stack size 0 bytes, startup_stm32f10x_cl.o(.text))
<BR>[Address Reference Count : 1]<UL><LI> startup_stm32f10x_cl.o(RESET)
</UL>
<P><STRONG><a name="[53]"></a>RTCAlarm_IRQHandler</STRONG> (Thumb, 0 bytes, Stack size 0 bytes, startup_stm32f10x_cl.o(.text))
<BR>[Address Reference Count : 1]<UL><LI> startup_stm32f10x_cl.o(RESET)
</UL>
<P><STRONG><a name="[2d]"></a>RTC_IRQHandler</STRONG> (Thumb, 0 bytes, Stack size 0 bytes, startup_stm32f10x_cl.o(.text))
<BR>[Address Reference Count : 1]<UL><LI> startup_stm32f10x_cl.o(RESET)
</UL>
<P><STRONG><a name="[4d]"></a>SPI1_IRQHandler</STRONG> (Thumb, 0 bytes, Stack size 0 bytes, startup_stm32f10x_cl.o(.text))
<BR>[Address Reference Count : 1]<UL><LI> startup_stm32f10x_cl.o(RESET)
</UL>
<P><STRONG><a name="[4e]"></a>SPI2_IRQHandler</STRONG> (Thumb, 0 bytes, Stack size 0 bytes, startup_stm32f10x_cl.o(.text))
<BR>[Address Reference Count : 1]<UL><LI> startup_stm32f10x_cl.o(RESET)
</UL>
<P><STRONG><a name="[56]"></a>SPI3_IRQHandler</STRONG> (Thumb, 0 bytes, Stack size 0 bytes, startup_stm32f10x_cl.o(.text))
<BR>[Address Reference Count : 1]<UL><LI> startup_stm32f10x_cl.o(RESET)
</UL>
<P><STRONG><a name="[2c]"></a>TAMPER_IRQHandler</STRONG> (Thumb, 0 bytes, Stack size 0 bytes, startup_stm32f10x_cl.o(.text))
<BR>[Address Reference Count : 1]<UL><LI> startup_stm32f10x_cl.o(RESET)
</UL>
<P><STRONG><a name="[42]"></a>TIM1_BRK_IRQHandler</STRONG> (Thumb, 0 bytes, Stack size 0 bytes, startup_stm32f10x_cl.o(.text))
<BR>[Address Reference Count : 1]<UL><LI> startup_stm32f10x_cl.o(RESET)
</UL>
<P><STRONG><a name="[45]"></a>TIM1_CC_IRQHandler</STRONG> (Thumb, 0 bytes, Stack size 0 bytes, startup_stm32f10x_cl.o(.text))
<BR>[Address Reference Count : 1]<UL><LI> startup_stm32f10x_cl.o(RESET)
</UL>
<P><STRONG><a name="[44]"></a>TIM1_TRG_COM_IRQHandler</STRONG> (Thumb, 0 bytes, Stack size 0 bytes, startup_stm32f10x_cl.o(.text))
<BR>[Address Reference Count : 1]<UL><LI> startup_stm32f10x_cl.o(RESET)
</UL>
<P><STRONG><a name="[43]"></a>TIM1_UP_IRQHandler</STRONG> (Thumb, 0 bytes, Stack size 0 bytes, startup_stm32f10x_cl.o(.text))
<BR>[Address Reference Count : 1]<UL><LI> startup_stm32f10x_cl.o(RESET)
</UL>
<P><STRONG><a name="[46]"></a>TIM2_IRQHandler</STRONG> (Thumb, 0 bytes, Stack size 0 bytes, startup_stm32f10x_cl.o(.text))
<BR>[Address Reference Count : 1]<UL><LI> startup_stm32f10x_cl.o(RESET)
</UL>
<P><STRONG><a name="[55]"></a>TIM5_IRQHandler</STRONG> (Thumb, 0 bytes, Stack size 0 bytes, startup_stm32f10x_cl.o(.text))
<BR>[Address Reference Count : 1]<UL><LI> startup_stm32f10x_cl.o(RESET)
</UL>
<P><STRONG><a name="[59]"></a>TIM6_IRQHandler</STRONG> (Thumb, 0 bytes, Stack size 0 bytes, startup_stm32f10x_cl.o(.text))
<BR>[Address Reference Count : 1]<UL><LI> startup_stm32f10x_cl.o(RESET)
</UL>
<P><STRONG><a name="[5a]"></a>TIM7_IRQHandler</STRONG> (Thumb, 0 bytes, Stack size 0 bytes, startup_stm32f10x_cl.o(.text))
<BR>[Address Reference Count : 1]<UL><LI> startup_stm32f10x_cl.o(RESET)
</UL>
<P><STRONG><a name="[57]"></a>UART4_IRQHandler</STRONG> (Thumb, 0 bytes, Stack size 0 bytes, startup_stm32f10x_cl.o(.text))
<BR>[Address Reference Count : 1]<UL><LI> startup_stm32f10x_cl.o(RESET)
</UL>
<P><STRONG><a name="[2a]"></a>WWDG_IRQHandler</STRONG> (Thumb, 0 bytes, Stack size 0 bytes, startup_stm32f10x_cl.o(.text))
<BR>[Address Reference Count : 1]<UL><LI> startup_stm32f10x_cl.o(RESET)
</UL>
<P><STRONG><a name="[8f]"></a>__user_initial_stackheap</STRONG> (Thumb, 0 bytes, Stack size unknown bytes, startup_stm32f10x_cl.o(.text))
<BR><BR>[Called By]<UL><LI><a href="#[7e]">&gt;&gt;</a>&nbsp;&nbsp;&nbsp;__user_setup_stackheap
</UL>

<P><STRONG><a name="[fc]"></a>strlen</STRONG> (Thumb, 62 bytes, Stack size 8 bytes, strlen.o(.text))
<BR><BR>[Stack]<UL><LI>Max Depth = 8<LI>Call Chain = strlen
</UL>
<BR>[Called By]<UL><LI><a href="#[fb]">&gt;&gt;</a>&nbsp;&nbsp;&nbsp;USART1_PutInDebugInfo
<LI><a href="#[1a9]">&gt;&gt;</a>&nbsp;&nbsp;&nbsp;mt_md5_EncipherPassWord
</UL>

<P><STRONG><a name="[1aa]"></a>strcat</STRONG> (Thumb, 24 bytes, Stack size 0 bytes, strcat.o(.text))
<BR><BR>[Called By]<UL><LI><a href="#[1a9]">&gt;&gt;</a>&nbsp;&nbsp;&nbsp;mt_md5_EncipherPassWord
</UL>

<P><STRONG><a name="[cf]"></a>__aeabi_memcpy</STRONG> (Thumb, 0 bytes, Stack size 0 bytes, rt_memcpy_v6.o(.text))
<BR><BR>[Called By]<UL><LI><a href="#[cc]">&gt;&gt;</a>&nbsp;&nbsp;&nbsp;MD5Update
</UL>

<P><STRONG><a name="[88]"></a>__rt_memcpy</STRONG> (Thumb, 138 bytes, Stack size 0 bytes, rt_memcpy_v6.o(.text), UNUSED)
<BR><BR>[Calls]<UL><LI><a href="#[89]">&gt;&gt;</a>&nbsp;&nbsp;&nbsp;__aeabi_memcpy4
</UL>

<P><STRONG><a name="[1f0]"></a>_memcpy_lastbytes</STRONG> (Thumb, 0 bytes, Stack size unknown bytes, rt_memcpy_v6.o(.text), UNUSED)

<P><STRONG><a name="[89]"></a>__aeabi_memcpy4</STRONG> (Thumb, 0 bytes, Stack size 8 bytes, rt_memcpy_w.o(.text))
<BR><BR>[Stack]<UL><LI>Max Depth = 8<LI>Call Chain = __aeabi_memcpy4
</UL>
<BR>[Called By]<UL><LI><a href="#[17b]">&gt;&gt;</a>&nbsp;&nbsp;&nbsp;mt_gsmDialHandle
<LI><a href="#[183]">&gt;&gt;</a>&nbsp;&nbsp;&nbsp;mt_gsmResponseProc
<LI><a href="#[a0]">&gt;&gt;</a>&nbsp;&nbsp;&nbsp;ES200C_MqttPro
<LI><a href="#[a1]">&gt;&gt;</a>&nbsp;&nbsp;&nbsp;ES200C_DialSMSPro
<LI><a href="#[1a]">&gt;&gt;</a>&nbsp;&nbsp;&nbsp;stgMenu_PN_EnterNbCBS
<LI><a href="#[181]">&gt;&gt;</a>&nbsp;&nbsp;&nbsp;mt_4g_protocol_DataSet
<LI><a href="#[88]">&gt;&gt;</a>&nbsp;&nbsp;&nbsp;__rt_memcpy
</UL>

<P><STRONG><a name="[1f1]"></a>__aeabi_memcpy8</STRONG> (Thumb, 0 bytes, Stack size 8 bytes, rt_memcpy_w.o(.text), UNUSED)

<P><STRONG><a name="[1f2]"></a>__rt_memcpy_w</STRONG> (Thumb, 100 bytes, Stack size 8 bytes, rt_memcpy_w.o(.text), UNUSED)

<P><STRONG><a name="[1f3]"></a>_memcpy_lastbytes_aligned</STRONG> (Thumb, 0 bytes, Stack size unknown bytes, rt_memcpy_w.o(.text), UNUSED)

<P><STRONG><a name="[8a]"></a>__aeabi_memset</STRONG> (Thumb, 16 bytes, Stack size 0 bytes, aeabi_memset.o(.text))
<BR><BR>[Calls]<UL><LI><a href="#[8b]">&gt;&gt;</a>&nbsp;&nbsp;&nbsp;_memset
</UL>
<BR>[Called By]<UL><LI><a href="#[9]">&gt;&gt;</a>&nbsp;&nbsp;&nbsp;gnlMenu_DialNumberCBS
</UL>

<P><STRONG><a name="[178]"></a>__aeabi_memclr</STRONG> (Thumb, 0 bytes, Stack size 0 bytes, rt_memclr.o(.text))
<BR><BR>[Called By]<UL><LI><a href="#[17b]">&gt;&gt;</a>&nbsp;&nbsp;&nbsp;mt_gsmDialHandle
<LI><a href="#[11a]">&gt;&gt;</a>&nbsp;&nbsp;&nbsp;mt4g_TxMsgInput
</UL>

<P><STRONG><a name="[8c]"></a>__rt_memclr</STRONG> (Thumb, 68 bytes, Stack size 0 bytes, rt_memclr.o(.text), UNUSED)
<BR><BR>[Calls]<UL><LI><a href="#[8d]">&gt;&gt;</a>&nbsp;&nbsp;&nbsp;_memset_w
</UL>

<P><STRONG><a name="[8b]"></a>_memset</STRONG> (Thumb, 0 bytes, Stack size unknown bytes, rt_memclr.o(.text))
<BR><BR>[Called By]<UL><LI><a href="#[8a]">&gt;&gt;</a>&nbsp;&nbsp;&nbsp;__aeabi_memset
</UL>

<P><STRONG><a name="[a5]"></a>__aeabi_memclr4</STRONG> (Thumb, 0 bytes, Stack size 4 bytes, rt_memclr_w.o(.text))
<BR><BR>[Stack]<UL><LI>Max Depth = 4<LI>Call Chain = __aeabi_memclr4
</UL>
<BR>[Called By]<UL><LI><a href="#[180]">&gt;&gt;</a>&nbsp;&nbsp;&nbsp;mt_ES200C_UsartRxd_Handler
<LI><a href="#[119]">&gt;&gt;</a>&nbsp;&nbsp;&nbsp;hal_4GTxDataPack
<LI><a href="#[a1]">&gt;&gt;</a>&nbsp;&nbsp;&nbsp;ES200C_DialSMSPro
<LI><a href="#[190]">&gt;&gt;</a>&nbsp;&nbsp;&nbsp;mt_wifi_Mqtt_Pro
<LI><a href="#[14e]">&gt;&gt;</a>&nbsp;&nbsp;&nbsp;mt_WifiResponseProc
<LI><a href="#[14c]">&gt;&gt;</a>&nbsp;&nbsp;&nbsp;hal_WifiRx_Pro
<LI><a href="#[1be]">&gt;&gt;</a>&nbsp;&nbsp;&nbsp;mt_wifi_init
<LI><a href="#[1c5]">&gt;&gt;</a>&nbsp;&nbsp;&nbsp;systemAlarmDialSmsHandle
<LI><a href="#[1a]">&gt;&gt;</a>&nbsp;&nbsp;&nbsp;stgMenu_PN_EnterNbCBS
<LI><a href="#[1a9]">&gt;&gt;</a>&nbsp;&nbsp;&nbsp;mt_md5_EncipherPassWord
</UL>

<P><STRONG><a name="[1f4]"></a>__aeabi_memclr8</STRONG> (Thumb, 0 bytes, Stack size 4 bytes, rt_memclr_w.o(.text), UNUSED)

<P><STRONG><a name="[1f5]"></a>__rt_memclr_w</STRONG> (Thumb, 78 bytes, Stack size 4 bytes, rt_memclr_w.o(.text), UNUSED)

<P><STRONG><a name="[8d]"></a>_memset_w</STRONG> (Thumb, 0 bytes, Stack size unknown bytes, rt_memclr_w.o(.text), UNUSED)
<BR><BR>[Called By]<UL><LI><a href="#[8c]">&gt;&gt;</a>&nbsp;&nbsp;&nbsp;__rt_memclr
</UL>

<P><STRONG><a name="[1f6]"></a>__use_two_region_memory</STRONG> (Thumb, 2 bytes, Stack size 0 bytes, heapauxi.o(.text), UNUSED)

<P><STRONG><a name="[1f7]"></a>__rt_heap_escrow$2region</STRONG> (Thumb, 2 bytes, Stack size 0 bytes, heapauxi.o(.text), UNUSED)

<P><STRONG><a name="[1f8]"></a>__rt_heap_expand$2region</STRONG> (Thumb, 2 bytes, Stack size 0 bytes, heapauxi.o(.text), UNUSED)

<P><STRONG><a name="[7e]"></a>__user_setup_stackheap</STRONG> (Thumb, 74 bytes, Stack size 8 bytes, sys_stackheap_outer.o(.text))
<BR><BR>[Stack]<UL><LI>Max Depth = 8 + Unknown Stack Size
<LI>Call Chain = __user_setup_stackheap
</UL>
<BR>[Calls]<UL><LI><a href="#[8f]">&gt;&gt;</a>&nbsp;&nbsp;&nbsp;__user_initial_stackheap
<LI><a href="#[8e]">&gt;&gt;</a>&nbsp;&nbsp;&nbsp;__user_perproc_libspace
</UL>
<BR>[Called By]<UL><LI><a href="#[7d]">&gt;&gt;</a>&nbsp;&nbsp;&nbsp;__rt_entry_sh
</UL>

<P><STRONG><a name="[83]"></a>exit</STRONG> (Thumb, 18 bytes, Stack size 8 bytes, exit.o(.text))
<BR><BR>[Stack]<UL><LI>Max Depth = 8 + Unknown Stack Size
<LI>Call Chain = exit
</UL>
<BR>[Calls]<UL><LI><a href="#[90]">&gt;&gt;</a>&nbsp;&nbsp;&nbsp;__rt_exit
</UL>
<BR>[Called By]<UL><LI><a href="#[81]">&gt;&gt;</a>&nbsp;&nbsp;&nbsp;__rt_entry_main
</UL>

<P><STRONG><a name="[1f9]"></a>__user_libspace</STRONG> (Thumb, 8 bytes, Stack size 0 bytes, libspace.o(.text), UNUSED)

<P><STRONG><a name="[8e]"></a>__user_perproc_libspace</STRONG> (Thumb, 0 bytes, Stack size 0 bytes, libspace.o(.text))
<BR><BR>[Called By]<UL><LI><a href="#[7e]">&gt;&gt;</a>&nbsp;&nbsp;&nbsp;__user_setup_stackheap
</UL>

<P><STRONG><a name="[1fa]"></a>__user_perthread_libspace</STRONG> (Thumb, 0 bytes, Stack size 0 bytes, libspace.o(.text), UNUSED)

<P><STRONG><a name="[87]"></a>_sys_exit</STRONG> (Thumb, 8 bytes, Stack size 0 bytes, sys_exit.o(.text))
<BR><BR>[Called By]<UL><LI><a href="#[86]">&gt;&gt;</a>&nbsp;&nbsp;&nbsp;__rt_exit_exit
</UL>

<P><STRONG><a name="[1fb]"></a>__I$use$semihosting</STRONG> (Thumb, 0 bytes, Stack size 0 bytes, use_no_semi.o(.text), UNUSED)

<P><STRONG><a name="[1fc]"></a>__use_no_semihosting_swi</STRONG> (Thumb, 2 bytes, Stack size 0 bytes, use_no_semi.o(.text), UNUSED)

<P><STRONG><a name="[121]"></a>ADC_Cmd</STRONG> (Thumb, 22 bytes, Stack size 0 bytes, stm32f10x_adc.o(i.ADC_Cmd))
<BR><BR>[Called By]<UL><LI><a href="#[11c]">&gt;&gt;</a>&nbsp;&nbsp;&nbsp;hal_AdcInit
</UL>

<P><STRONG><a name="[1fd]"></a>__semihosting_library_function</STRONG> (Thumb, 0 bytes, Stack size 0 bytes, indicate_semi.o(.text), UNUSED)

<P><STRONG><a name="[125]"></a>ADC_GetCalibrationStatus</STRONG> (Thumb, 20 bytes, Stack size 0 bytes, stm32f10x_adc.o(i.ADC_GetCalibrationStatus))
<BR><BR>[Called By]<UL><LI><a href="#[11c]">&gt;&gt;</a>&nbsp;&nbsp;&nbsp;hal_AdcInit
</UL>

<P><STRONG><a name="[154]"></a>ADC_GetConversionValue</STRONG> (Thumb, 8 bytes, Stack size 0 bytes, stm32f10x_adc.o(i.ADC_GetConversionValue))
<BR><BR>[Called By]<UL><LI><a href="#[150]">&gt;&gt;</a>&nbsp;&nbsp;&nbsp;hal_adc_GetAdcDat
</UL>

<P><STRONG><a name="[153]"></a>ADC_GetFlagStatus</STRONG> (Thumb, 18 bytes, Stack size 0 bytes, stm32f10x_adc.o(i.ADC_GetFlagStatus))
<BR><BR>[Called By]<UL><LI><a href="#[150]">&gt;&gt;</a>&nbsp;&nbsp;&nbsp;hal_adc_GetAdcDat
</UL>

<P><STRONG><a name="[123]"></a>ADC_GetResetCalibrationStatus</STRONG> (Thumb, 20 bytes, Stack size 0 bytes, stm32f10x_adc.o(i.ADC_GetResetCalibrationStatus))
<BR><BR>[Called By]<UL><LI><a href="#[11c]">&gt;&gt;</a>&nbsp;&nbsp;&nbsp;hal_AdcInit
</UL>

<P><STRONG><a name="[120]"></a>ADC_Init</STRONG> (Thumb, 70 bytes, Stack size 12 bytes, stm32f10x_adc.o(i.ADC_Init))
<BR><BR>[Stack]<UL><LI>Max Depth = 12<LI>Call Chain = ADC_Init
</UL>
<BR>[Called By]<UL><LI><a href="#[11c]">&gt;&gt;</a>&nbsp;&nbsp;&nbsp;hal_AdcInit
</UL>

<P><STRONG><a name="[151]"></a>ADC_RegularChannelConfig</STRONG> (Thumb, 184 bytes, Stack size 20 bytes, stm32f10x_adc.o(i.ADC_RegularChannelConfig))
<BR><BR>[Stack]<UL><LI>Max Depth = 20<LI>Call Chain = ADC_RegularChannelConfig
</UL>
<BR>[Called By]<UL><LI><a href="#[150]">&gt;&gt;</a>&nbsp;&nbsp;&nbsp;hal_adc_GetAdcDat
</UL>

<P><STRONG><a name="[122]"></a>ADC_ResetCalibration</STRONG> (Thumb, 10 bytes, Stack size 0 bytes, stm32f10x_adc.o(i.ADC_ResetCalibration))
<BR><BR>[Called By]<UL><LI><a href="#[11c]">&gt;&gt;</a>&nbsp;&nbsp;&nbsp;hal_AdcInit
</UL>

<P><STRONG><a name="[152]"></a>ADC_SoftwareStartConvCmd</STRONG> (Thumb, 22 bytes, Stack size 0 bytes, stm32f10x_adc.o(i.ADC_SoftwareStartConvCmd))
<BR><BR>[Called By]<UL><LI><a href="#[150]">&gt;&gt;</a>&nbsp;&nbsp;&nbsp;hal_adc_GetAdcDat
</UL>

<P><STRONG><a name="[124]"></a>ADC_StartCalibration</STRONG> (Thumb, 10 bytes, Stack size 0 bytes, stm32f10x_adc.o(i.ADC_StartCalibration))
<BR><BR>[Called By]<UL><LI><a href="#[11c]">&gt;&gt;</a>&nbsp;&nbsp;&nbsp;hal_AdcInit
</UL>

<P><STRONG><a name="[91]"></a>AddDtc</STRONG> (Thumb, 860 bytes, Stack size 80 bytes, para.o(i.AddDtc))
<BR><BR>[Stack]<UL><LI>Max Depth = 184<LI>Call Chain = AddDtc &rArr; I2C_PageWrite &rArr; I2C_WaitAck &rArr; hal_I2C_SDA_IO_Set &rArr; GPIO_Init
</UL>
<BR>[Calls]<UL><LI><a href="#[93]">&gt;&gt;</a>&nbsp;&nbsp;&nbsp;I2C_Read
<LI><a href="#[92]">&gt;&gt;</a>&nbsp;&nbsp;&nbsp;I2C_PageWrite
</UL>
<BR>[Called By]<UL><LI><a href="#[6a]">&gt;&gt;</a>&nbsp;&nbsp;&nbsp;stgMenu_LoraDetectorApplyNetPro
</UL>

<P><STRONG><a name="[24]"></a>BusFault_Handler</STRONG> (Thumb, 4 bytes, Stack size 0 bytes, stm32f10x_it.o(i.BusFault_Handler))
<BR>[Address Reference Count : 1]<UL><LI> startup_stm32f10x_cl.o(RESET)
</UL>
<P><STRONG><a name="[10b]"></a>CheckPresenceofDtc</STRONG> (Thumb, 30 bytes, Stack size 0 bytes, para.o(i.CheckPresenceofDtc))
<BR><BR>[Called By]<UL><LI><a href="#[16]">&gt;&gt;</a>&nbsp;&nbsp;&nbsp;stgMenu_dl_ReviewMainCBS
<LI><a href="#[17]">&gt;&gt;</a>&nbsp;&nbsp;&nbsp;stgMenu_dl_ReviewCBS
<LI><a href="#[18]">&gt;&gt;</a>&nbsp;&nbsp;&nbsp;stgMenu_dl_EditCBS
<LI><a href="#[19]">&gt;&gt;</a>&nbsp;&nbsp;&nbsp;stgMenu_dl_DeleteCBS
<LI><a href="#[f]">&gt;&gt;</a>&nbsp;&nbsp;&nbsp;stgMenu_DTCListCBS
<LI><a href="#[c]">&gt;&gt;</a>&nbsp;&nbsp;&nbsp;ganMenu_FirmwareUpdate
</UL>

<P><STRONG><a name="[38]"></a>DMA1_Channel4_IRQHandler</STRONG> (Thumb, 36 bytes, Stack size 8 bytes, hal_uart.o(i.DMA1_Channel4_IRQHandler))
<BR><BR>[Stack]<UL><LI>Max Depth = 8<LI>Call Chain = DMA1_Channel4_IRQHandler
</UL>
<BR>[Calls]<UL><LI><a href="#[94]">&gt;&gt;</a>&nbsp;&nbsp;&nbsp;DMA_GetITStatus
<LI><a href="#[96]">&gt;&gt;</a>&nbsp;&nbsp;&nbsp;DMA_Cmd
<LI><a href="#[95]">&gt;&gt;</a>&nbsp;&nbsp;&nbsp;DMA_ClearITPendingBit
</UL>
<BR>[Address Reference Count : 1]<UL><LI> startup_stm32f10x_cl.o(RESET)
</UL>
<P><STRONG><a name="[95]"></a>DMA_ClearITPendingBit</STRONG> (Thumb, 18 bytes, Stack size 0 bytes, stm32f10x_dma.o(i.DMA_ClearITPendingBit))
<BR><BR>[Called By]<UL><LI><a href="#[38]">&gt;&gt;</a>&nbsp;&nbsp;&nbsp;DMA1_Channel4_IRQHandler
</UL>

<P><STRONG><a name="[96]"></a>DMA_Cmd</STRONG> (Thumb, 24 bytes, Stack size 0 bytes, stm32f10x_dma.o(i.DMA_Cmd))
<BR><BR>[Called By]<UL><LI><a href="#[38]">&gt;&gt;</a>&nbsp;&nbsp;&nbsp;DMA1_Channel4_IRQHandler
</UL>

<P><STRONG><a name="[130]"></a>DMA_DeInit</STRONG> (Thumb, 324 bytes, Stack size 0 bytes, stm32f10x_dma.o(i.DMA_DeInit))
<BR><BR>[Called By]<UL><LI><a href="#[12e]">&gt;&gt;</a>&nbsp;&nbsp;&nbsp;hal_DMA_Config
<LI><a href="#[167]">&gt;&gt;</a>&nbsp;&nbsp;&nbsp;hal_tftlcdConfig
</UL>

<P><STRONG><a name="[94]"></a>DMA_GetITStatus</STRONG> (Thumb, 36 bytes, Stack size 0 bytes, stm32f10x_dma.o(i.DMA_GetITStatus))
<BR><BR>[Called By]<UL><LI><a href="#[38]">&gt;&gt;</a>&nbsp;&nbsp;&nbsp;DMA1_Channel4_IRQHandler
</UL>

<P><STRONG><a name="[132]"></a>DMA_ITConfig</STRONG> (Thumb, 18 bytes, Stack size 0 bytes, stm32f10x_dma.o(i.DMA_ITConfig))
<BR><BR>[Called By]<UL><LI><a href="#[12e]">&gt;&gt;</a>&nbsp;&nbsp;&nbsp;hal_DMA_Config
</UL>

<P><STRONG><a name="[131]"></a>DMA_Init</STRONG> (Thumb, 60 bytes, Stack size 8 bytes, stm32f10x_dma.o(i.DMA_Init))
<BR><BR>[Stack]<UL><LI>Max Depth = 8<LI>Call Chain = DMA_Init
</UL>
<BR>[Called By]<UL><LI><a href="#[12e]">&gt;&gt;</a>&nbsp;&nbsp;&nbsp;hal_DMA_Config
<LI><a href="#[167]">&gt;&gt;</a>&nbsp;&nbsp;&nbsp;hal_tftlcdConfig
</UL>

<P><STRONG><a name="[c1]"></a>DMA_SPI3_TX</STRONG> (Thumb, 74 bytes, Stack size 0 bytes, hal_tftlcd.o(i.DMA_SPI3_TX))
<BR><BR>[Called By]<UL><LI><a href="#[c5]">&gt;&gt;</a>&nbsp;&nbsp;&nbsp;LCD_Writ_Bus
<LI><a href="#[be]">&gt;&gt;</a>&nbsp;&nbsp;&nbsp;LCD_WR_DATA
<LI><a href="#[c0]">&gt;&gt;</a>&nbsp;&nbsp;&nbsp;LCD_Fill
</UL>

<P><STRONG><a name="[27]"></a>DebugMon_Handler</STRONG> (Thumb, 2 bytes, Stack size 0 bytes, stm32f10x_it.o(i.DebugMon_Handler))
<BR>[Address Reference Count : 1]<UL><LI> startup_stm32f10x_cl.o(RESET)
</UL>
<P><STRONG><a name="[1c4]"></a>DtcMatching</STRONG> (Thumb, 120 bytes, Stack size 8 bytes, para.o(i.DtcMatching))
<BR><BR>[Stack]<UL><LI>Max Depth = 8<LI>Call Chain = DtcMatching
</UL>
<BR>[Called By]<UL><LI><a href="#[6b]">&gt;&gt;</a>&nbsp;&nbsp;&nbsp;str_lora_loracommPro
</UL>

<P><STRONG><a name="[11e]"></a>GPIO_Init</STRONG> (Thumb, 278 bytes, Stack size 24 bytes, stm32f10x_gpio.o(i.GPIO_Init))
<BR><BR>[Stack]<UL><LI>Max Depth = 24<LI>Call Chain = GPIO_Init
</UL>
<BR>[Called By]<UL><LI><a href="#[11c]">&gt;&gt;</a>&nbsp;&nbsp;&nbsp;hal_AdcInit
<LI><a href="#[149]">&gt;&gt;</a>&nbsp;&nbsp;&nbsp;hal_usart_Config
<LI><a href="#[156]">&gt;&gt;</a>&nbsp;&nbsp;&nbsp;hal_keyConfig
<LI><a href="#[13c]">&gt;&gt;</a>&nbsp;&nbsp;&nbsp;hal_timer3CapConfig
<LI><a href="#[13b]">&gt;&gt;</a>&nbsp;&nbsp;&nbsp;hal_Tim3_SentDatPin
<LI><a href="#[14f]">&gt;&gt;</a>&nbsp;&nbsp;&nbsp;hal_Wtn6Config
<LI><a href="#[167]">&gt;&gt;</a>&nbsp;&nbsp;&nbsp;hal_tftlcdConfig
<LI><a href="#[15b]">&gt;&gt;</a>&nbsp;&nbsp;&nbsp;hal_spi2Init
<LI><a href="#[13d]">&gt;&gt;</a>&nbsp;&nbsp;&nbsp;hal_GpioConfig_init
<LI><a href="#[145]">&gt;&gt;</a>&nbsp;&nbsp;&nbsp;hal_LedConfig
<LI><a href="#[b8]">&gt;&gt;</a>&nbsp;&nbsp;&nbsp;hal_I2C_SDA_IO_Set
<LI><a href="#[13f]">&gt;&gt;</a>&nbsp;&nbsp;&nbsp;hal_I2CConfig
</UL>

<P><STRONG><a name="[168]"></a>GPIO_PinRemapConfig</STRONG> (Thumb, 138 bytes, Stack size 20 bytes, stm32f10x_gpio.o(i.GPIO_PinRemapConfig))
<BR><BR>[Stack]<UL><LI>Max Depth = 20<LI>Call Chain = GPIO_PinRemapConfig
</UL>
<BR>[Called By]<UL><LI><a href="#[167]">&gt;&gt;</a>&nbsp;&nbsp;&nbsp;hal_tftlcdConfig
</UL>

<P><STRONG><a name="[136]"></a>GPIO_ReadInputDataBit</STRONG> (Thumb, 18 bytes, Stack size 0 bytes, stm32f10x_gpio.o(i.GPIO_ReadInputDataBit))
<BR><BR>[Called By]<UL><LI><a href="#[3]">&gt;&gt;</a>&nbsp;&nbsp;&nbsp;hal_getDB4Sta
<LI><a href="#[4]">&gt;&gt;</a>&nbsp;&nbsp;&nbsp;hal_getDB3Sta
<LI><a href="#[5]">&gt;&gt;</a>&nbsp;&nbsp;&nbsp;hal_getDB2Sta
<LI><a href="#[6]">&gt;&gt;</a>&nbsp;&nbsp;&nbsp;hal_getDB1Sta
<LI><a href="#[7]">&gt;&gt;</a>&nbsp;&nbsp;&nbsp;hal_getDB0Sta
<LI><a href="#[135]">&gt;&gt;</a>&nbsp;&nbsp;&nbsp;hal_GPIO_GetACState
<LI><a href="#[b9]">&gt;&gt;</a>&nbsp;&nbsp;&nbsp;hal_I2C_SDA_INPUT
</UL>

<P><STRONG><a name="[143]"></a>GPIO_ReadOutputDataBit</STRONG> (Thumb, 18 bytes, Stack size 0 bytes, stm32f10x_gpio.o(i.GPIO_ReadOutputDataBit))
<BR><BR>[Called By]<UL><LI><a href="#[142]">&gt;&gt;</a>&nbsp;&nbsp;&nbsp;hal_Led1Turn
</UL>

<P><STRONG><a name="[c6]"></a>GPIO_ResetBits</STRONG> (Thumb, 4 bytes, Stack size 0 bytes, stm32f10x_gpio.o(i.GPIO_ResetBits))
<BR><BR>[Called By]<UL><LI><a href="#[13b]">&gt;&gt;</a>&nbsp;&nbsp;&nbsp;hal_Tim3_SentDatPin
<LI><a href="#[bb]">&gt;&gt;</a>&nbsp;&nbsp;&nbsp;hal_Wtn6_PlayVolue
<LI><a href="#[70]">&gt;&gt;</a>&nbsp;&nbsp;&nbsp;hal_Wtn6_PlayHandle
<LI><a href="#[167]">&gt;&gt;</a>&nbsp;&nbsp;&nbsp;hal_tftlcdConfig
<LI><a href="#[159]">&gt;&gt;</a>&nbsp;&nbsp;&nbsp;hal_oled_RestL
<LI><a href="#[dc]">&gt;&gt;</a>&nbsp;&nbsp;&nbsp;hal_Oled_Display_off
<LI><a href="#[c5]">&gt;&gt;</a>&nbsp;&nbsp;&nbsp;LCD_Writ_Bus
<LI><a href="#[bd]">&gt;&gt;</a>&nbsp;&nbsp;&nbsp;LCD_WR_REG
<LI><a href="#[15a]">&gt;&gt;</a>&nbsp;&nbsp;&nbsp;hal_spi2CSDrive
<LI><a href="#[137]">&gt;&gt;</a>&nbsp;&nbsp;&nbsp;hal_GPIO_WIFIPowerEN_H
<LI><a href="#[99]">&gt;&gt;</a>&nbsp;&nbsp;&nbsp;hal_GPIO_4GPowerKey_L
<LI><a href="#[145]">&gt;&gt;</a>&nbsp;&nbsp;&nbsp;hal_LedConfig
<LI><a href="#[b1]">&gt;&gt;</a>&nbsp;&nbsp;&nbsp;hal_I2C_SDA
<LI><a href="#[af]">&gt;&gt;</a>&nbsp;&nbsp;&nbsp;hal_I2C_SCL
</UL>

<P><STRONG><a name="[c7]"></a>GPIO_SetBits</STRONG> (Thumb, 4 bytes, Stack size 0 bytes, stm32f10x_gpio.o(i.GPIO_SetBits))
<BR><BR>[Called By]<UL><LI><a href="#[13c]">&gt;&gt;</a>&nbsp;&nbsp;&nbsp;hal_timer3CapConfig
<LI><a href="#[139]">&gt;&gt;</a>&nbsp;&nbsp;&nbsp;hal_GetTemHumProc
<LI><a href="#[165]">&gt;&gt;</a>&nbsp;&nbsp;&nbsp;hal_wtn6
<LI><a href="#[bb]">&gt;&gt;</a>&nbsp;&nbsp;&nbsp;hal_Wtn6_PlayVolue
<LI><a href="#[70]">&gt;&gt;</a>&nbsp;&nbsp;&nbsp;hal_Wtn6_PlayHandle
<LI><a href="#[14f]">&gt;&gt;</a>&nbsp;&nbsp;&nbsp;hal_Wtn6Config
<LI><a href="#[167]">&gt;&gt;</a>&nbsp;&nbsp;&nbsp;hal_tftlcdConfig
<LI><a href="#[158]">&gt;&gt;</a>&nbsp;&nbsp;&nbsp;hal_oled_RestH
<LI><a href="#[db]">&gt;&gt;</a>&nbsp;&nbsp;&nbsp;hal_Oled_Display_on
<LI><a href="#[bd]">&gt;&gt;</a>&nbsp;&nbsp;&nbsp;LCD_WR_REG
<LI><a href="#[15b]">&gt;&gt;</a>&nbsp;&nbsp;&nbsp;hal_spi2Init
<LI><a href="#[15a]">&gt;&gt;</a>&nbsp;&nbsp;&nbsp;hal_spi2CSDrive
<LI><a href="#[138]">&gt;&gt;</a>&nbsp;&nbsp;&nbsp;hal_GPIO_WIFIPowerEN_L
<LI><a href="#[98]">&gt;&gt;</a>&nbsp;&nbsp;&nbsp;hal_GPIO_4GPowerKey_H
<LI><a href="#[145]">&gt;&gt;</a>&nbsp;&nbsp;&nbsp;hal_LedConfig
<LI><a href="#[b1]">&gt;&gt;</a>&nbsp;&nbsp;&nbsp;hal_I2C_SDA
<LI><a href="#[af]">&gt;&gt;</a>&nbsp;&nbsp;&nbsp;hal_I2C_SCL
</UL>

<P><STRONG><a name="[144]"></a>GPIO_WriteBit</STRONG> (Thumb, 10 bytes, Stack size 0 bytes, stm32f10x_gpio.o(i.GPIO_WriteBit))
<BR><BR>[Called By]<UL><LI><a href="#[142]">&gt;&gt;</a>&nbsp;&nbsp;&nbsp;hal_Led1Turn
</UL>

<P><STRONG><a name="[d7]"></a>GetDtcStu</STRONG> (Thumb, 458 bytes, Stack size 8 bytes, para.o(i.GetDtcStu))
<BR><BR>[Stack]<UL><LI>Max Depth = 8<LI>Call Chain = GetDtcStu
</UL>
<BR>[Called By]<UL><LI><a href="#[1f]">&gt;&gt;</a>&nbsp;&nbsp;&nbsp;systemAlarmHandleCBS
<LI><a href="#[16]">&gt;&gt;</a>&nbsp;&nbsp;&nbsp;stgMenu_dl_ReviewMainCBS
<LI><a href="#[17]">&gt;&gt;</a>&nbsp;&nbsp;&nbsp;stgMenu_dl_ReviewCBS
<LI><a href="#[18]">&gt;&gt;</a>&nbsp;&nbsp;&nbsp;stgMenu_dl_EditCBS
<LI><a href="#[19]">&gt;&gt;</a>&nbsp;&nbsp;&nbsp;stgMenu_dl_DeleteCBS
<LI><a href="#[f]">&gt;&gt;</a>&nbsp;&nbsp;&nbsp;stgMenu_DTCListCBS
<LI><a href="#[c]">&gt;&gt;</a>&nbsp;&nbsp;&nbsp;ganMenu_FirmwareUpdate
<LI><a href="#[1c]">&gt;&gt;</a>&nbsp;&nbsp;&nbsp;S_HomeArmModeProc
<LI><a href="#[1b]">&gt;&gt;</a>&nbsp;&nbsp;&nbsp;S_ENArmModeProc
<LI><a href="#[1d]">&gt;&gt;</a>&nbsp;&nbsp;&nbsp;S_DisArmModeProc
<LI><a href="#[1e]">&gt;&gt;</a>&nbsp;&nbsp;&nbsp;S_AlarmModeProc
</UL>

<P><STRONG><a name="[ab]"></a>Hal_Uart3_Send_Data</STRONG> (Thumb, 40 bytes, Stack size 16 bytes, hal_uart.o(i.Hal_Uart3_Send_Data))
<BR><BR>[Stack]<UL><LI>Max Depth = 16<LI>Call Chain = Hal_Uart3_Send_Data
</UL>
<BR>[Calls]<UL><LI><a href="#[ad]">&gt;&gt;</a>&nbsp;&nbsp;&nbsp;USART_SendData
<LI><a href="#[ac]">&gt;&gt;</a>&nbsp;&nbsp;&nbsp;USART_GetFlagStatus
</UL>
<BR>[Called By]<UL><LI><a href="#[179]">&gt;&gt;</a>&nbsp;&nbsp;&nbsp;mtWifi_SentString
</UL>

<P><STRONG><a name="[22]"></a>HardFault_Handler</STRONG> (Thumb, 4 bytes, Stack size 0 bytes, stm32f10x_it.o(i.HardFault_Handler))
<BR>[Address Reference Count : 1]<UL><LI> startup_stm32f10x_cl.o(RESET)
</UL>
<P><STRONG><a name="[92]"></a>I2C_PageWrite</STRONG> (Thumb, 352 bytes, Stack size 56 bytes, hal_eeprom.o(i.I2C_PageWrite))
<BR><BR>[Stack]<UL><LI>Max Depth = 104<LI>Call Chain = I2C_PageWrite &rArr; I2C_WaitAck &rArr; hal_I2C_SDA_IO_Set &rArr; GPIO_Init
</UL>
<BR>[Calls]<UL><LI><a href="#[b0]">&gt;&gt;</a>&nbsp;&nbsp;&nbsp;I2C_delay
<LI><a href="#[b5]">&gt;&gt;</a>&nbsp;&nbsp;&nbsp;I2C_WaitAck
<LI><a href="#[b6]">&gt;&gt;</a>&nbsp;&nbsp;&nbsp;I2C_Stop
<LI><a href="#[b3]">&gt;&gt;</a>&nbsp;&nbsp;&nbsp;I2C_Start
<LI><a href="#[b4]">&gt;&gt;</a>&nbsp;&nbsp;&nbsp;I2C_SendByte
</UL>
<BR>[Called By]<UL><LI><a href="#[d3]">&gt;&gt;</a>&nbsp;&nbsp;&nbsp;mt_para_FactoryReset
<LI><a href="#[df]">&gt;&gt;</a>&nbsp;&nbsp;&nbsp;SetDtcAbt
<LI><a href="#[91]">&gt;&gt;</a>&nbsp;&nbsp;&nbsp;AddDtc
<LI><a href="#[11]">&gt;&gt;</a>&nbsp;&nbsp;&nbsp;stgMenu_PasswordCBS
<LI><a href="#[1a]">&gt;&gt;</a>&nbsp;&nbsp;&nbsp;stgMenu_PN_EnterNbCBS
<LI><a href="#[c]">&gt;&gt;</a>&nbsp;&nbsp;&nbsp;ganMenu_FirmwareUpdate
<LI><a href="#[1b9]">&gt;&gt;</a>&nbsp;&nbsp;&nbsp;mt_protocol_gatewayChangeEndPointPro
</UL>

<P><STRONG><a name="[93]"></a>I2C_Read</STRONG> (Thumb, 100 bytes, Stack size 24 bytes, hal_eeprom.o(i.I2C_Read))
<BR><BR>[Stack]<UL><LI>Max Depth = 80<LI>Call Chain = I2C_Read &rArr; I2C_ReceiveByte &rArr; hal_I2C_SDA_IO_Set &rArr; GPIO_Init
</UL>
<BR>[Calls]<UL><LI><a href="#[b5]">&gt;&gt;</a>&nbsp;&nbsp;&nbsp;I2C_WaitAck
<LI><a href="#[b6]">&gt;&gt;</a>&nbsp;&nbsp;&nbsp;I2C_Stop
<LI><a href="#[b3]">&gt;&gt;</a>&nbsp;&nbsp;&nbsp;I2C_Start
<LI><a href="#[b4]">&gt;&gt;</a>&nbsp;&nbsp;&nbsp;I2C_SendByte
<LI><a href="#[b7]">&gt;&gt;</a>&nbsp;&nbsp;&nbsp;I2C_ReceiveByte
<LI><a href="#[b2]">&gt;&gt;</a>&nbsp;&nbsp;&nbsp;I2C_NoAck
<LI><a href="#[ae]">&gt;&gt;</a>&nbsp;&nbsp;&nbsp;I2C_Ack
</UL>
<BR>[Called By]<UL><LI><a href="#[d0]">&gt;&gt;</a>&nbsp;&nbsp;&nbsp;ParaInit
<LI><a href="#[d3]">&gt;&gt;</a>&nbsp;&nbsp;&nbsp;mt_para_FactoryReset
<LI><a href="#[df]">&gt;&gt;</a>&nbsp;&nbsp;&nbsp;SetDtcAbt
<LI><a href="#[91]">&gt;&gt;</a>&nbsp;&nbsp;&nbsp;AddDtc
</UL>

<P><STRONG><a name="[bc]"></a>LCD_Address_Set</STRONG> (Thumb, 58 bytes, Stack size 24 bytes, mt_tftlcd.o(i.LCD_Address_Set))
<BR><BR>[Stack]<UL><LI>Max Depth = 40<LI>Call Chain = LCD_Address_Set &rArr; LCD_WR_REG &rArr; LCD_Writ_Bus
</UL>
<BR>[Calls]<UL><LI><a href="#[bd]">&gt;&gt;</a>&nbsp;&nbsp;&nbsp;LCD_WR_REG
<LI><a href="#[be]">&gt;&gt;</a>&nbsp;&nbsp;&nbsp;LCD_WR_DATA
</UL>
<BR>[Called By]<UL><LI><a href="#[aa]">&gt;&gt;</a>&nbsp;&nbsp;&nbsp;LCD_ShowPicture32PixFont
<LI><a href="#[c2]">&gt;&gt;</a>&nbsp;&nbsp;&nbsp;LCD_ShowChar
<LI><a href="#[c0]">&gt;&gt;</a>&nbsp;&nbsp;&nbsp;LCD_Fill
<LI><a href="#[bf]">&gt;&gt;</a>&nbsp;&nbsp;&nbsp;LCD_DrawPoint
</UL>

<P><STRONG><a name="[c0]"></a>LCD_Fill</STRONG> (Thumb, 88 bytes, Stack size 32 bytes, mt_tftlcd.o(i.LCD_Fill))
<BR><BR>[Stack]<UL><LI>Max Depth = 72<LI>Call Chain = LCD_Fill &rArr; LCD_Address_Set &rArr; LCD_WR_REG &rArr; LCD_Writ_Bus
</UL>
<BR>[Calls]<UL><LI><a href="#[c1]">&gt;&gt;</a>&nbsp;&nbsp;&nbsp;DMA_SPI3_TX
<LI><a href="#[bc]">&gt;&gt;</a>&nbsp;&nbsp;&nbsp;LCD_Address_Set
</UL>
<BR>[Called By]<UL><LI><a href="#[10c]">&gt;&gt;</a>&nbsp;&nbsp;&nbsp;hal_Tftlcd_Clear
</UL>

<P><STRONG><a name="[c2]"></a>LCD_ShowChar</STRONG> (Thumb, 348 bytes, Stack size 56 bytes, mt_tftlcd.o(i.LCD_ShowChar))
<BR><BR>[Stack]<UL><LI>Max Depth = 112<LI>Call Chain = LCD_ShowChar &rArr; LCD_DrawPoint &rArr; LCD_Address_Set &rArr; LCD_WR_REG &rArr; LCD_Writ_Bus
</UL>
<BR>[Calls]<UL><LI><a href="#[be]">&gt;&gt;</a>&nbsp;&nbsp;&nbsp;LCD_WR_DATA
<LI><a href="#[bc]">&gt;&gt;</a>&nbsp;&nbsp;&nbsp;LCD_Address_Set
<LI><a href="#[bf]">&gt;&gt;</a>&nbsp;&nbsp;&nbsp;LCD_DrawPoint
</UL>
<BR>[Called By]<UL><LI><a href="#[c3]">&gt;&gt;</a>&nbsp;&nbsp;&nbsp;LCD_ShowString
</UL>

<P><STRONG><a name="[aa]"></a>LCD_ShowPicture32PixFont</STRONG> (Thumb, 188 bytes, Stack size 56 bytes, mt_tftlcd.o(i.LCD_ShowPicture32PixFont))
<BR><BR>[Stack]<UL><LI>Max Depth = 112<LI>Call Chain = LCD_ShowPicture32PixFont &rArr; LCD_DrawPoint &rArr; LCD_Address_Set &rArr; LCD_WR_REG &rArr; LCD_Writ_Bus
</UL>
<BR>[Calls]<UL><LI><a href="#[be]">&gt;&gt;</a>&nbsp;&nbsp;&nbsp;LCD_WR_DATA
<LI><a href="#[bc]">&gt;&gt;</a>&nbsp;&nbsp;&nbsp;LCD_Address_Set
<LI><a href="#[bf]">&gt;&gt;</a>&nbsp;&nbsp;&nbsp;LCD_DrawPoint
</UL>
<BR>[Called By]<UL><LI><a href="#[114]">&gt;&gt;</a>&nbsp;&nbsp;&nbsp;wifi_icon_Display
<LI><a href="#[115]">&gt;&gt;</a>&nbsp;&nbsp;&nbsp;server_icon_Display
<LI><a href="#[8]">&gt;&gt;</a>&nbsp;&nbsp;&nbsp;gnlMenu_DesktopCBS
<LI><a href="#[d4]">&gt;&gt;</a>&nbsp;&nbsp;&nbsp;PowerState_icon_Display
<LI><a href="#[a8]">&gt;&gt;</a>&nbsp;&nbsp;&nbsp;Gsm_icon_Display
</UL>

<P><STRONG><a name="[c3]"></a>LCD_ShowString</STRONG> (Thumb, 66 bytes, Stack size 48 bytes, mt_tftlcd.o(i.LCD_ShowString))
<BR><BR>[Stack]<UL><LI>Max Depth = 160<LI>Call Chain = LCD_ShowString &rArr; LCD_ShowChar &rArr; LCD_DrawPoint &rArr; LCD_Address_Set &rArr; LCD_WR_REG &rArr; LCD_Writ_Bus
</UL>
<BR>[Calls]<UL><LI><a href="#[c2]">&gt;&gt;</a>&nbsp;&nbsp;&nbsp;LCD_ShowChar
</UL>
<BR>[Called By]<UL><LI><a href="#[112]">&gt;&gt;</a>&nbsp;&nbsp;&nbsp;temHum_icon_Display
<LI><a href="#[b]">&gt;&gt;</a>&nbsp;&nbsp;&nbsp;systemAlarmKeyDisArmHandleCBS
<LI><a href="#[1f]">&gt;&gt;</a>&nbsp;&nbsp;&nbsp;systemAlarmHandleCBS
<LI><a href="#[16]">&gt;&gt;</a>&nbsp;&nbsp;&nbsp;stgMenu_dl_ReviewMainCBS
<LI><a href="#[17]">&gt;&gt;</a>&nbsp;&nbsp;&nbsp;stgMenu_dl_ReviewCBS
<LI><a href="#[18]">&gt;&gt;</a>&nbsp;&nbsp;&nbsp;stgMenu_dl_EditCBS
<LI><a href="#[19]">&gt;&gt;</a>&nbsp;&nbsp;&nbsp;stgMenu_dl_DeleteCBS
<LI><a href="#[10]">&gt;&gt;</a>&nbsp;&nbsp;&nbsp;stgMenu_WifiCBS
<LI><a href="#[12]">&gt;&gt;</a>&nbsp;&nbsp;&nbsp;stgMenu_PhoneNumberCBS
<LI><a href="#[11]">&gt;&gt;</a>&nbsp;&nbsp;&nbsp;stgMenu_PasswordCBS
<LI><a href="#[1a]">&gt;&gt;</a>&nbsp;&nbsp;&nbsp;stgMenu_PN_EnterNbCBS
<LI><a href="#[d]">&gt;&gt;</a>&nbsp;&nbsp;&nbsp;stgMenu_MainMenuCBS
<LI><a href="#[13]">&gt;&gt;</a>&nbsp;&nbsp;&nbsp;stgMenu_MachineInfoCBS
<LI><a href="#[e]">&gt;&gt;</a>&nbsp;&nbsp;&nbsp;stgMenu_LearnSensorCBS
<LI><a href="#[14]">&gt;&gt;</a>&nbsp;&nbsp;&nbsp;stgMenu_FactorySettingsCBS
<LI><a href="#[f]">&gt;&gt;</a>&nbsp;&nbsp;&nbsp;stgMenu_DTCListCBS
<LI><a href="#[15]">&gt;&gt;</a>&nbsp;&nbsp;&nbsp;stgMenu_AlarmRecordCBS
<LI><a href="#[113]">&gt;&gt;</a>&nbsp;&nbsp;&nbsp;showSystemTime
<LI><a href="#[a]">&gt;&gt;</a>&nbsp;&nbsp;&nbsp;gnlMenu_EnterPinCBS
<LI><a href="#[9]">&gt;&gt;</a>&nbsp;&nbsp;&nbsp;gnlMenu_DialNumberCBS
<LI><a href="#[c]">&gt;&gt;</a>&nbsp;&nbsp;&nbsp;ganMenu_FirmwareUpdate
<LI><a href="#[1c]">&gt;&gt;</a>&nbsp;&nbsp;&nbsp;S_HomeArmModeProc
<LI><a href="#[1b]">&gt;&gt;</a>&nbsp;&nbsp;&nbsp;S_ENArmModeProc
<LI><a href="#[1d]">&gt;&gt;</a>&nbsp;&nbsp;&nbsp;S_DisArmModeProc
</UL>

<P><STRONG><a name="[be]"></a>LCD_WR_DATA</STRONG> (Thumb, 26 bytes, Stack size 12 bytes, hal_tftlcd.o(i.LCD_WR_DATA))
<BR><BR>[Stack]<UL><LI>Max Depth = 12<LI>Call Chain = LCD_WR_DATA
</UL>
<BR>[Calls]<UL><LI><a href="#[c1]">&gt;&gt;</a>&nbsp;&nbsp;&nbsp;DMA_SPI3_TX
</UL>
<BR>[Called By]<UL><LI><a href="#[aa]">&gt;&gt;</a>&nbsp;&nbsp;&nbsp;LCD_ShowPicture32PixFont
<LI><a href="#[c2]">&gt;&gt;</a>&nbsp;&nbsp;&nbsp;LCD_ShowChar
<LI><a href="#[bc]">&gt;&gt;</a>&nbsp;&nbsp;&nbsp;LCD_Address_Set
<LI><a href="#[bf]">&gt;&gt;</a>&nbsp;&nbsp;&nbsp;LCD_DrawPoint
</UL>

<P><STRONG><a name="[c4]"></a>LCD_WR_DATA8</STRONG> (Thumb, 12 bytes, Stack size 8 bytes, hal_tftlcd.o(i.LCD_WR_DATA8))
<BR><BR>[Stack]<UL><LI>Max Depth = 16<LI>Call Chain = LCD_WR_DATA8 &rArr; LCD_Writ_Bus
</UL>
<BR>[Calls]<UL><LI><a href="#[c5]">&gt;&gt;</a>&nbsp;&nbsp;&nbsp;LCD_Writ_Bus
</UL>
<BR>[Called By]<UL><LI><a href="#[1bd]">&gt;&gt;</a>&nbsp;&nbsp;&nbsp;mt_tftlcd_init
</UL>

<P><STRONG><a name="[bd]"></a>LCD_WR_REG</STRONG> (Thumb, 28 bytes, Stack size 8 bytes, hal_tftlcd.o(i.LCD_WR_REG))
<BR><BR>[Stack]<UL><LI>Max Depth = 16<LI>Call Chain = LCD_WR_REG &rArr; LCD_Writ_Bus
</UL>
<BR>[Calls]<UL><LI><a href="#[c5]">&gt;&gt;</a>&nbsp;&nbsp;&nbsp;LCD_Writ_Bus
<LI><a href="#[c7]">&gt;&gt;</a>&nbsp;&nbsp;&nbsp;GPIO_SetBits
<LI><a href="#[c6]">&gt;&gt;</a>&nbsp;&nbsp;&nbsp;GPIO_ResetBits
</UL>
<BR>[Called By]<UL><LI><a href="#[1bd]">&gt;&gt;</a>&nbsp;&nbsp;&nbsp;mt_tftlcd_init
<LI><a href="#[bc]">&gt;&gt;</a>&nbsp;&nbsp;&nbsp;LCD_Address_Set
</UL>

<P><STRONG><a name="[c5]"></a>LCD_Writ_Bus</STRONG> (Thumb, 20 bytes, Stack size 8 bytes, hal_tftlcd.o(i.LCD_Writ_Bus))
<BR><BR>[Stack]<UL><LI>Max Depth = 8<LI>Call Chain = LCD_Writ_Bus
</UL>
<BR>[Calls]<UL><LI><a href="#[c1]">&gt;&gt;</a>&nbsp;&nbsp;&nbsp;DMA_SPI3_TX
<LI><a href="#[c6]">&gt;&gt;</a>&nbsp;&nbsp;&nbsp;GPIO_ResetBits
</UL>
<BR>[Called By]<UL><LI><a href="#[bd]">&gt;&gt;</a>&nbsp;&nbsp;&nbsp;LCD_WR_REG
<LI><a href="#[c4]">&gt;&gt;</a>&nbsp;&nbsp;&nbsp;LCD_WR_DATA8
</UL>

<P><STRONG><a name="[ce]"></a>MD5Decode</STRONG> (Thumb, 50 bytes, Stack size 16 bytes, mt_md5.o(i.MD5Decode))
<BR><BR>[Stack]<UL><LI>Max Depth = 16<LI>Call Chain = MD5Decode
</UL>
<BR>[Called By]<UL><LI><a href="#[cd]">&gt;&gt;</a>&nbsp;&nbsp;&nbsp;MD5Transform
</UL>

<P><STRONG><a name="[cb]"></a>MD5Encode</STRONG> (Thumb, 62 bytes, Stack size 16 bytes, mt_md5.o(i.MD5Encode))
<BR><BR>[Stack]<UL><LI>Max Depth = 16<LI>Call Chain = MD5Encode
</UL>
<BR>[Called By]<UL><LI><a href="#[ca]">&gt;&gt;</a>&nbsp;&nbsp;&nbsp;MD5Final
</UL>

<P><STRONG><a name="[ca]"></a>MD5Final</STRONG> (Thumb, 80 bytes, Stack size 32 bytes, mt_md5.o(i.MD5Final))
<BR><BR>[Stack]<UL><LI>Max Depth = 364<LI>Call Chain = MD5Final &rArr; MD5Update &rArr; MD5Transform &rArr; MD5Decode
</UL>
<BR>[Calls]<UL><LI><a href="#[cc]">&gt;&gt;</a>&nbsp;&nbsp;&nbsp;MD5Update
<LI><a href="#[cb]">&gt;&gt;</a>&nbsp;&nbsp;&nbsp;MD5Encode
</UL>
<BR>[Called By]<UL><LI><a href="#[1a9]">&gt;&gt;</a>&nbsp;&nbsp;&nbsp;mt_md5_EncipherPassWord
</UL>

<P><STRONG><a name="[1ab]"></a>MD5Init</STRONG> (Thumb, 26 bytes, Stack size 0 bytes, mt_md5.o(i.MD5Init))
<BR><BR>[Called By]<UL><LI><a href="#[1a9]">&gt;&gt;</a>&nbsp;&nbsp;&nbsp;mt_md5_EncipherPassWord
</UL>

<P><STRONG><a name="[cd]"></a>MD5Transform</STRONG> (Thumb, 1898 bytes, Stack size 284 bytes, mt_md5.o(i.MD5Transform))
<BR><BR>[Stack]<UL><LI>Max Depth = 300<LI>Call Chain = MD5Transform &rArr; MD5Decode
</UL>
<BR>[Calls]<UL><LI><a href="#[ce]">&gt;&gt;</a>&nbsp;&nbsp;&nbsp;MD5Decode
</UL>
<BR>[Called By]<UL><LI><a href="#[cc]">&gt;&gt;</a>&nbsp;&nbsp;&nbsp;MD5Update
</UL>

<P><STRONG><a name="[cc]"></a>MD5Update</STRONG> (Thumb, 140 bytes, Stack size 32 bytes, mt_md5.o(i.MD5Update))
<BR><BR>[Stack]<UL><LI>Max Depth = 332<LI>Call Chain = MD5Update &rArr; MD5Transform &rArr; MD5Decode
</UL>
<BR>[Calls]<UL><LI><a href="#[cf]">&gt;&gt;</a>&nbsp;&nbsp;&nbsp;__aeabi_memcpy
<LI><a href="#[cd]">&gt;&gt;</a>&nbsp;&nbsp;&nbsp;MD5Transform
</UL>
<BR>[Called By]<UL><LI><a href="#[1a9]">&gt;&gt;</a>&nbsp;&nbsp;&nbsp;mt_md5_EncipherPassWord
<LI><a href="#[ca]">&gt;&gt;</a>&nbsp;&nbsp;&nbsp;MD5Final
</UL>

<P><STRONG><a name="[23]"></a>MemManage_Handler</STRONG> (Thumb, 4 bytes, Stack size 0 bytes, stm32f10x_it.o(i.MemManage_Handler))
<BR>[Address Reference Count : 1]<UL><LI> startup_stm32f10x_cl.o(RESET)
</UL>
<P><STRONG><a name="[21]"></a>NMI_Handler</STRONG> (Thumb, 2 bytes, Stack size 0 bytes, stm32f10x_it.o(i.NMI_Handler))
<BR>[Address Reference Count : 1]<UL><LI> startup_stm32f10x_cl.o(RESET)
</UL>
<P><STRONG><a name="[134]"></a>NVIC_Init</STRONG> (Thumb, 100 bytes, Stack size 16 bytes, misc.o(i.NVIC_Init))
<BR><BR>[Stack]<UL><LI>Max Depth = 16<LI>Call Chain = NVIC_Init
</UL>
<BR>[Called By]<UL><LI><a href="#[149]">&gt;&gt;</a>&nbsp;&nbsp;&nbsp;hal_usart_Config
<LI><a href="#[12e]">&gt;&gt;</a>&nbsp;&nbsp;&nbsp;hal_DMA_Config
<LI><a href="#[13c]">&gt;&gt;</a>&nbsp;&nbsp;&nbsp;hal_timer3CapConfig
<LI><a href="#[16c]">&gt;&gt;</a>&nbsp;&nbsp;&nbsp;hal_timer4Config
</UL>

<P><STRONG><a name="[133]"></a>NVIC_PriorityGroupConfig</STRONG> (Thumb, 10 bytes, Stack size 0 bytes, misc.o(i.NVIC_PriorityGroupConfig))
<BR><BR>[Called By]<UL><LI><a href="#[12e]">&gt;&gt;</a>&nbsp;&nbsp;&nbsp;hal_DMA_Config
<LI><a href="#[16c]">&gt;&gt;</a>&nbsp;&nbsp;&nbsp;hal_timer4Config
</UL>

<P><STRONG><a name="[173]"></a>NVIC_SetVectorTable</STRONG> (Thumb, 12 bytes, Stack size 0 bytes, misc.o(i.NVIC_SetVectorTable))
<BR><BR>[Called By]<UL><LI><a href="#[82]">&gt;&gt;</a>&nbsp;&nbsp;&nbsp;main
</UL>

<P><STRONG><a name="[12c]"></a>OS_CPUInterruptCBSRegister</STRONG> (Thumb, 12 bytes, Stack size 0 bytes, os_system.o(i.OS_CPUInterruptCBSRegister))
<BR><BR>[Called By]<UL><LI><a href="#[12a]">&gt;&gt;</a>&nbsp;&nbsp;&nbsp;hal_CPUInit
</UL>

<P><STRONG><a name="[e2]"></a>OS_ClockInterruptHandle</STRONG> (Thumb, 100 bytes, Stack size 0 bytes, os_system.o(i.OS_ClockInterruptHandle))
<BR><BR>[Called By]<UL><LI><a href="#[29]">&gt;&gt;</a>&nbsp;&nbsp;&nbsp;SysTick_Handler
</UL>

<P><STRONG><a name="[175]"></a>OS_CreatTask</STRONG> (Thumb, 62 bytes, Stack size 16 bytes, os_system.o(i.OS_CreatTask))
<BR><BR>[Stack]<UL><LI>Max Depth = 16<LI>Call Chain = OS_CreatTask
</UL>
<BR>[Called By]<UL><LI><a href="#[82]">&gt;&gt;</a>&nbsp;&nbsp;&nbsp;main
</UL>

<P><STRONG><a name="[177]"></a>OS_Start</STRONG> (Thumb, 56 bytes, Stack size 0 bytes, os_system.o(i.OS_Start))
<BR><BR>[Called By]<UL><LI><a href="#[82]">&gt;&gt;</a>&nbsp;&nbsp;&nbsp;main
</UL>

<P><STRONG><a name="[174]"></a>OS_TaskInit</STRONG> (Thumb, 56 bytes, Stack size 0 bytes, os_system.o(i.OS_TaskInit))
<BR><BR>[Called By]<UL><LI><a href="#[82]">&gt;&gt;</a>&nbsp;&nbsp;&nbsp;main
</UL>

<P><STRONG><a name="[d0]"></a>ParaInit</STRONG> (Thumb, 96 bytes, Stack size 8 bytes, para.o(i.ParaInit))
<BR><BR>[Stack]<UL><LI>Max Depth = 128<LI>Call Chain = ParaInit &rArr; mt_para_FactoryReset &rArr; I2C_PageWrite &rArr; I2C_WaitAck &rArr; hal_I2C_SDA_IO_Set &rArr; GPIO_Init
</UL>
<BR>[Calls]<UL><LI><a href="#[93]">&gt;&gt;</a>&nbsp;&nbsp;&nbsp;I2C_Read
<LI><a href="#[d1]">&gt;&gt;</a>&nbsp;&nbsp;&nbsp;mt_para_SystemParaCheck
<LI><a href="#[d2]">&gt;&gt;</a>&nbsp;&nbsp;&nbsp;mt_para_DtcParaCheck
<LI><a href="#[d3]">&gt;&gt;</a>&nbsp;&nbsp;&nbsp;mt_para_FactoryReset
</UL>
<BR>[Called By]<UL><LI><a href="#[82]">&gt;&gt;</a>&nbsp;&nbsp;&nbsp;main
</UL>

<P><STRONG><a name="[28]"></a>PendSV_Handler</STRONG> (Thumb, 2 bytes, Stack size 0 bytes, stm32f10x_it.o(i.PendSV_Handler))
<BR>[Address Reference Count : 1]<UL><LI> startup_stm32f10x_cl.o(RESET)
</UL>
<P><STRONG><a name="[11f]"></a>RCC_ADCCLKConfig</STRONG> (Thumb, 18 bytes, Stack size 0 bytes, stm32f10x_rcc.o(i.RCC_ADCCLKConfig))
<BR><BR>[Called By]<UL><LI><a href="#[11c]">&gt;&gt;</a>&nbsp;&nbsp;&nbsp;hal_AdcInit
</UL>

<P><STRONG><a name="[12f]"></a>RCC_AHBPeriphClockCmd</STRONG> (Thumb, 26 bytes, Stack size 0 bytes, stm32f10x_rcc.o(i.RCC_AHBPeriphClockCmd))
<BR><BR>[Called By]<UL><LI><a href="#[12e]">&gt;&gt;</a>&nbsp;&nbsp;&nbsp;hal_DMA_Config
<LI><a href="#[167]">&gt;&gt;</a>&nbsp;&nbsp;&nbsp;hal_tftlcdConfig
</UL>

<P><STRONG><a name="[15c]"></a>RCC_APB1PeriphClockCmd</STRONG> (Thumb, 26 bytes, Stack size 0 bytes, stm32f10x_rcc.o(i.RCC_APB1PeriphClockCmd))
<BR><BR>[Called By]<UL><LI><a href="#[149]">&gt;&gt;</a>&nbsp;&nbsp;&nbsp;hal_usart_Config
<LI><a href="#[13c]">&gt;&gt;</a>&nbsp;&nbsp;&nbsp;hal_timer3CapConfig
<LI><a href="#[167]">&gt;&gt;</a>&nbsp;&nbsp;&nbsp;hal_tftlcdConfig
<LI><a href="#[15b]">&gt;&gt;</a>&nbsp;&nbsp;&nbsp;hal_spi2Init
<LI><a href="#[16c]">&gt;&gt;</a>&nbsp;&nbsp;&nbsp;hal_timer4Config
</UL>

<P><STRONG><a name="[ee]"></a>RCC_APB1PeriphResetCmd</STRONG> (Thumb, 26 bytes, Stack size 0 bytes, stm32f10x_rcc.o(i.RCC_APB1PeriphResetCmd))
<BR><BR>[Called By]<UL><LI><a href="#[ec]">&gt;&gt;</a>&nbsp;&nbsp;&nbsp;TIM_DeInit
</UL>

<P><STRONG><a name="[11d]"></a>RCC_APB2PeriphClockCmd</STRONG> (Thumb, 26 bytes, Stack size 0 bytes, stm32f10x_rcc.o(i.RCC_APB2PeriphClockCmd))
<BR><BR>[Called By]<UL><LI><a href="#[11c]">&gt;&gt;</a>&nbsp;&nbsp;&nbsp;hal_AdcInit
<LI><a href="#[149]">&gt;&gt;</a>&nbsp;&nbsp;&nbsp;hal_usart_Config
<LI><a href="#[156]">&gt;&gt;</a>&nbsp;&nbsp;&nbsp;hal_keyConfig
<LI><a href="#[13c]">&gt;&gt;</a>&nbsp;&nbsp;&nbsp;hal_timer3CapConfig
<LI><a href="#[13b]">&gt;&gt;</a>&nbsp;&nbsp;&nbsp;hal_Tim3_SentDatPin
<LI><a href="#[14f]">&gt;&gt;</a>&nbsp;&nbsp;&nbsp;hal_Wtn6Config
<LI><a href="#[167]">&gt;&gt;</a>&nbsp;&nbsp;&nbsp;hal_tftlcdConfig
<LI><a href="#[15b]">&gt;&gt;</a>&nbsp;&nbsp;&nbsp;hal_spi2Init
<LI><a href="#[13d]">&gt;&gt;</a>&nbsp;&nbsp;&nbsp;hal_GpioConfig_init
<LI><a href="#[145]">&gt;&gt;</a>&nbsp;&nbsp;&nbsp;hal_LedConfig
<LI><a href="#[b8]">&gt;&gt;</a>&nbsp;&nbsp;&nbsp;hal_I2C_SDA_IO_Set
<LI><a href="#[13f]">&gt;&gt;</a>&nbsp;&nbsp;&nbsp;hal_I2CConfig
</UL>

<P><STRONG><a name="[ed]"></a>RCC_APB2PeriphResetCmd</STRONG> (Thumb, 26 bytes, Stack size 0 bytes, stm32f10x_rcc.o(i.RCC_APB2PeriphResetCmd))
<BR><BR>[Called By]<UL><LI><a href="#[ec]">&gt;&gt;</a>&nbsp;&nbsp;&nbsp;TIM_DeInit
</UL>

<P><STRONG><a name="[ff]"></a>RCC_GetClocksFreq</STRONG> (Thumb, 374 bytes, Stack size 24 bytes, stm32f10x_rcc.o(i.RCC_GetClocksFreq))
<BR><BR>[Stack]<UL><LI>Max Depth = 24<LI>Call Chain = RCC_GetClocksFreq
</UL>
<BR>[Called By]<UL><LI><a href="#[fe]">&gt;&gt;</a>&nbsp;&nbsp;&nbsp;USART_Init
</UL>

<P><STRONG><a name="[15e]"></a>SPI_Cmd</STRONG> (Thumb, 24 bytes, Stack size 0 bytes, stm32f10x_spi.o(i.SPI_Cmd))
<BR><BR>[Called By]<UL><LI><a href="#[167]">&gt;&gt;</a>&nbsp;&nbsp;&nbsp;hal_tftlcdConfig
<LI><a href="#[15b]">&gt;&gt;</a>&nbsp;&nbsp;&nbsp;hal_spi2Init
</UL>

<P><STRONG><a name="[169]"></a>SPI_I2S_DMACmd</STRONG> (Thumb, 18 bytes, Stack size 0 bytes, stm32f10x_spi.o(i.SPI_I2S_DMACmd))
<BR><BR>[Called By]<UL><LI><a href="#[167]">&gt;&gt;</a>&nbsp;&nbsp;&nbsp;hal_tftlcdConfig
</UL>

<P><STRONG><a name="[160]"></a>SPI_I2S_GetFlagStatus</STRONG> (Thumb, 18 bytes, Stack size 0 bytes, stm32f10x_spi.o(i.SPI_I2S_GetFlagStatus))
<BR><BR>[Called By]<UL><LI><a href="#[15f]">&gt;&gt;</a>&nbsp;&nbsp;&nbsp;hal_spi2ReadWriteByte
</UL>

<P><STRONG><a name="[162]"></a>SPI_I2S_ReceiveData</STRONG> (Thumb, 6 bytes, Stack size 0 bytes, stm32f10x_spi.o(i.SPI_I2S_ReceiveData))
<BR><BR>[Called By]<UL><LI><a href="#[15f]">&gt;&gt;</a>&nbsp;&nbsp;&nbsp;hal_spi2ReadWriteByte
</UL>

<P><STRONG><a name="[161]"></a>SPI_I2S_SendData</STRONG> (Thumb, 4 bytes, Stack size 0 bytes, stm32f10x_spi.o(i.SPI_I2S_SendData))
<BR><BR>[Called By]<UL><LI><a href="#[15f]">&gt;&gt;</a>&nbsp;&nbsp;&nbsp;hal_spi2ReadWriteByte
</UL>

<P><STRONG><a name="[15d]"></a>SPI_Init</STRONG> (Thumb, 60 bytes, Stack size 8 bytes, stm32f10x_spi.o(i.SPI_Init))
<BR><BR>[Stack]<UL><LI>Max Depth = 8<LI>Call Chain = SPI_Init
</UL>
<BR>[Called By]<UL><LI><a href="#[167]">&gt;&gt;</a>&nbsp;&nbsp;&nbsp;hal_tftlcdConfig
<LI><a href="#[15b]">&gt;&gt;</a>&nbsp;&nbsp;&nbsp;hal_spi2Init
</UL>

<P><STRONG><a name="[26]"></a>SVC_Handler</STRONG> (Thumb, 2 bytes, Stack size 0 bytes, stm32f10x_it.o(i.SVC_Handler))
<BR>[Address Reference Count : 1]<UL><LI> startup_stm32f10x_cl.o(RESET)
</UL>
<P><STRONG><a name="[c9]"></a>S_QueueDataIn</STRONG> (Thumb, 120 bytes, Stack size 40 bytes, os_system.o(i.S_QueueDataIn))
<BR><BR>[Stack]<UL><LI>Max Depth = 40<LI>Call Chain = S_QueueDataIn
</UL>
<BR>[Called By]<UL><LI><a href="#[fd]">&gt;&gt;</a>&nbsp;&nbsp;&nbsp;USART1_PutInDebugString
<LI><a href="#[fb]">&gt;&gt;</a>&nbsp;&nbsp;&nbsp;USART1_PutInDebugInfo
<LI><a href="#[19e]">&gt;&gt;</a>&nbsp;&nbsp;&nbsp;mt_gsmSendMessage
<LI><a href="#[74]">&gt;&gt;</a>&nbsp;&nbsp;&nbsp;mt_4G_RxMsgInput
<LI><a href="#[11a]">&gt;&gt;</a>&nbsp;&nbsp;&nbsp;mt4g_TxMsgInput
<LI><a href="#[9d]">&gt;&gt;</a>&nbsp;&nbsp;&nbsp;mt_proto_PutInEvent
<LI><a href="#[16e]">&gt;&gt;</a>&nbsp;&nbsp;&nbsp;hal_usart2TxMsgInput
<LI><a href="#[78]">&gt;&gt;</a>&nbsp;&nbsp;&nbsp;mt_wifi_RxMsgInput
<LI><a href="#[8]">&gt;&gt;</a>&nbsp;&nbsp;&nbsp;gnlMenu_DesktopCBS
<LI><a href="#[1c]">&gt;&gt;</a>&nbsp;&nbsp;&nbsp;S_HomeArmModeProc
<LI><a href="#[1b]">&gt;&gt;</a>&nbsp;&nbsp;&nbsp;S_ENArmModeProc
<LI><a href="#[1d]">&gt;&gt;</a>&nbsp;&nbsp;&nbsp;S_DisArmModeProc
<LI><a href="#[1e]">&gt;&gt;</a>&nbsp;&nbsp;&nbsp;S_AlarmModeProc
<LI><a href="#[c8]">&gt;&gt;</a>&nbsp;&nbsp;&nbsp;LoraRcvGedDatHandle
<LI><a href="#[1a6]">&gt;&gt;</a>&nbsp;&nbsp;&nbsp;mt_lora_TxMsgInput
<LI><a href="#[75]">&gt;&gt;</a>&nbsp;&nbsp;&nbsp;mt_lora_RxMsgInput
</UL>

<P><STRONG><a name="[a2]"></a>S_QueueDataLen</STRONG> (Thumb, 46 bytes, Stack size 8 bytes, os_system.o(i.S_QueueDataLen))
<BR><BR>[Stack]<UL><LI>Max Depth = 8<LI>Call Chain = S_QueueDataLen
</UL>
<BR>[Called By]<UL><LI><a href="#[fd]">&gt;&gt;</a>&nbsp;&nbsp;&nbsp;USART1_PutInDebugString
<LI><a href="#[fb]">&gt;&gt;</a>&nbsp;&nbsp;&nbsp;USART1_PutInDebugInfo
<LI><a href="#[14b]">&gt;&gt;</a>&nbsp;&nbsp;&nbsp;hal_uart1_DMA_DatSent
<LI><a href="#[a6]">&gt;&gt;</a>&nbsp;&nbsp;&nbsp;mt_4G_Mqtt_DatUpdataTask
<LI><a href="#[17b]">&gt;&gt;</a>&nbsp;&nbsp;&nbsp;mt_gsmDialHandle
<LI><a href="#[17f]">&gt;&gt;</a>&nbsp;&nbsp;&nbsp;mt_ES200C_UsartTxd_Handler
<LI><a href="#[180]">&gt;&gt;</a>&nbsp;&nbsp;&nbsp;mt_ES200C_UsartRxd_Handler
<LI><a href="#[a1]">&gt;&gt;</a>&nbsp;&nbsp;&nbsp;ES200C_DialSMSPro
<LI><a href="#[1c1]">&gt;&gt;</a>&nbsp;&nbsp;&nbsp;mt_wifi_Mqtt_DatUpdataTask
<LI><a href="#[18e]">&gt;&gt;</a>&nbsp;&nbsp;&nbsp;mt_WifiTx_Pro
<LI><a href="#[14c]">&gt;&gt;</a>&nbsp;&nbsp;&nbsp;hal_WifiRx_Pro
<LI><a href="#[1f]">&gt;&gt;</a>&nbsp;&nbsp;&nbsp;systemAlarmHandleCBS
<LI><a href="#[1c5]">&gt;&gt;</a>&nbsp;&nbsp;&nbsp;systemAlarmDialSmsHandle
<LI><a href="#[1c]">&gt;&gt;</a>&nbsp;&nbsp;&nbsp;S_HomeArmModeProc
<LI><a href="#[1b]">&gt;&gt;</a>&nbsp;&nbsp;&nbsp;S_ENArmModeProc
<LI><a href="#[1d]">&gt;&gt;</a>&nbsp;&nbsp;&nbsp;S_DisArmModeProc
<LI><a href="#[1e]">&gt;&gt;</a>&nbsp;&nbsp;&nbsp;S_AlarmModeProc
<LI><a href="#[1a6]">&gt;&gt;</a>&nbsp;&nbsp;&nbsp;mt_lora_TxMsgInput
<LI><a href="#[1a1]">&gt;&gt;</a>&nbsp;&nbsp;&nbsp;mt_loraTx_Pro
<LI><a href="#[19f]">&gt;&gt;</a>&nbsp;&nbsp;&nbsp;mt_loraRx_Pro
</UL>

<P><STRONG><a name="[a3]"></a>S_QueueDataOut</STRONG> (Thumb, 98 bytes, Stack size 32 bytes, os_system.o(i.S_QueueDataOut))
<BR><BR>[Stack]<UL><LI>Max Depth = 32<LI>Call Chain = S_QueueDataOut
</UL>
<BR>[Called By]<UL><LI><a href="#[14b]">&gt;&gt;</a>&nbsp;&nbsp;&nbsp;hal_uart1_DMA_DatSent
<LI><a href="#[a6]">&gt;&gt;</a>&nbsp;&nbsp;&nbsp;mt_4G_Mqtt_DatUpdataTask
<LI><a href="#[17f]">&gt;&gt;</a>&nbsp;&nbsp;&nbsp;mt_ES200C_UsartTxd_Handler
<LI><a href="#[180]">&gt;&gt;</a>&nbsp;&nbsp;&nbsp;mt_ES200C_UsartRxd_Handler
<LI><a href="#[a1]">&gt;&gt;</a>&nbsp;&nbsp;&nbsp;ES200C_DialSMSPro
<LI><a href="#[1c1]">&gt;&gt;</a>&nbsp;&nbsp;&nbsp;mt_wifi_Mqtt_DatUpdataTask
<LI><a href="#[18e]">&gt;&gt;</a>&nbsp;&nbsp;&nbsp;mt_WifiTx_Pro
<LI><a href="#[14c]">&gt;&gt;</a>&nbsp;&nbsp;&nbsp;hal_WifiRx_Pro
<LI><a href="#[1f]">&gt;&gt;</a>&nbsp;&nbsp;&nbsp;systemAlarmHandleCBS
<LI><a href="#[1c]">&gt;&gt;</a>&nbsp;&nbsp;&nbsp;S_HomeArmModeProc
<LI><a href="#[1b]">&gt;&gt;</a>&nbsp;&nbsp;&nbsp;S_ENArmModeProc
<LI><a href="#[1d]">&gt;&gt;</a>&nbsp;&nbsp;&nbsp;S_DisArmModeProc
<LI><a href="#[1e]">&gt;&gt;</a>&nbsp;&nbsp;&nbsp;S_AlarmModeProc
<LI><a href="#[1a1]">&gt;&gt;</a>&nbsp;&nbsp;&nbsp;mt_loraTx_Pro
<LI><a href="#[19f]">&gt;&gt;</a>&nbsp;&nbsp;&nbsp;mt_loraRx_Pro
</UL>

<P><STRONG><a name="[104]"></a>S_QueueEmpty</STRONG> (Thumb, 6 bytes, Stack size 0 bytes, os_system.o(i.S_QueueEmpty))
<BR><BR>[Called By]<UL><LI><a href="#[148]">&gt;&gt;</a>&nbsp;&nbsp;&nbsp;hal_UsartInit
<LI><a href="#[186]">&gt;&gt;</a>&nbsp;&nbsp;&nbsp;mt_wifi_changState
<LI><a href="#[187]">&gt;&gt;</a>&nbsp;&nbsp;&nbsp;mt_wifi_changMqttState
<LI><a href="#[18e]">&gt;&gt;</a>&nbsp;&nbsp;&nbsp;mt_WifiTx_Pro
<LI><a href="#[1be]">&gt;&gt;</a>&nbsp;&nbsp;&nbsp;mt_wifi_init
<LI><a href="#[1b4]">&gt;&gt;</a>&nbsp;&nbsp;&nbsp;mt_proto_init
<LI><a href="#[1a7]">&gt;&gt;</a>&nbsp;&nbsp;&nbsp;mt_lora_init
[...]
</UL>
<BR>[Called By]<UL><LI><a href="#[8]">&gt;&gt;</a>&nbsp;&nbsp;&nbsp;gnlMenu_DesktopCBS
</UL>

<P><STRONG><a name="[113]"></a>showSystemTime</STRONG> (Thumb, 526 bytes, Stack size 32 bytes, app.o(i.showSystemTime))
<BR><BR>[Stack]<UL><LI>Max Depth = 192<LI>Call Chain = showSystemTime &rArr; LCD_ShowString &rArr; LCD_ShowChar &rArr; LCD_DrawPoint &rArr; LCD_Address_Set &rArr; LCD_WR_REG &rArr; LCD_Writ_Bus
</UL>
<BR>[Calls]<UL><LI><a href="#[c3]">&gt;&gt;</a>&nbsp;&nbsp;&nbsp;LCD_ShowString
</UL>
<BR>[Called By]<UL><LI><a href="#[8]">&gt;&gt;</a>&nbsp;&nbsp;&nbsp;gnlMenu_DesktopCBS
</UL>

<P><STRONG><a name="[15]"></a>stgMenu_AlarmRecordCBS</STRONG> (Thumb, 132 bytes, Stack size 24 bytes, app.o(i.stgMenu_AlarmRecordCBS))
<BR><BR>[Stack]<UL><LI>Max Depth = 184<LI>Call Chain = stgMenu_AlarmRecordCBS &rArr; LCD_ShowString &rArr; LCD_ShowChar &rArr; LCD_DrawPoint &rArr; LCD_Address_Set &rArr; LCD_WR_REG &rArr; LCD_Writ_Bus
</UL>
<BR>[Calls]<UL><LI><a href="#[10c]">&gt;&gt;</a>&nbsp;&nbsp;&nbsp;hal_Tftlcd_Clear
<LI><a href="#[c3]">&gt;&gt;</a>&nbsp;&nbsp;&nbsp;LCD_ShowString
</UL>
<BR>[Address Reference Count : 1]<UL><LI> app.o(.data)
</UL>
<P><STRONG><a name="[f]"></a>stgMenu_DTCListCBS</STRONG> (Thumb, 2292 bytes, Stack size 96 bytes, app.o(i.stgMenu_DTCListCBS))
<BR><BR>[Stack]<UL><LI>Max Depth = 256<LI>Call Chain = stgMenu_DTCListCBS &rArr; LCD_ShowString &rArr; LCD_ShowChar &rArr; LCD_DrawPoint &rArr; LCD_Address_Set &rArr; LCD_WR_REG &rArr; LCD_Writ_Bus
</UL>
<BR>[Calls]<UL><LI><a href="#[10c]">&gt;&gt;</a>&nbsp;&nbsp;&nbsp;hal_Tftlcd_Clear
<LI><a href="#[c3]">&gt;&gt;</a>&nbsp;&nbsp;&nbsp;LCD_ShowString
<LI><a href="#[d7]">&gt;&gt;</a>&nbsp;&nbsp;&nbsp;GetDtcStu
<LI><a href="#[10b]">&gt;&gt;</a>&nbsp;&nbsp;&nbsp;CheckPresenceofDtc
</UL>
<BR>[Address Reference Count : 1]<UL><LI> app.o(.data)
</UL>
<P><STRONG><a name="[14]"></a>stgMenu_FactorySettingsCBS</STRONG> (Thumb, 494 bytes, Stack size 24 bytes, app.o(i.stgMenu_FactorySettingsCBS))
<BR><BR>[Stack]<UL><LI>Max Depth = 184<LI>Call Chain = stgMenu_FactorySettingsCBS &rArr; LCD_ShowString &rArr; LCD_ShowChar &rArr; LCD_DrawPoint &rArr; LCD_Address_Set &rArr; LCD_WR_REG &rArr; LCD_Writ_Bus
</UL>
<BR>[Calls]<UL><LI><a href="#[bb]">&gt;&gt;</a>&nbsp;&nbsp;&nbsp;hal_Wtn6_PlayVolue
<LI><a href="#[10c]">&gt;&gt;</a>&nbsp;&nbsp;&nbsp;hal_Tftlcd_Clear
<LI><a href="#[c3]">&gt;&gt;</a>&nbsp;&nbsp;&nbsp;LCD_ShowString
<LI><a href="#[d3]">&gt;&gt;</a>&nbsp;&nbsp;&nbsp;mt_para_FactoryReset
</UL>
<BR>[Address Reference Count : 1]<UL><LI> app.o(.data)
</UL>
<P><STRONG><a name="[e]"></a>stgMenu_LearnSensorCBS</STRONG> (Thumb, 460 bytes, Stack size 24 bytes, app.o(i.stgMenu_LearnSensorCBS))
<BR><BR>[Stack]<UL><LI>Max Depth = 184<LI>Call Chain = stgMenu_LearnSensorCBS &rArr; LCD_ShowString &rArr; LCD_ShowChar &rArr; LCD_DrawPoint &rArr; LCD_Address_Set &rArr; LCD_WR_REG &rArr; LCD_Writ_Bus
</UL>
<BR>[Calls]<UL><LI><a href="#[bb]">&gt;&gt;</a>&nbsp;&nbsp;&nbsp;hal_Wtn6_PlayVolue
<LI><a href="#[10c]">&gt;&gt;</a>&nbsp;&nbsp;&nbsp;hal_Tftlcd_Clear
<LI><a href="#[c3]">&gt;&gt;</a>&nbsp;&nbsp;&nbsp;LCD_ShowString
</UL>
<BR>[Address Reference Count : 1]<UL><LI> app.o(.data)
</UL>
<P><STRONG><a name="[6a]"></a>stgMenu_LoraDetectorApplyNetPro</STRONG> (Thumb, 220 bytes, Stack size 88 bytes, app.o(i.stgMenu_LoraDetectorApplyNetPro))
<BR><BR>[Stack]<UL><LI>Max Depth = 272<LI>Call Chain = stgMenu_LoraDetectorApplyNetPro &rArr; AddDtc &rArr; I2C_PageWrite &rArr; I2C_WaitAck &rArr; hal_I2C_SDA_IO_Set &rArr; GPIO_Init
</UL>
<BR>[Calls]<UL><LI><a href="#[91]">&gt;&gt;</a>&nbsp;&nbsp;&nbsp;AddDtc
</UL>
<BR>[Address Reference Count : 1]<UL><LI> app.o(i.app_task_init)
</UL>
<P><STRONG><a name="[13]"></a>stgMenu_MachineInfoCBS</STRONG> (Thumb, 782 bytes, Stack size 56 bytes, app.o(i.stgMenu_MachineInfoCBS))
<BR><BR>[Stack]<UL><LI>Max Depth = 216<LI>Call Chain = stgMenu_MachineInfoCBS &rArr; LCD_ShowString &rArr; LCD_ShowChar &rArr; LCD_DrawPoint &rArr; LCD_Address_Set &rArr; LCD_WR_REG &rArr; LCD_Writ_Bus
</UL>
<BR>[Calls]<UL><LI><a href="#[10c]">&gt;&gt;</a>&nbsp;&nbsp;&nbsp;hal_Tftlcd_Clear
<LI><a href="#[c3]">&gt;&gt;</a>&nbsp;&nbsp;&nbsp;LCD_ShowString
</UL>
<BR>[Address Reference Count : 1]<UL><LI> app.o(.data)
</UL>
<P><STRONG><a name="[d]"></a>stgMenu_MainMenuCBS</STRONG> (Thumb, 568 bytes, Stack size 32 bytes, app.o(i.stgMenu_MainMenuCBS))
<BR><BR>[Stack]<UL><LI>Max Depth = 192<LI>Call Chain = stgMenu_MainMenuCBS &rArr; LCD_ShowString &rArr; LCD_ShowChar &rArr; LCD_DrawPoint &rArr; LCD_Address_Set &rArr; LCD_WR_REG &rArr; LCD_Writ_Bus
</UL>
<BR>[Calls]<UL><LI><a href="#[116]">&gt;&gt;</a>&nbsp;&nbsp;&nbsp;mt_4g_DialHandup
<LI><a href="#[10c]">&gt;&gt;</a>&nbsp;&nbsp;&nbsp;hal_Tftlcd_Clear
<LI><a href="#[c3]">&gt;&gt;</a>&nbsp;&nbsp;&nbsp;LCD_ShowString
</UL>
<BR>[Address Reference Count : 1]<UL><LI> app.o(.data)
</UL>
<P><STRONG><a name="[1a]"></a>stgMenu_PN_EnterNbCBS</STRONG> (Thumb, 774 bytes, Stack size 40 bytes, app.o(i.stgMenu_PN_EnterNbCBS))
<BR><BR>[Stack]<UL><LI>Max Depth = 200<LI>Call Chain = stgMenu_PN_EnterNbCBS &rArr; LCD_ShowString &rArr; LCD_ShowChar &rArr; LCD_DrawPoint &rArr; LCD_Address_Set &rArr; LCD_WR_REG &rArr; LCD_Writ_Bus
</UL>
<BR>[Calls]<UL><LI><a href="#[10c]">&gt;&gt;</a>&nbsp;&nbsp;&nbsp;hal_Tftlcd_Clear
<LI><a href="#[c3]">&gt;&gt;</a>&nbsp;&nbsp;&nbsp;LCD_ShowString
<LI><a href="#[92]">&gt;&gt;</a>&nbsp;&nbsp;&nbsp;I2C_PageWrite
<LI><a href="#[a5]">&gt;&gt;</a>&nbsp;&nbsp;&nbsp;__aeabi_memclr4
<LI><a href="#[89]">&gt;&gt;</a>&nbsp;&nbsp;&nbsp;__aeabi_memcpy4
</UL>
<BR>[Address Reference Count : 1]<UL><LI> app.o(.data)
</UL>
<P><STRONG><a name="[11]"></a>stgMenu_PasswordCBS</STRONG> (Thumb, 980 bytes, Stack size 40 bytes, app.o(i.stgMenu_PasswordCBS))
<BR><BR>[Stack]<UL><LI>Max Depth = 200<LI>Call Chain = stgMenu_PasswordCBS &rArr; LCD_ShowString &rArr; LCD_ShowChar &rArr; LCD_DrawPoint &rArr; LCD_Address_Set &rArr; LCD_WR_REG &rArr; LCD_Writ_Bus
</UL>
<BR>[Calls]<UL><LI><a href="#[10c]">&gt;&gt;</a>&nbsp;&nbsp;&nbsp;hal_Tftlcd_Clear
<LI><a href="#[c3]">&gt;&gt;</a>&nbsp;&nbsp;&nbsp;LCD_ShowString
<LI><a href="#[92]">&gt;&gt;</a>&nbsp;&nbsp;&nbsp;I2C_PageWrite
</UL>
<BR>[Address Reference Count : 1]<UL><LI> app.o(.data)
</UL>
<P><STRONG><a name="[12]"></a>stgMenu_PhoneNumberCBS</STRONG> (Thumb, 632 bytes, Stack size 40 bytes, app.o(i.stgMenu_PhoneNumberCBS))
<BR><BR>[Stack]<UL><LI>Max Depth = 200<LI>Call Chain = stgMenu_PhoneNumberCBS &rArr; LCD_ShowString &rArr; LCD_ShowChar &rArr; LCD_DrawPoint &rArr; LCD_Address_Set &rArr; LCD_WR_REG &rArr; LCD_Writ_Bus
</UL>
<BR>[Calls]<UL><LI><a href="#[10c]">&gt;&gt;</a>&nbsp;&nbsp;&nbsp;hal_Tftlcd_Clear
<LI><a href="#[c3]">&gt;&gt;</a>&nbsp;&nbsp;&nbsp;LCD_ShowString
</UL>
<BR>[Address Reference Count : 1]<UL><LI> app.o(.data)
</UL>
<P><STRONG><a name="[10]"></a>stgMenu_WifiCBS</STRONG> (Thumb, 846 bytes, Stack size 32 bytes, app.o(i.stgMenu_WifiCBS))
<BR><BR>[Stack]<UL><LI>Max Depth = 328<LI>Call Chain = stgMenu_WifiCBS &rArr; mt_wifi_exit_SmartConfig &rArr; mt_sendATToWifi &rArr; hal_usart2TxMsgInput &rArr; S_QueueDataIn
</UL>
<BR>[Calls]<UL><LI><a href="#[bb]">&gt;&gt;</a>&nbsp;&nbsp;&nbsp;hal_Wtn6_PlayVolue
<LI><a href="#[185]">&gt;&gt;</a>&nbsp;&nbsp;&nbsp;mt_wifi_get_wifi_work_state
<LI><a href="#[1c2]">&gt;&gt;</a>&nbsp;&nbsp;&nbsp;mt_wifi_exit_SmartConfig
<LI><a href="#[186]">&gt;&gt;</a>&nbsp;&nbsp;&nbsp;mt_wifi_changState
<LI><a href="#[10c]">&gt;&gt;</a>&nbsp;&nbsp;&nbsp;hal_Tftlcd_Clear
<LI><a href="#[c3]">&gt;&gt;</a>&nbsp;&nbsp;&nbsp;LCD_ShowString
</UL>
<BR>[Address Reference Count : 1]<UL><LI> app.o(.data)
</UL>
<P><STRONG><a name="[19]"></a>stgMenu_dl_DeleteCBS</STRONG> (Thumb, 566 bytes, Stack size 24 bytes, app.o(i.stgMenu_dl_DeleteCBS))
<BR><BR>[Stack]<UL><LI>Max Depth = 184<LI>Call Chain = stgMenu_dl_DeleteCBS &rArr; LCD_ShowString &rArr; LCD_ShowChar &rArr; LCD_DrawPoint &rArr; LCD_Address_Set &rArr; LCD_WR_REG &rArr; LCD_Writ_Bus
</UL>
<BR>[Calls]<UL><LI><a href="#[10c]">&gt;&gt;</a>&nbsp;&nbsp;&nbsp;hal_Tftlcd_Clear
<LI><a href="#[c3]">&gt;&gt;</a>&nbsp;&nbsp;&nbsp;LCD_ShowString
<LI><a href="#[df]">&gt;&gt;</a>&nbsp;&nbsp;&nbsp;SetDtcAbt
<LI><a href="#[d7]">&gt;&gt;</a>&nbsp;&nbsp;&nbsp;GetDtcStu
<LI><a href="#[10b]">&gt;&gt;</a>&nbsp;&nbsp;&nbsp;CheckPresenceofDtc
</UL>
<BR>[Address Reference Count : 1]<UL><LI> app.o(.data)
</UL>
<P><STRONG><a name="[18]"></a>stgMenu_dl_EditCBS</STRONG> (Thumb, 1164 bytes, Stack size 56 bytes, app.o(i.stgMenu_dl_EditCBS))
<BR><BR>[Stack]<UL><LI>Max Depth = 216<LI>Call Chain = stgMenu_dl_EditCBS &rArr; LCD_ShowString &rArr; LCD_ShowChar &rArr; LCD_DrawPoint &rArr; LCD_Address_Set &rArr; LCD_WR_REG &rArr; LCD_Writ_Bus
</UL>
<BR>[Calls]<UL><LI><a href="#[1ac]">&gt;&gt;</a>&nbsp;&nbsp;&nbsp;StringhexToAsciiConversion
<LI><a href="#[10c]">&gt;&gt;</a>&nbsp;&nbsp;&nbsp;hal_Tftlcd_Clear
<LI><a href="#[c3]">&gt;&gt;</a>&nbsp;&nbsp;&nbsp;LCD_ShowString
<LI><a href="#[df]">&gt;&gt;</a>&nbsp;&nbsp;&nbsp;SetDtcAbt
<LI><a href="#[d7]">&gt;&gt;</a>&nbsp;&nbsp;&nbsp;GetDtcStu
<LI><a href="#[10b]">&gt;&gt;</a>&nbsp;&nbsp;&nbsp;CheckPresenceofDtc
</UL>
<BR>[Address Reference Count : 1]<UL><LI> app.o(.data)
</UL>
<P><STRONG><a name="[17]"></a>stgMenu_dl_ReviewCBS</STRONG> (Thumb, 692 bytes, Stack size 104 bytes, app.o(i.stgMenu_dl_ReviewCBS))
<BR><BR>[Stack]<UL><LI>Max Depth = 264<LI>Call Chain = stgMenu_dl_ReviewCBS &rArr; LCD_ShowString &rArr; LCD_ShowChar &rArr; LCD_DrawPoint &rArr; LCD_Address_Set &rArr; LCD_WR_REG &rArr; LCD_Writ_Bus
</UL>
<BR>[Calls]<UL><LI><a href="#[1ac]">&gt;&gt;</a>&nbsp;&nbsp;&nbsp;StringhexToAsciiConversion
<LI><a href="#[10c]">&gt;&gt;</a>&nbsp;&nbsp;&nbsp;hal_Tftlcd_Clear
<LI><a href="#[c3]">&gt;&gt;</a>&nbsp;&nbsp;&nbsp;LCD_ShowString
<LI><a href="#[d7]">&gt;&gt;</a>&nbsp;&nbsp;&nbsp;GetDtcStu
<LI><a href="#[10b]">&gt;&gt;</a>&nbsp;&nbsp;&nbsp;CheckPresenceofDtc
</UL>
<BR>[Address Reference Count : 1]<UL><LI> app.o(.data)
</UL>
<P><STRONG><a name="[16]"></a>stgMenu_dl_ReviewMainCBS</STRONG> (Thumb, 604 bytes, Stack size 88 bytes, app.o(i.stgMenu_dl_ReviewMainCBS))
<BR><BR>[Stack]<UL><LI>Max Depth = 248<LI>Call Chain = stgMenu_dl_ReviewMainCBS &rArr; LCD_ShowString &rArr; LCD_ShowChar &rArr; LCD_DrawPoint &rArr; LCD_Address_Set &rArr; LCD_WR_REG &rArr; LCD_Writ_Bus
</UL>
<BR>[Calls]<UL><LI><a href="#[10c]">&gt;&gt;</a>&nbsp;&nbsp;&nbsp;hal_Tftlcd_Clear
<LI><a href="#[c3]">&gt;&gt;</a>&nbsp;&nbsp;&nbsp;LCD_ShowString
<LI><a href="#[d7]">&gt;&gt;</a>&nbsp;&nbsp;&nbsp;GetDtcStu
<LI><a href="#[10b]">&gt;&gt;</a>&nbsp;&nbsp;&nbsp;CheckPresenceofDtc
</UL>
<BR>[Address Reference Count : 1]<UL><LI> app.o(.data)
</UL>
<P><STRONG><a name="[6b]"></a>str_lora_loracommPro</STRONG> (Thumb, 72 bytes, Stack size 88 bytes, app.o(i.str_lora_loracommPro))
<BR><BR>[Stack]<UL><LI>Max Depth = 152<LI>Call Chain = str_lora_loracommPro &rArr; LoraRcvGedDatHandle &rArr; S_QueueDataIn
</UL>
<BR>[Calls]<UL><LI><a href="#[1c4]">&gt;&gt;</a>&nbsp;&nbsp;&nbsp;DtcMatching
<LI><a href="#[c8]">&gt;&gt;</a>&nbsp;&nbsp;&nbsp;LoraRcvGedDatHandle
</UL>
<BR>[Address Reference Count : 1]<UL><LI> app.o(i.app_task_init)
</UL>
<P><STRONG><a name="[1c5]"></a>systemAlarmDialSmsHandle</STRONG> (Thumb, 372 bytes, Stack size 160 bytes, app.o(i.systemAlarmDialSmsHandle))
<BR><BR>[Stack]<UL><LI>Max Depth = 552<LI>Call Chain = systemAlarmDialSmsHandle &rArr; mt_4G_AlarmingAtaOper &rArr; mt_gsmDialHandle &rArr; mt_4GSMSDialStateChange
</UL>
<BR>[Calls]<UL><LI><a href="#[a2]">&gt;&gt;</a>&nbsp;&nbsp;&nbsp;S_QueueDataLen
<LI><a href="#[19e]">&gt;&gt;</a>&nbsp;&nbsp;&nbsp;mt_gsmSendMessage
<LI><a href="#[9f]">&gt;&gt;</a>&nbsp;&nbsp;&nbsp;mt_getSMSDialState
<LI><a href="#[17a]">&gt;&gt;</a>&nbsp;&nbsp;&nbsp;mt_4G_AlarmingAtaOper
<LI><a href="#[1c6]">&gt;&gt;</a>&nbsp;&nbsp;&nbsp;SystemGetPhoneNo
<LI><a href="#[a5]">&gt;&gt;</a>&nbsp;&nbsp;&nbsp;__aeabi_memclr4
</UL>
<BR>[Called By]<UL><LI><a href="#[1f]">&gt;&gt;</a>&nbsp;&nbsp;&nbsp;systemAlarmHandleCBS
</UL>

<P><STRONG><a name="[1f]"></a>systemAlarmHandleCBS</STRONG> (Thumb, 862 bytes, Stack size 88 bytes, app.o(i.systemAlarmHandleCBS))
<BR><BR>[Stack]<UL><LI>Max Depth = 640<LI>Call Chain = systemAlarmHandleCBS &rArr; systemAlarmDialSmsHandle &rArr; mt_4G_AlarmingAtaOper &rArr; mt_gsmDialHandle &rArr; mt_4GSMSDialStateChange
</UL>
<BR>[Calls]<UL><LI><a href="#[a3]">&gt;&gt;</a>&nbsp;&nbsp;&nbsp;S_QueueDataOut
<LI><a href="#[a2]">&gt;&gt;</a>&nbsp;&nbsp;&nbsp;S_QueueDataLen
<LI><a href="#[bb]">&gt;&gt;</a>&nbsp;&nbsp;&nbsp;hal_Wtn6_PlayVolue
<LI><a href="#[10c]">&gt;&gt;</a>&nbsp;&nbsp;&nbsp;hal_Tftlcd_Clear
<LI><a href="#[c3]">&gt;&gt;</a>&nbsp;&nbsp;&nbsp;LCD_ShowString
<LI><a href="#[d7]">&gt;&gt;</a>&nbsp;&nbsp;&nbsp;GetDtcStu
<LI><a href="#[1c5]">&gt;&gt;</a>&nbsp;&nbsp;&nbsp;systemAlarmDialSmsHandle
</UL>
<BR>[Address Reference Count : 1]<UL><LI> app.o(.data)
</UL>
<P><STRONG><a name="[b]"></a>systemAlarmKeyDisArmHandleCBS</STRONG> (Thumb, 754 bytes, Stack size 32 bytes, app.o(i.systemAlarmKeyDisArmHandleCBS))
<BR><BR>[Stack]<UL><LI>Max Depth = 192<LI>Call Chain = systemAlarmKeyDisArmHandleCBS &rArr; LCD_ShowString &rArr; LCD_ShowChar &rArr; LCD_DrawPoint &rArr; LCD_Address_Set &rArr; LCD_WR_REG &rArr; LCD_Writ_Bus
</UL>
<BR>[Calls]<UL><LI><a href="#[10c]">&gt;&gt;</a>&nbsp;&nbsp;&nbsp;hal_Tftlcd_Clear
<LI><a href="#[c3]">&gt;&gt;</a>&nbsp;&nbsp;&nbsp;LCD_ShowString
<LI><a href="#[d8]">&gt;&gt;</a>&nbsp;&nbsp;&nbsp;SystemMode_Change
</UL>
<BR>[Address Reference Count : 1]<UL><LI> app.o(.data)
</UL>
<P><STRONG><a name="[112]"></a>temHum_icon_Display</STRONG> (Thumb, 400 bytes, Stack size 40 bytes, app.o(i.temHum_icon_Display))
<BR><BR>[Stack]<UL><LI>Max Depth = 200<LI>Call Chain = temHum_icon_Display &rArr; LCD_ShowString &rArr; LCD_ShowChar &rArr; LCD_DrawPoint &rArr; LCD_Address_Set &rArr; LCD_WR_REG &rArr; LCD_Writ_Bus
</UL>
<BR>[Calls]<UL><LI><a href="#[1c8]">&gt;&gt;</a>&nbsp;&nbsp;&nbsp;hal_GethumidityDat
<LI><a href="#[1c7]">&gt;&gt;</a>&nbsp;&nbsp;&nbsp;hal_GetTemperatureDat
<LI><a href="#[c3]">&gt;&gt;</a>&nbsp;&nbsp;&nbsp;LCD_ShowString
</UL>
<BR>[Called By]<UL><LI><a href="#[8]">&gt;&gt;</a>&nbsp;&nbsp;&nbsp;gnlMenu_DesktopCBS
</UL>

<P><STRONG><a name="[114]"></a>wifi_icon_Display</STRONG> (Thumb, 156 bytes, Stack size 16 bytes, app.o(i.wifi_icon_Display))
<BR><BR>[Stack]<UL><LI>Max Depth = 128<LI>Call Chain = wifi_icon_Display &rArr; LCD_ShowPicture32PixFont &rArr; LCD_DrawPoint &rArr; LCD_Address_Set &rArr; LCD_WR_REG &rArr; LCD_Writ_Bus
</UL>
<BR>[Calls]<UL><LI><a href="#[1c9]">&gt;&gt;</a>&nbsp;&nbsp;&nbsp;mt_wifi_LinkState_rssi
<LI><a href="#[aa]">&gt;&gt;</a>&nbsp;&nbsp;&nbsp;LCD_ShowPicture32PixFont
</UL>
<BR>[Called By]<UL><LI><a href="#[8]">&gt;&gt;</a>&nbsp;&nbsp;&nbsp;gnlMenu_DesktopCBS
</UL>

<P><STRONG><a name="[d2]"></a>mt_para_DtcParaCheck</STRONG> (Thumb, 122 bytes, Stack size 8 bytes, para.o(i.mt_para_DtcParaCheck))
<BR><BR>[Stack]<UL><LI>Max Depth = 8<LI>Call Chain = mt_para_DtcParaCheck
</UL>
<BR>[Called By]<UL><LI><a href="#[d0]">&gt;&gt;</a>&nbsp;&nbsp;&nbsp;ParaInit
</UL>

<P><STRONG><a name="[d1]"></a>mt_para_SystemParaCheck</STRONG> (Thumb, 174 bytes, Stack size 8 bytes, para.o(i.mt_para_SystemParaCheck))
<BR><BR>[Stack]<UL><LI>Max Depth = 8<LI>Call Chain = mt_para_SystemParaCheck
</UL>
<BR>[Called By]<UL><LI><a href="#[d0]">&gt;&gt;</a>&nbsp;&nbsp;&nbsp;ParaInit
</UL>

<P><STRONG><a name="[12b]"></a>hal_CoreClockInit</STRONG> (Thumb, 82 bytes, Stack size 12 bytes, cpu.o(i.hal_CoreClockInit))
<BR><BR>[Stack]<UL><LI>Max Depth = 12<LI>Call Chain = hal_CoreClockInit
</UL>
<BR>[Called By]<UL><LI><a href="#[12a]">&gt;&gt;</a>&nbsp;&nbsp;&nbsp;hal_CPUInit
</UL>

<P><STRONG><a name="[12d]"></a>hal_getprimask</STRONG> (Thumb, 16 bytes, Stack size 0 bytes, cpu.o(i.hal_getprimask))
<BR><BR>[Called By]<UL><LI><a href="#[6e]">&gt;&gt;</a>&nbsp;&nbsp;&nbsp;hal_CPU_Critical_Control
</UL>

<P><STRONG><a name="[f0]"></a>TI1_Config</STRONG> (Thumb, 108 bytes, Stack size 20 bytes, stm32f10x_tim.o(i.TI1_Config))
<BR><BR>[Stack]<UL><LI>Max Depth = 20<LI>Call Chain = TI1_Config
</UL>
<BR>[Called By]<UL><LI><a href="#[ef]">&gt;&gt;</a>&nbsp;&nbsp;&nbsp;TIM_ICInit
</UL>

<P><STRONG><a name="[f2]"></a>TI2_Config</STRONG> (Thumb, 130 bytes, Stack size 20 bytes, stm32f10x_tim.o(i.TI2_Config))
<BR><BR>[Stack]<UL><LI>Max Depth = 20<LI>Call Chain = TI2_Config
</UL>
<BR>[Called By]<UL><LI><a href="#[ef]">&gt;&gt;</a>&nbsp;&nbsp;&nbsp;TIM_ICInit
</UL>

<P><STRONG><a name="[f4]"></a>TI3_Config</STRONG> (Thumb, 122 bytes, Stack size 20 bytes, stm32f10x_tim.o(i.TI3_Config))
<BR><BR>[Stack]<UL><LI>Max Depth = 20<LI>Call Chain = TI3_Config
</UL>
<BR>[Called By]<UL><LI><a href="#[ef]">&gt;&gt;</a>&nbsp;&nbsp;&nbsp;TIM_ICInit
</UL>

<P><STRONG><a name="[f6]"></a>TI4_Config</STRONG> (Thumb, 130 bytes, Stack size 20 bytes, stm32f10x_tim.o(i.TI4_Config))
<BR><BR>[Stack]<UL><LI>Max Depth = 20<LI>Call Chain = TI4_Config
</UL>
<BR>[Called By]<UL><LI><a href="#[ef]">&gt;&gt;</a>&nbsp;&nbsp;&nbsp;TIM_ICInit
</UL>

<P><STRONG><a name="[19f]"></a>mt_loraRx_Pro</STRONG> (Thumb, 268 bytes, Stack size 24 bytes, mt_lora.o(i.mt_loraRx_Pro))
<BR><BR>[Stack]<UL><LI>Max Depth = 208<LI>Call Chain = mt_loraRx_Pro &rArr; mt_lora_RxDataComm &rArr; mt_lora_TxDataDail &rArr; mt_lora_TxMsgInput &rArr; S_QueueDataIn
</UL>
<BR>[Calls]<UL><LI><a href="#[104]">&gt;&gt;</a>&nbsp;&nbsp;&nbsp;S_QueueEmpty
<LI><a href="#[a3]">&gt;&gt;</a>&nbsp;&nbsp;&nbsp;S_QueueDataOut
<LI><a href="#[a2]">&gt;&gt;</a>&nbsp;&nbsp;&nbsp;S_QueueDataLen
<LI><a href="#[fd]">&gt;&gt;</a>&nbsp;&nbsp;&nbsp;USART1_PutInDebugString
<LI><a href="#[1a0]">&gt;&gt;</a>&nbsp;&nbsp;&nbsp;mt_lora_RxDataComm
</UL>
<BR>[Called By]<UL><LI><a href="#[1a2]">&gt;&gt;</a>&nbsp;&nbsp;&nbsp;mt_lora_Pro
</UL>

<P><STRONG><a name="[1a1]"></a>mt_loraTx_Pro</STRONG> (Thumb, 68 bytes, Stack size 272 bytes, mt_lora.o(i.mt_loraTx_Pro))
<BR><BR>[Stack]<UL><LI>Max Depth = 304<LI>Call Chain = mt_loraTx_Pro &rArr; S_QueueDataOut
</UL>
<BR>[Calls]<UL><LI><a href="#[a3]">&gt;&gt;</a>&nbsp;&nbsp;&nbsp;S_QueueDataOut
<LI><a href="#[a2]">&gt;&gt;</a>&nbsp;&nbsp;&nbsp;S_QueueDataLen
<LI><a href="#[172]">&gt;&gt;</a>&nbsp;&nbsp;&nbsp;hal_usart_Uart5DateTx
</UL>
<BR>[Called By]<UL><LI><a href="#[1a2]">&gt;&gt;</a>&nbsp;&nbsp;&nbsp;mt_lora_Pro
</UL>

<P><STRONG><a name="[1a0]"></a>mt_lora_RxDataComm</STRONG> (Thumb, 278 bytes, Stack size 48 bytes, mt_lora.o(i.mt_lora_RxDataComm))
<BR><BR>[Stack]<UL><LI>Max Depth = 184<LI>Call Chain = mt_lora_RxDataComm &rArr; mt_lora_TxDataDail &rArr; mt_lora_TxMsgInput &rArr; S_QueueDataIn
</UL>
<BR>[Calls]<UL><LI><a href="#[1a3]">&gt;&gt;</a>&nbsp;&nbsp;&nbsp;mt_api_crc16
<LI><a href="#[1a4]">&gt;&gt;</a>&nbsp;&nbsp;&nbsp;mt_lora_TxDataDail
</UL>
<BR>[Called By]<UL><LI><a href="#[19f]">&gt;&gt;</a>&nbsp;&nbsp;&nbsp;mt_loraRx_Pro
</UL>

<P><STRONG><a name="[75]"></a>mt_lora_RxMsgInput</STRONG> (Thumb, 30 bytes, Stack size 24 bytes, mt_lora.o(i.mt_lora_RxMsgInput))
<BR><BR>[Stack]<UL><LI>Max Depth = 64<LI>Call Chain = mt_lora_RxMsgInput &rArr; S_QueueDataIn
</UL>
<BR>[Calls]<UL><LI><a href="#[c9]">&gt;&gt;</a>&nbsp;&nbsp;&nbsp;S_QueueDataIn
</UL>
<BR>[Address Reference Count : 1]<UL><LI> mt_lora.o(i.mt_lora_init)
</UL>
<P><STRONG><a name="[1a4]"></a>mt_lora_TxDataDail</STRONG> (Thumb, 430 bytes, Stack size 72 bytes, mt_lora.o(i.mt_lora_TxDataDail))
<BR><BR>[Stack]<UL><LI>Max Depth = 136<LI>Call Chain = mt_lora_TxDataDail &rArr; mt_lora_TxMsgInput &rArr; S_QueueDataIn
</UL>
<BR>[Calls]<UL><LI><a href="#[1a6]">&gt;&gt;</a>&nbsp;&nbsp;&nbsp;mt_lora_TxMsgInput
<LI><a href="#[1a5]">&gt;&gt;</a>&nbsp;&nbsp;&nbsp;mt_lora_getSumCrc
</UL>
<BR>[Called By]<UL><LI><a href="#[1a0]">&gt;&gt;</a>&nbsp;&nbsp;&nbsp;mt_lora_RxDataComm
</UL>

<P><STRONG><a name="[1a5]"></a>mt_lora_getSumCrc</STRONG> (Thumb, 28 bytes, Stack size 8 bytes, mt_lora.o(i.mt_lora_getSumCrc))
<BR><BR>[Stack]<UL><LI>Max Depth = 8<LI>Call Chain = mt_lora_getSumCrc
</UL>
<BR>[Called By]<UL><LI><a href="#[1a4]">&gt;&gt;</a>&nbsp;&nbsp;&nbsp;mt_lora_TxDataDail
</UL>
<P>
<H3>
Undefined Global Symbols
</H3><HR></body></html>
