Component: ARM Compiler 5.06 update 7 (build 960) Tool: armlink [4d3601]

==============================================================================

Section Cross References

    hal_led.o(i.hal_Led1Turn) refers to stm32f10x_gpio.o(i.GPIO_ReadOutputDataBit) for GPIO_ReadOutputDataBit
    hal_led.o(i.hal_Led1Turn) refers to stm32f10x_gpio.o(i.GPIO_WriteBit) for GPIO_WriteBit
    hal_led.o(i.hal_LedConfig) refers to stm32f10x_rcc.o(i.RCC_APB2PeriphClockCmd) for RCC_APB2PeriphClockCmd
    hal_led.o(i.hal_LedConfig) refers to stm32f10x_gpio.o(i.GPIO_Init) for GPIO_Init
    hal_led.o(i.hal_LedConfig) refers to stm32f10x_gpio.o(i.GPIO_ResetBits) for GPIO_ResetBits
    hal_led.o(i.hal_LedConfig) refers to stm32f10x_gpio.o(i.GPIO_SetBits) for GPIO_SetBits
    hal_led.o(i.hal_LedHandle) refers to hal_led.o(i.hal_Led1Turn) for hal_Led1Turn
    hal_led.o(i.hal_LedHandle) refers to hal_timer.o(i.hal_ResetTimer) for hal_ResetTimer
    hal_led.o(i.hal_LedInit) refers to hal_led.o(i.hal_LedConfig) for hal_LedConfig
    hal_led.o(i.hal_LedInit) refers to hal_timer.o(i.hal_CreatTimer) for hal_CreatTimer
    hal_led.o(i.hal_LedInit) refers to hal_led.o(i.hal_LedHandle) for hal_LedHandle
    hal_timer.o(i.Hal_TimerHandle) refers to hal_timer.o(.bss) for Stu_Timer
    hal_timer.o(i.TIM4_IRQHandler) refers to hal_timer.o(i.Hal_TimerHandle) for Hal_TimerHandle
    hal_timer.o(i.TIM4_IRQHandler) refers to stm32f10x_tim.o(i.TIM_ClearFlag) for TIM_ClearFlag
    hal_timer.o(i.hal_CreatTimer) refers to hal_timer.o(.bss) for Stu_Timer
    hal_timer.o(i.hal_CtrlTimerAction) refers to hal_timer.o(.bss) for Stu_Timer
    hal_timer.o(i.hal_DeleteTimer) refers to hal_timer.o(.bss) for Stu_Timer
    hal_timer.o(i.hal_GetTimerState) refers to hal_timer.o(.bss) for Stu_Timer
    hal_timer.o(i.hal_ResetTimer) refers to hal_timer.o(.bss) for Stu_Timer
    hal_timer.o(i.hal_timer4Config) refers to stm32f10x_rcc.o(i.RCC_APB1PeriphClockCmd) for RCC_APB1PeriphClockCmd
    hal_timer.o(i.hal_timer4Config) refers to stm32f10x_tim.o(i.TIM_DeInit) for TIM_DeInit
    hal_timer.o(i.hal_timer4Config) refers to stm32f10x_tim.o(i.TIM_TimeBaseInit) for TIM_TimeBaseInit
    hal_timer.o(i.hal_timer4Config) refers to stm32f10x_tim.o(i.TIM_ITConfig) for TIM_ITConfig
    hal_timer.o(i.hal_timer4Config) refers to stm32f10x_tim.o(i.TIM_Cmd) for TIM_Cmd
    hal_timer.o(i.hal_timer4Config) refers to misc.o(i.NVIC_PriorityGroupConfig) for NVIC_PriorityGroupConfig
    hal_timer.o(i.hal_timer4Config) refers to misc.o(i.NVIC_Init) for NVIC_Init
    hal_timer.o(i.hal_timer4Config) refers to system_stm32f10x.o(.data) for SystemCoreClock
    hal_timer.o(i.hal_timerInit) refers to hal_timer.o(i.hal_timer4Config) for hal_timer4Config
    hal_timer.o(i.hal_timerInit) refers to hal_timer.o(.bss) for Stu_Timer
    hal_gpio.o(i.hal_GPIO_4GPowerKey_H) refers to stm32f10x_gpio.o(i.GPIO_SetBits) for GPIO_SetBits
    hal_gpio.o(i.hal_GPIO_4GPowerKey_L) refers to stm32f10x_gpio.o(i.GPIO_ResetBits) for GPIO_ResetBits
    hal_gpio.o(i.hal_GPIO_GetACState) refers to stm32f10x_gpio.o(i.GPIO_ReadInputDataBit) for GPIO_ReadInputDataBit
    hal_gpio.o(i.hal_GPIO_WIFIPowerEN_H) refers to stm32f10x_gpio.o(i.GPIO_ResetBits) for GPIO_ResetBits
    hal_gpio.o(i.hal_GPIO_WIFIPowerEN_L) refers to stm32f10x_gpio.o(i.GPIO_SetBits) for GPIO_SetBits
    hal_gpio.o(i.hal_GpioConfig_init) refers to stm32f10x_rcc.o(i.RCC_APB2PeriphClockCmd) for RCC_APB2PeriphClockCmd
    hal_gpio.o(i.hal_GpioConfig_init) refers to stm32f10x_gpio.o(i.GPIO_Init) for GPIO_Init
    hal_gpio.o(i.hal_GpioConfig_init) refers to hal_gpio.o(i.hal_GPIO_GetACState) for hal_GPIO_GetACState
    hal_gpio.o(i.hal_GpioConfig_init) refers to hal_gpio.o(i.hal_GPIO_WIFIPowerEN_L) for hal_GPIO_WIFIPowerEN_L
    hal_gpio.o(i.hal_GpioConfig_init) refers to hal_gpio.o(i.hal_GPIO_4GPowerKey_L) for hal_GPIO_4GPowerKey_L
    hal_gpio.o(i.hal_GpioConfig_init) refers to hal_gpio.o(.data) for AcState
    hal_gpio.o(i.hal_Gpio_AcStateCheck) refers to hal_gpio.o(i.hal_GPIO_GetACState) for hal_GPIO_GetACState
    hal_gpio.o(i.hal_Gpio_AcStateCheck) refers to hal_gpio.o(i.delay_1msTest) for delay_1msTest
    hal_gpio.o(i.hal_Gpio_AcStateCheck) refers to hal_gpio.o(.data) for AcState
    hal_flash.o(i.hal_spi2CSDrive) refers to stm32f10x_gpio.o(i.GPIO_SetBits) for GPIO_SetBits
    hal_flash.o(i.hal_spi2CSDrive) refers to stm32f10x_gpio.o(i.GPIO_ResetBits) for GPIO_ResetBits
    hal_flash.o(i.hal_spi2Init) refers to stm32f10x_rcc.o(i.RCC_APB1PeriphClockCmd) for RCC_APB1PeriphClockCmd
    hal_flash.o(i.hal_spi2Init) refers to stm32f10x_rcc.o(i.RCC_APB2PeriphClockCmd) for RCC_APB2PeriphClockCmd
    hal_flash.o(i.hal_spi2Init) refers to stm32f10x_gpio.o(i.GPIO_Init) for GPIO_Init
    hal_flash.o(i.hal_spi2Init) refers to stm32f10x_gpio.o(i.GPIO_SetBits) for GPIO_SetBits
    hal_flash.o(i.hal_spi2Init) refers to stm32f10x_spi.o(i.SPI_Init) for SPI_Init
    hal_flash.o(i.hal_spi2Init) refers to stm32f10x_spi.o(i.SPI_Cmd) for SPI_Cmd
[...]
    i.hal_timer4Config                       0x0800425c   Section        0  hal_timer.o(i.hal_timer4Config)
    hal_timer4Config                         0x0800425d   Thumb Code   116  hal_timer.o(i.hal_timer4Config)
    i.hal_timerInit                          0x080042dc   Section        0  hal_timer.o(i.hal_timerInit)
    i.hal_timer_capInit                      0x08004320   Section        0  hal_al6630.o(i.hal_timer_capInit)
    i.hal_uart1_DMA_DatSent                  0x08004338   Section        0  hal_uart.o(i.hal_uart1_DMA_DatSent)
    hal_uart1_DMA_DatSent                    0x08004339   Thumb Code    74  hal_uart.o(i.hal_uart1_DMA_DatSent)
    i.hal_usart_Config                       0x08004390   Section        0  hal_uart.o(i.hal_usart_Config)
    hal_usart_Config                         0x08004391   Thumb Code   558  hal_uart.o(i.hal_usart_Config)
    i.hal_usart_Uart3DateRxCBSRegister       0x080045e0   Section        0  hal_uart.o(i.hal_usart_Uart3DateRxCBSRegister)
    i.hal_usart_Uart5DateRxCBSRegister       0x080045f0   Section        0  hal_uart.o(i.hal_usart_Uart5DateRxCBSRegister)
    i.hal_usart_Uart5DateTx                  0x08004600   Section        0  hal_uart.o(i.hal_usart_Uart5DateTx)
    i.hal_wtn6                               0x08004630   Section        0  hal_wtn6.o(i.hal_wtn6)
    i.main                                   0x08004668   Section        0  main.o(i.main)
    i.mt_4g_Init                             0x080046bc   Section        0  mt_4g.o(i.mt_4g_Init)
    i.mt_4g_pro                              0x080046d0   Section        0  mt_4g.o(i.mt_4g_pro)
    i.mt_api_crc16                           0x080046d8   Section        0  mt_api.o(i.mt_api_crc16)
    i.mt_flashInit                           0x08004734   Section        0  mt_flash.o(i.mt_flashInit)
    i.mt_loraRxApplyNet_callback_Register    0x0800473c   Section        0  mt_lora.o(i.mt_loraRxApplyNet_callback_Register)
    i.mt_loraRx_Pro                          0x0800474c   Section        0  mt_lora.o(i.mt_loraRx_Pro)
    mt_loraRx_Pro                            0x0800474d   Thumb Code   268  mt_lora.o(i.mt_loraRx_Pro)
    i.mt_loraTx_Pro                          0x08004868   Section        0  mt_lora.o(i.mt_loraTx_Pro)
    mt_loraTx_Pro                            0x08004869   Thumb Code    68  mt_lora.o(i.mt_loraTx_Pro)
    i.mt_lora_Pro                            0x080048b0   Section        0  mt_lora.o(i.mt_lora_Pro)
    i.mt_lora_RxDataComm                     0x080048bc   Section        0  mt_lora.o(i.mt_lora_RxDataComm)
    mt_lora_RxDataComm                       0x080048bd   Thumb Code   278  mt_lora.o(i.mt_lora_RxDataComm)
    i.mt_lora_RxMsgInput                     0x080049dc   Section        0  mt_lora.o(i.mt_lora_RxMsgInput)
    mt_lora_RxMsgInput                       0x080049dd   Thumb Code    30  mt_lora.o(i.mt_lora_RxMsgInput)
    i.mt_lora_TxDataDail                     0x08004a00   Section        0  mt_lora.o(i.mt_lora_TxDataDail)
    mt_lora_TxDataDail                       0x08004a01   Thumb Code   432  mt_lora.o(i.mt_lora_TxDataDail)
    i.mt_lora_TxMsgInput                     0x08004bb0   Section        0  mt_lora.o(i.mt_lora_TxMsgInput)
    i.mt_lora_getSumCrc                      0x08004be4   Section        0  mt_lora.o(i.mt_lora_getSumCrc)
    mt_lora_getSumCrc                        0x08004be5   Thumb Code    28  mt_lora.o(i.mt_lora_getSumCrc)
    i.mt_lora_init                           0x08004c00   Section        0  mt_lora.o(i.mt_lora_init)
    i.mt_lora_loracomm_callback_Register     0x08004c3c   Section        0  mt_lora.o(i.mt_lora_loracomm_callback_Register)
    i.mt_md5_EncipherPassWord                0x08004c4c   Section        0  mt_md5.o(i.mt_md5_EncipherPassWord)
    i.mt_mqtt_init                           0x08004d10   Section        0  mt_mqtt.o(i.mt_mqtt_init)
    i.mt_task                                0x08004d98   Section        0  mt_task.o(i.mt_task)
    i.mt_task_init                           0x08004da8   Section        0  mt_task.o(i.mt_task_init)
    i.mt_tftlcd_init                         0x08004dc4   Section        0  mt_tftlcd.o(i.mt_tftlcd_init)
    i.mt_wifi_CwstateResposePro              0x08005010   Section        0  mt_wifi.o(i.mt_wifi_CwstateResposePro)
    mt_wifi_CwstateResposePro                0x08005011   Thumb Code    64  mt_wifi.o(i.mt_wifi_CwstateResposePro)
    i.mt_wifi_DataPack                       0x08005054   Section        0  mt_wifi.o(i.mt_wifi_DataPack)
    i.mt_wifi_PowerManage                    0x080050f4   Section        0  mt_wifi.o(i.mt_wifi_PowerManage)
    mt_wifi_PowerManage                      0x080050f5   Thumb Code   108  mt_wifi.o(i.mt_wifi_PowerManage)
    i.mt_wifi_RxMsgInput                     0x08005164   Section        0  mt_wifi.o(i.mt_wifi_RxMsgInput)
    mt_wifi_RxMsgInput                       0x08005165   Thumb Code    28  mt_wifi.o(i.mt_wifi_RxMsgInput)
    i.mt_wifi_changState                     0x08005184   Section        0  mt_wifi.o(i.mt_wifi_changState)
    i.mt_wifi_init                           0x080051a0   Section        0  mt_wifi.o(i.mt_wifi_init)
    i.mt_wifi_pro                            0x08005220   Section        0  mt_wifi.o(i.mt_wifi_pro)
    i.showSystemTime                         0x08005234   Section        0  mt_tftlcd.o(i.showSystemTime)
    i.stgMenu_LoraDetectorApplyNetPro        0x080052e8   Section        0  app.o(i.stgMenu_LoraDetectorApplyNetPro)
    stgMenu_LoraDetectorApplyNetPro          0x080052e9   Thumb Code    28  app.o(i.stgMenu_LoraDetectorApplyNetPro)
    i.str_lora_loracommPro                   0x08005304   Section        0  app.o(i.str_lora_loracommPro)
    str_lora_loracommPro                     0x08005305   Thumb Code     8  app.o(i.str_lora_loracommPro)
    i.temHum_icon_Display                    0x0800530c   Section        0  app.o(i.temHum_icon_Display)
    temHum_icon_Display                      0x0800530d   Thumb Code   400  app.o(i.temHum_icon_Display)
    .constdata                               0x080054a4   Section    29540  lcdfont.o(.constdata)
    .constdata                               0x0800c808   Section       32  mt_api.o(.constdata)
    .constdata                               0x0800c828   Section     1304  mt_wifi.o(.constdata)
    .data                                    0x20000000   Section        2  hal_gpio.o(.data)
    AcState                                  0x20000000   Data           1  hal_gpio.o(.data)
    times                                    0x20000001   Data           1  hal_gpio.o(.data)
    .data                                    0x20000002   Section       47  hal_wtn6.o(.data)
    VolueNum                                 0x20000030   Data           1  hal_wtn6.o(.data)
    .data                                    0x20000034   Section        4  hal_al6630.o(.data)
    getTemHumIntervalTim                     0x20000034   Data           4  hal_al6630.o(.data)
    .data                                    0x20000038   Section       24  hal_key.o(.data)
    .data                                    0x20000050   Section       18  hal_uart.o(.data)
    usart2_4GTestDelay                       0x20000060   Data           2  hal_uart.o(.data)
    .data                                    0x20000062   Section        4  hal_adc.o(.data)
    interalTim                               0x20000062   Data           2  hal_adc.o(.data)
    level                                    0x20000064   Data           1  hal_adc.o(.data)
    times                                    0x20000065   Data           1  hal_adc.o(.data)
    .data                                    0x20000068   Section       20  system_stm32f10x.o(.data)
    .data                                    0x2000007c   Section       10  mt_lora.o(.data)
    len                                      0x20000084   Data           1  mt_lora.o(.data)
    itvDelayTime                             0x20000085   Data           1  mt_lora.o(.data)
    .data                                    0x20000088   Section       18  mt_wifi.o(.data)
    StartTime                                0x2000008a   Data           2  mt_wifi.o(.data)
    Rx_Data_len                              0x2000008c   Data           2  mt_wifi.o(.data)
    Time_Delay_WifiSent                      0x20000090   Data           4  mt_wifi.o(.data)
    Time_Delay_WifiSta                       0x20000094   Data           4  mt_wifi.o(.data)
    WIFI_Sta_Count                           0x20000098   Data           1  mt_wifi.o(.data)
    Get_FailORSuc                            0x20000099   Data           1  mt_wifi.o(.data)
    .data                                    0x2000009c   Section        4  mt_4g.o(.data)
    .data                                    0x200000a0   Section       64  mt_md5.o(.data)
    .data                                    0x200000e0   Section        6  app.o(.data)
    humidityValue                            0x200000e0   Data           2  app.o(.data)
    temperatureValue                         0x200000e2   Data           2  app.o(.data)
    InteralTim                               0x200000e4   Data           2  app.o(.data)
    .data                                    0x200000e8   Section        4  os_system.o(.data)
    .data                                    0x200000ec   Section       20  stm32f10x_rcc.o(.data)
    APBAHBPrescTable                         0x200000ec   Data          16  stm32f10x_rcc.o(.data)
    ADCPrescTable                            0x200000fc   Data           4  stm32f10x_rcc.o(.data)
    .bss                                     0x20000100   Section       24  hal_timer.o(.bss)
    .bss                                     0x20000118   Section       20  hal_al6630.o(.bss)
    .bss                                     0x2000012c   Section      112  hal_key.o(.bss)
    .bss                                     0x2000019c   Section     1036  hal_uart.o(.bss)
    .bss                                     0x200005a8   Section       24  hal_adc.o(.bss)
    .bss                                     0x200005c0   Section      640  mt_tftlcd.o(.bss)
    .bss                                     0x20000840   Section      636  mt_lora.o(.bss)
    LoraRxMsg                                0x20000840   Data         268  mt_lora.o(.bss)
    LoraTxMsg                                0x2000094c   Data         268  mt_lora.o(.bss)
    loraRxBuf                                0x20000a58   Data         100  mt_lora.o(.bss)
    .bss                                     0x20000abc   Section     3935  mt_wifi.o(.bss)
    .bss                                     0x20001a1c   Section       88  mt_md5.o(.bss)
    .bss                                     0x20001a74   Section      209  mt_mqtt.o(.bss)
    .bss                                     0x20001b45   Section       12  para.o(.bss)
    .bss                                     0x20001b54   Section       36  os_system.o(.bss)
    .bss                                     0x20001b78   Section       96  libspace.o(.bss)
    HEAP                                     0x20001bd8   Section      512  startup_stm32f10x_cl.o(HEAP)
    Heap_Mem                                 0x20001bd8   Data         512  startup_stm32f10x_cl.o(HEAP)
    STACK                                    0x20001dd8   Section     1024  startup_stm32f10x_cl.o(STACK)
    Stack_Mem                                0x20001dd8   Data        1024  startup_stm32f10x_cl.o(STACK)
    __initial_sp                             0x200021d8   Data           0  startup_stm32f10x_cl.o(STACK)

    Global Symbols

    Symbol Name                              Value     Ov Type        Size  Object(Section)

    BuildAttributes$$THM_ISAv4$P$D$K$B$S$PE$A:L22UL41UL21$X:L11$S22US41US21$IEEE1$IW$USESV6$~STKCKD$USESV7$~SHL$OSPACE$ROPI$EBA8$UX$STANDARDLIB$REQ8$PRES8$EABIv2 0x00000000   Number         0  anon$$obj.o ABSOLUTE
    __ARM_use_no_argv                        0x00000000   Number         0  main.o ABSOLUTE
    __ARM_exceptions_init                     - Undefined Weak Reference
    __alloca_initialize                       - Undefined Weak Reference
    __arm_fini_                               - Undefined Weak Reference
    __arm_preinit_                            - Undefined Weak Reference
    __cpp_initialize__aeabi_                  - Undefined Weak Reference
    __cxa_finalize                            - Undefined Weak Reference
    __rt_locale                               - Undefined Weak Reference
    __sigvec_lookup                           - Undefined Weak Reference
    _atexit_init                              - Undefined Weak Reference
    _call_atexit_fns                          - Undefined Weak Reference
    _clock_init                               - Undefined Weak Reference
    _fp_trap_init                             - Undefined Weak Reference
    _fp_trap_shutdown                         - Undefined Weak Reference
    _get_lc_collate                           - Undefined Weak Reference
    _get_lc_ctype                             - Undefined Weak Reference
    _get_lc_monetary                          - Undefined Weak Reference
    _get_lc_numeric                           - Undefined Weak Reference
    _get_lc_time                              - Undefined Weak Reference
    _getenv_init                              - Undefined Weak Reference
    _handle_redirection                       - Undefined Weak Reference
    _init_alloc                               - Undefined Weak Reference
    _init_user_alloc                          - Undefined Weak Reference
    _initio                                   - Undefined Weak Reference
    _rand_init                                - Undefined Weak Reference
    _signal_finish                            - Undefined Weak Reference
    _signal_init                              - Undefined Weak Reference
    _terminate_alloc                          - Undefined Weak Reference
    _terminate_user_alloc                     - Undefined Weak Reference
    _terminateio                              - Undefined Weak Reference
    __Vectors_Size                           0x00000150   Number         0  startup_stm32f10x_cl.o ABSOLUTE
    __Vectors                                0x08000000   Data           4  startup_stm32f10x_cl.o(RESET)
    __Vectors_End                            0x08000150   Data           0  startup_stm32f10x_cl.o(RESET)
    __main                                   0x08000151   Thumb Code     8  __main.o(!!!main)
    __scatterload                            0x08000159   Thumb Code     0  __scatter.o(!!!scatter)
    __scatterload_rt2                        0x08000159   Thumb Code    44  __scatter.o(!!!scatter)
    __scatterload_rt2_thumb_only             0x08000159   Thumb Code     0  __scatter.o(!!!scatter)
    __scatterload_null                       0x08000167   Thumb Code     0  __scatter.o(!!!scatter)
    __scatterload_copy                       0x0800018d   Thumb Code    26  __scatter_copy.o(!!handler_copy)
    __scatterload_zeroinit                   0x080001a9   Thumb Code    28  __scatter_zi.o(!!handler_zi)
    __rt_lib_init                            0x080001c5   Thumb Code     0  libinit.o(.ARM.Collect$$libinit$$00000000)
    __rt_lib_init_alloca_1                   0x080001c7   Thumb Code     0  libinit2.o(.ARM.Collect$$libinit$$0000002E)
    __rt_lib_init_argv_1                     0x080001c7   Thumb Code     0  libinit2.o(.ARM.Collect$$libinit$$0000002C)
    __rt_lib_init_atexit_1                   0x080001c7   Thumb Code     0  libinit2.o(.ARM.Collect$$libinit$$0000001B)
    __rt_lib_init_clock_1                    0x080001c7   Thumb Code     0  libinit2.o(.ARM.Collect$$libinit$$00000021)
    __rt_lib_init_cpp_1                      0x080001c7   Thumb Code     0  libinit2.o(.ARM.Collect$$libinit$$00000032)
    __rt_lib_init_exceptions_1               0x080001c7   Thumb Code     0  libinit2.o(.ARM.Collect$$libinit$$00000030)
    __rt_lib_init_fp_1                       0x080001c7   Thumb Code     0  libinit2.o(.ARM.Collect$$libinit$$00000002)
    __rt_lib_init_fp_trap_1                  0x080001c7   Thumb Code     0  libinit2.o(.ARM.Collect$$libinit$$0000001F)
    __rt_lib_init_getenv_1                   0x080001c7   Thumb Code     0  libinit2.o(.ARM.Collect$$libinit$$00000023)
    __rt_lib_init_heap_1                     0x080001c7   Thumb Code     0  libinit2.o(.ARM.Collect$$libinit$$0000000A)
    __rt_lib_init_lc_collate_1               0x080001c7   Thumb Code     0  libinit2.o(.ARM.Collect$$libinit$$00000011)
    __rt_lib_init_lc_ctype_1                 0x080001c7   Thumb Code     0  libinit2.o(.ARM.Collect$$libinit$$00000013)
    __rt_lib_init_lc_monetary_1              0x080001c7   Thumb Code     0  libinit2.o(.ARM.Collect$$libinit$$00000015)
    __rt_lib_init_lc_numeric_1               0x080001c7   Thumb Code     0  libinit2.o(.ARM.Collect$$libinit$$00000017)
    __rt_lib_init_lc_time_1                  0x080001c7   Thumb Code     0  libinit2.o(.ARM.Collect$$libinit$$00000019)
    __rt_lib_init_preinit_1                  0x080001c7   Thumb Code     0  libinit2.o(.ARM.Collect$$libinit$$00000004)
    __rt_lib_init_rand_1                     0x080001c7   Thumb Code     0  libinit2.o(.ARM.Collect$$libinit$$0000000E)
    __rt_lib_init_return                     0x080001c7   Thumb Code     0  libinit2.o(.ARM.Collect$$libinit$$00000033)
    __rt_lib_init_signal_1                   0x080001c7   Thumb Code     0  libinit2.o(.ARM.Collect$$libinit$$0000001D)
    __rt_lib_init_stdio_1                    0x080001c7   Thumb Code     0  libinit2.o(.ARM.Collect$$libinit$$00000025)
    __rt_lib_init_user_alloc_1               0x080001c7   Thumb Code     0  libinit2.o(.ARM.Collect$$libinit$$0000000C)
    __rt_lib_shutdown                        0x080001c9   Thumb Code     0  libshutdown.o(.ARM.Collect$$libshutdown$$00000000)
    __rt_lib_shutdown_cpp_1                  0x080001cb   Thumb Code     0  libshutdown2.o(.ARM.Collect$$libshutdown$$00000004)
    __rt_lib_shutdown_fini_1                 0x080001cb   Thumb Code     0  libshutdown2.o(.ARM.Collect$$libshutdown$$00000002)
    __rt_lib_shutdown_fp_trap_1              0x080001cb   Thumb Code     0  libshutdown2.o(.ARM.Collect$$libshutdown$$00000009)
    __rt_lib_shutdown_heap_1                 0x080001cb   Thumb Code     0  libshutdown2.o(.ARM.Collect$$libshutdown$$00000011)
    __rt_lib_shutdown_return                 0x080001cb   Thumb Code     0  libshutdown2.o(.ARM.Collect$$libshutdown$$00000012)
    __rt_lib_shutdown_signal_1               0x080001cb   Thumb Code     0  libshutdown2.o(.ARM.Collect$$libshutdown$$0000000C)
    __rt_lib_shutdown_stdio_1                0x080001cb   Thumb Code     0  libshutdown2.o(.ARM.Collect$$libshutdown$$00000006)
    __rt_lib_shutdown_user_alloc_1           0x080001cb   Thumb Code     0  libshutdown2.o(.ARM.Collect$$libshutdown$$0000000E)
    __rt_entry                               0x080001cd   Thumb Code     0  __rtentry.o(.ARM.Collect$$rtentry$$00000000)
    __rt_entry_presh_1                       0x080001cd   Thumb Code     0  __rtentry2.o(.ARM.Collect$$rtentry$$00000002)
    __rt_entry_sh                            0x080001cd   Thumb Code     0  __rtentry4.o(.ARM.Collect$$rtentry$$00000004)
    __rt_entry_li                            0x080001d3   Thumb Code     0  __rtentry2.o(.ARM.Collect$$rtentry$$0000000A)
    __rt_entry_postsh_1                      0x080001d3   Thumb Code     0  __rtentry2.o(.ARM.Collect$$rtentry$$00000009)
    __rt_entry_main                          0x080001d7   Thumb Code     0  __rtentry2.o(.ARM.Collect$$rtentry$$0000000D)
    __rt_entry_postli_1                      0x080001d7   Thumb Code     0  __rtentry2.o(.ARM.Collect$$rtentry$$0000000C)
    __rt_exit                                0x080001df   Thumb Code     0  rtexit.o(.ARM.Collect$$rtexit$$00000000)
    __rt_exit_ls                             0x080001e1   Thumb Code     0  rtexit2.o(.ARM.Collect$$rtexit$$00000003)
    __rt_exit_prels_1                        0x080001e1   Thumb Code     0  rtexit2.o(.ARM.Collect$$rtexit$$00000002)
    __rt_exit_exit                           0x080001e5   Thumb Code     0  rtexit2.o(.ARM.Collect$$rtexit$$00000004)
    Reset_Handler                            0x080001ed   Thumb Code     8  startup_stm32f10x_cl.o(.text)
    ADC1_2_IRQHandler                        0x08000207   Thumb Code     0  startup_stm32f10x_cl.o(.text)
    CAN1_RX0_IRQHandler                      0x08000207   Thumb Code     0  startup_stm32f10x_cl.o(.text)
    CAN1_RX1_IRQHandler                      0x08000207   Thumb Code     0  startup_stm32f10x_cl.o(.text)
    CAN1_SCE_IRQHandler                      0x08000207   Thumb Code     0  startup_stm32f10x_cl.o(.text)
    CAN1_TX_IRQHandler                       0x08000207   Thumb Code     0  startup_stm32f10x_cl.o(.text)
    CAN2_RX0_IRQHandler                      0x08000207   Thumb Code     0  startup_stm32f10x_cl.o(.text)
    CAN2_RX1_IRQHandler                      0x08000207   Thumb Code     0  startup_stm32f10x_cl.o(.text)
    CAN2_SCE_IRQHandler                      0x08000207   Thumb Code     0  startup_stm32f10x_cl.o(.text)
    CAN2_TX_IRQHandler                       0x08000207   Thumb Code     0  startup_stm32f10x_cl.o(.text)
    DMA1_Channel1_IRQHandler                 0x08000207   Thumb Code     0  startup_stm32f10x_cl.o(.text)
    DMA1_Channel2_IRQHandler                 0x08000207   Thumb Code     0  startup_stm32f10x_cl.o(.text)
    DMA1_Channel3_IRQHandler                 0x08000207   Thumb Code     0  startup_stm32f10x_cl.o(.text)
    DMA1_Channel5_IRQHandler                 0x08000207   Thumb Code     0  startup_stm32f10x_cl.o(.text)
    DMA1_Channel6_IRQHandler                 0x08000207   Thumb Code     0  startup_stm32f10x_cl.o(.text)
    DMA1_Channel7_IRQHandler                 0x08000207   Thumb Code     0  startup_stm32f10x_cl.o(.text)
    DMA2_Channel1_IRQHandler                 0x08000207   Thumb Code     0  startup_stm32f10x_cl.o(.text)
    DMA2_Channel2_IRQHandler                 0x08000207   Thumb Code     0  startup_stm32f10x_cl.o(.text)
    DMA2_Channel3_IRQHandler                 0x08000207   Thumb Code     0  startup_stm32f10x_cl.o(.text)
    DMA2_Channel4_IRQHandler                 0x08000207   Thumb Code     0  startup_stm32f10x_cl.o(.text)
    DMA2_Channel5_IRQHandler                 0x08000207   Thumb Code     0  startup_stm32f10x_cl.o(.text)
    ETH_IRQHandler                           0x08000207   Thumb Code     0  startup_stm32f10x_cl.o(.text)
    ETH_WKUP_IRQHandler                      0x08000207   Thumb Code     0  startup_stm32f10x_cl.o(.text)
    EXTI0_IRQHandler                         0x08000207   Thumb Code     0  startup_stm32f10x_cl.o(.text)
    EXTI15_10_IRQHandler                     0x08000207   Thumb Code     0  startup_stm32f10x_cl.o(.text)
    EXTI1_IRQHandler                         0x08000207   Thumb Code     0  startup_stm32f10x_cl.o(.text)
    EXTI2_IRQHandler                         0x08000207   Thumb Code     0  startup_stm32f10x_cl.o(.text)
    EXTI3_IRQHandler                         0x08000207   Thumb Code     0  startup_stm32f10x_cl.o(.text)
    EXTI4_IRQHandler                         0x08000207   Thumb Code     0  startup_stm32f10x_cl.o(.text)
    EXTI9_5_IRQHandler                       0x08000207   Thumb Code     0  startup_stm32f10x_cl.o(.text)
    FLASH_IRQHandler                         0x08000207   Thumb Code     0  startup_stm32f10x_cl.o(.text)
    I2C1_ER_IRQHandler                       0x08000207   Thumb Code     0  startup_stm32f10x_cl.o(.text)
    I2C1_EV_IRQHandler                       0x08000207   Thumb Code     0  startup_stm32f10x_cl.o(.text)
    I2C2_ER_IRQHandler                       0x08000207   Thumb Code     0  startup_stm32f10x_cl.o(.text)
    I2C2_EV_IRQHandler                       0x08000207   Thumb Code     0  startup_stm32f10x_cl.o(.text)
    OTG_FS_IRQHandler                        0x08000207   Thumb Code     0  startup_stm32f10x_cl.o(.text)
    OTG_FS_WKUP_IRQHandler                   0x08000207   Thumb Code     0  startup_stm32f10x_cl.o(.text)
    PVD_IRQHandler                           0x08000207   Thumb Code     0  startup_stm32f10x_cl.o(.text)
    RCC_IRQHandler                           0x08000207   Thumb Code     0  startup_stm32f10x_cl.o(.text)
    RTCAlarm_IRQHandler                      0x08000207   Thumb Code     0  startup_stm32f10x_cl.o(.text)
    RTC_IRQHandler                           0x08000207   Thumb Code     0  startup_stm32f10x_cl.o(.text)
    SPI1_IRQHandler                          0x08000207   Thumb Code     0  startup_stm32f10x_cl.o(.text)
    SPI2_IRQHandler                          0x08000207   Thumb Code     0  startup_stm32f10x_cl.o(.text)
    SPI3_IRQHandler                          0x08000207   Thumb Code     0  startup_stm32f10x_cl.o(.text)
    TAMPER_IRQHandler                        0x08000207   Thumb Code     0  startup_stm32f10x_cl.o(.text)
    TIM1_BRK_IRQHandler                      0x08000207   Thumb Code     0  startup_stm32f10x_cl.o(.text)
    TIM1_CC_IRQHandler                       0x08000207   Thumb Code     0  startup_stm32f10x_cl.o(.text)
    TIM1_TRG_COM_IRQHandler                  0x08000207   Thumb Code     0  startup_stm32f10x_cl.o(.text)
    TIM1_UP_IRQHandler                       0x08000207   Thumb Code     0  startup_stm32f10x_cl.o(.text)
    TIM2_IRQHandler                          0x08000207   Thumb Code     0  startup_stm32f10x_cl.o(.text)
    TIM5_IRQHandler                          0x08000207   Thumb Code     0  startup_stm32f10x_cl.o(.text)
    TIM6_IRQHandler                          0x08000207   Thumb Code     0  startup_stm32f10x_cl.o(.text)
    TIM7_IRQHandler                          0x08000207   Thumb Code     0  startup_stm32f10x_cl.o(.text)
    UART4_IRQHandler                         0x08000207   Thumb Code     0  startup_stm32f10x_cl.o(.text)
    WWDG_IRQHandler                          0x08000207   Thumb Code     0  startup_stm32f10x_cl.o(.text)
    __user_initial_stackheap                 0x08000209   Thumb Code     0  startup_stm32f10x_cl.o(.text)
    strlen                                   0x0800022d   Thumb Code    62  strlen.o(.text)
    strcat                                   0x0800026b   Thumb Code    24  strcat.o(.text)
    __aeabi_memcpy                           0x08000283   Thumb Code     0  rt_memcpy_v6.o(.text)
    __rt_memcpy                              0x08000283   Thumb Code   138  rt_memcpy_v6.o(.text)
    _memcpy_lastbytes                        0x080002e9   Thumb Code     0  rt_memcpy_v6.o(.text)
    __aeabi_memclr                           0x0800030d   Thumb Code     0  rt_memclr.o(.text)
    __rt_memclr                              0x0800030d   Thumb Code    68  rt_memclr.o(.text)
    _memset                                  0x08000311   Thumb Code     0  rt_memclr.o(.text)
    __aeabi_memclr4                          0x08000351   Thumb Code     0  rt_memclr_w.o(.text)
    __aeabi_memclr8                          0x08000351   Thumb Code     0  rt_memclr_w.o(.text)
    __rt_memclr_w                            0x08000351   Thumb Code    78  rt_memclr_w.o(.text)
    _memset_w                                0x08000355   Thumb Code     0  rt_memclr_w.o(.text)
    __use_two_region_memory                  0x0800039f   Thumb Code     2  heapauxi.o(.text)
    __rt_heap_escrow$2region                 0x080003a1   Thumb Code     2  heapauxi.o(.text)
    __rt_heap_expand$2region                 0x080003a3   Thumb Code     2  heapauxi.o(.text)
    __aeabi_memcpy4                          0x080003a5   Thumb Code     0  rt_memcpy_w.o(.text)
    __aeabi_memcpy8                          0x080003a5   Thumb Code     0  rt_memcpy_w.o(.text)
    __rt_memcpy_w                            0x080003a5   Thumb Code   100  rt_memcpy_w.o(.text)
    _memcpy_lastbytes_aligned                0x080003ed   Thumb Code     0  rt_memcpy_w.o(.text)
    __user_setup_stackheap                   0x08000409   Thumb Code    74  sys_stackheap_outer.o(.text)
    exit                                     0x08000453   Thumb Code    18  exit.o(.text)
    __user_libspace                          0x08000465   Thumb Code     8  libspace.o(.text)
    __user_perproc_libspace                  0x08000465   Thumb Code     0  libspace.o(.text)
    __user_perthread_libspace                0x08000465   Thumb Code     0  libspace.o(.text)
    _sys_exit                                0x0800046d   Thumb Code     8  sys_exit.o(.text)
    __I$use$semihosting                      0x08000479   Thumb Code     0  use_no_semi.o(.text)
    __use_no_semihosting_swi                 0x08000479   Thumb Code     2  use_no_semi.o(.text)
    ADC_Cmd                                  0x0800047b   Thumb Code    22  stm32f10x_adc.o(i.ADC_Cmd)
    __semihosting_library_function           0x0800047b   Thumb Code     0  indicate_semi.o(.text)
    ADC_GetCalibrationStatus                 0x08000491   Thumb Code    20  stm32f10x_adc.o(i.ADC_GetCalibrationStatus)
    ADC_GetConversionValue                   0x080004a5   Thumb Code     8  stm32f10x_adc.o(i.ADC_GetConversionValue)
    ADC_GetFlagStatus                        0x080004ad   Thumb Code    18  stm32f10x_adc.o(i.ADC_GetFlagStatus)
    ADC_GetResetCalibrationStatus            0x080004bf   Thumb Code    20  stm32f10x_adc.o(i.ADC_GetResetCalibrationStatus)
    ADC_Init                                 0x080004d5   Thumb Code    70  stm32f10x_adc.o(i.ADC_Init)
    ADC_RegularChannelConfig                 0x08000525   Thumb Code   184  stm32f10x_adc.o(i.ADC_RegularChannelConfig)
    ADC_ResetCalibration                     0x080005dd   Thumb Code    10  stm32f10x_adc.o(i.ADC_ResetCalibration)
    ADC_SoftwareStartConvCmd                 0x080005e7   Thumb Code    22  stm32f10x_adc.o(i.ADC_SoftwareStartConvCmd)
    ADC_StartCalibration                     0x080005fd   Thumb Code    10  stm32f10x_adc.o(i.ADC_StartCalibration)
    BusFault_Handler                         0x08000607   Thumb Code     4  stm32f10x_it.o(i.BusFault_Handler)
    DMA1_Channel4_IRQHandler                 0x0800060d   Thumb Code    36  hal_uart.o(i.DMA1_Channel4_IRQHandler)
    DMA_ClearITPendingBit                    0x08000639   Thumb Code    18  stm32f10x_dma.o(i.DMA_ClearITPendingBit)
    DMA_Cmd                                  0x08000655   Thumb Code    24  stm32f10x_dma.o(i.DMA_Cmd)
    DMA_DeInit                               0x0800066d   Thumb Code   324  stm32f10x_dma.o(i.DMA_DeInit)
    DMA_GetITStatus                          0x080007b9   Thumb Code    36  stm32f10x_dma.o(i.DMA_GetITStatus)
    DMA_ITConfig                             0x080007e5   Thumb Code    18  stm32f10x_dma.o(i.DMA_ITConfig)
    DMA_Init                                 0x080007f7   Thumb Code    60  stm32f10x_dma.o(i.DMA_Init)
    DMA_SPI3_TX                              0x08000835   Thumb Code    74  hal_tftlcd.o(i.DMA_SPI3_TX)
    DebugMon_Handler                         0x08000885   Thumb Code     2  stm32f10x_it.o(i.DebugMon_Handler)
    GPIO_Init                                0x080008bd   Thumb Code   278  stm32f10x_gpio.o(i.GPIO_Init)
    GPIO_PinRemapConfig                      0x080009d5   Thumb Code   138  stm32f10x_gpio.o(i.GPIO_PinRemapConfig)
    GPIO_ReadInputDataBit                    0x08000a65   Thumb Code    18  stm32f10x_gpio.o(i.GPIO_ReadInputDataBit)
    GPIO_ReadOutputDataBit                   0x08000a77   Thumb Code    18  stm32f10x_gpio.o(i.GPIO_ReadOutputDataBit)
    GPIO_ResetBits                           0x08000a89   Thumb Code     4  stm32f10x_gpio.o(i.GPIO_ResetBits)
    GPIO_SetBits                             0x08000a8d   Thumb Code     4  stm32f10x_gpio.o(i.GPIO_SetBits)
    GPIO_WriteBit                            0x08000a91   Thumb Code    10  stm32f10x_gpio.o(i.GPIO_WriteBit)
    Hal_Uart3_Send_Data                      0x08000b2d   Thumb Code    40  hal_uart.o(i.Hal_Uart3_Send_Data)
    HardFault_Handler                        0x08000b59   Thumb Code     4  stm32f10x_it.o(i.HardFault_Handler)
    LCD_Address_Set                          0x08000e75   Thumb Code    66  mt_tftlcd.o(i.LCD_Address_Set)
    LCD_Fill                                 0x08000ed5   Thumb Code    88  mt_tftlcd.o(i.LCD_Fill)
    LCD_ShowChar                             0x08000f31   Thumb Code   348  mt_tftlcd.o(i.LCD_ShowChar)
    LCD_ShowPicture32PixFont                 0x080010a1   Thumb Code   188  mt_tftlcd.o(i.LCD_ShowPicture32PixFont)
    LCD_ShowString                           0x08001161   Thumb Code    66  mt_tftlcd.o(i.LCD_ShowString)
    LCD_WR_DATA                              0x080011a3   Thumb Code    26  hal_tftlcd.o(i.LCD_WR_DATA)
    LCD_WR_DATA8                             0x080011bd   Thumb Code    12  hal_tftlcd.o(i.LCD_WR_DATA8)
    LCD_WR_REG                               0x080011c9   Thumb Code    28  hal_tftlcd.o(i.LCD_WR_REG)
    LCD_Writ_Bus                             0x080011e9   Thumb Code    20  hal_tftlcd.o(i.LCD_Writ_Bus)
    MD5Decode                                0x08001201   Thumb Code    50  mt_md5.o(i.MD5Decode)
    MD5Encode                                0x08001233   Thumb Code    62  mt_md5.o(i.MD5Encode)
    MD5Final                                 0x08001271   Thumb Code    80  mt_md5.o(i.MD5Final)
    MD5Init                                  0x080012c5   Thumb Code    26  mt_md5.o(i.MD5Init)
    MD5Transform                             0x080012e9   Thumb Code  1898  mt_md5.o(i.MD5Transform)
    MD5Update                                0x08001abd   Thumb Code   140  mt_md5.o(i.MD5Update)
    MemManage_Handler                        0x08001b49   Thumb Code     4  stm32f10x_it.o(i.MemManage_Handler)
    NMI_Handler                              0x08001b4d   Thumb Code     2  stm32f10x_it.o(i.NMI_Handler)
    NVIC_Init                                0x08001b51   Thumb Code   100  misc.o(i.NVIC_Init)
    NVIC_PriorityGroupConfig                 0x08001bc1   Thumb Code    10  misc.o(i.NVIC_PriorityGroupConfig)
    OS_CPUInterruptCBSRegister               0x08001bd5   Thumb Code    12  os_system.o(i.OS_CPUInterruptCBSRegister)
    OS_ClockInterruptHandle                  0x08001be5   Thumb Code   100  os_system.o(i.OS_ClockInterruptHandle)
    OS_CreatTask                             0x08001c4d   Thumb Code    62  os_system.o(i.OS_CreatTask)
    OS_Start                                 0x08001c91   Thumb Code    56  os_system.o(i.OS_Start)
    OS_TaskInit                              0x08001ccd   Thumb Code    56  os_system.o(i.OS_TaskInit)
    ParaInit                                 0x08001d09   Thumb Code    26  para.o(i.ParaInit)
    PendSV_Handler                           0x08001d2d   Thumb Code     2  stm32f10x_it.o(i.PendSV_Handler)
    RCC_ADCCLKConfig                         0x08001ed9   Thumb Code    18  stm32f10x_rcc.o(i.RCC_ADCCLKConfig)
    RCC_AHBPeriphClockCmd                    0x08001ef1   Thumb Code    26  stm32f10x_rcc.o(i.RCC_AHBPeriphClockCmd)
    RCC_APB1PeriphClockCmd                   0x08001f11   Thumb Code    26  stm32f10x_rcc.o(i.RCC_APB1PeriphClockCmd)
    RCC_APB1PeriphResetCmd                   0x08001f31   Thumb Code    26  stm32f10x_rcc.o(i.RCC_APB1PeriphResetCmd)
    RCC_APB2PeriphClockCmd                   0x08001f51   Thumb Code    26  stm32f10x_rcc.o(i.RCC_APB2PeriphClockCmd)
    RCC_APB2PeriphResetCmd                   0x08001f71   Thumb Code    26  stm32f10x_rcc.o(i.RCC_APB2PeriphResetCmd)
    RCC_GetClocksFreq                        0x08001f91   Thumb Code   374  stm32f10x_rcc.o(i.RCC_GetClocksFreq)
    SPI_Cmd                                  0x08002121   Thumb Code    24  stm32f10x_spi.o(i.SPI_Cmd)
    SPI_I2S_DMACmd                           0x08002139   Thumb Code    18  stm32f10x_spi.o(i.SPI_I2S_DMACmd)
    SPI_Init                                 0x0800214b   Thumb Code    60  stm32f10x_spi.o(i.SPI_Init)
    SVC_Handler                              0x08002187   Thumb Code     2  stm32f10x_it.o(i.SVC_Handler)
    S_QueueDataIn                            0x08002189   Thumb Code   120  os_system.o(i.S_QueueDataIn)
    S_QueueDataLen                           0x08002205   Thumb Code    46  os_system.o(i.S_QueueDataLen)
    S_QueueDataOut                           0x08002235   Thumb Code    98  os_system.o(i.S_QueueDataOut)
    S_QueueEmpty                             0x0800229d   Thumb Code     6  os_system.o(i.S_QueueEmpty)
    SeekSrting                               0x080022a3   Thumb Code   110  mt_api.o(i.SeekSrting)
    StringhexToAsciiConversion               0x08002431   Thumb Code    82  mt_api.o(i.StringhexToAsciiConversion)
    SysTick_Handler                          0x08002483   Thumb Code     8  cpu.o(i.SysTick_Handler)
    SystemInit                               0x0800248d   Thumb Code    92  system_stm32f10x.o(i.SystemInit)
    TIM3_IRQHandler                          0x08002739   Thumb Code   194  hal_al6630.o(i.TIM3_IRQHandler)
    TIM4_IRQHandler                          0x08002805   Thumb Code    16  hal_timer.o(i.TIM4_IRQHandler)
    TIM_ClearFlag                            0x08002819   Thumb Code     6  stm32f10x_tim.o(i.TIM_ClearFlag)
    TIM_ClearITPendingBit                    0x0800281f   Thumb Code     6  stm32f10x_tim.o(i.TIM_ClearITPendingBit)
    TIM_Cmd                                  0x08002825   Thumb Code    24  stm32f10x_tim.o(i.TIM_Cmd)
    TIM_DeInit                               0x0800283d   Thumb Code   424  stm32f10x_tim.o(i.TIM_DeInit)
    TIM_GetCapture2                          0x08002a25   Thumb Code     6  stm32f10x_tim.o(i.TIM_GetCapture2)
    TIM_GetITStatus                          0x08002a2b   Thumb Code    34  stm32f10x_tim.o(i.TIM_GetITStatus)
    TIM_ICInit                               0x08002a4d   Thumb Code   150  stm32f10x_tim.o(i.TIM_ICInit)
    TIM_ITConfig                             0x08002af9   Thumb Code    18  stm32f10x_tim.o(i.TIM_ITConfig)
    TIM_SetCounter                           0x08002b0b   Thumb Code     4  stm32f10x_tim.o(i.TIM_SetCounter)
    TIM_SetIC1Prescaler                      0x08002b0f   Thumb Code    18  stm32f10x_tim.o(i.TIM_SetIC1Prescaler)
    TIM_SetIC2Prescaler                      0x08002b21   Thumb Code    26  stm32f10x_tim.o(i.TIM_SetIC2Prescaler)
    TIM_SetIC3Prescaler                      0x08002b3b   Thumb Code    18  stm32f10x_tim.o(i.TIM_SetIC3Prescaler)
    TIM_SetIC4Prescaler                      0x08002b4d   Thumb Code    26  stm32f10x_tim.o(i.TIM_SetIC4Prescaler)
    TIM_TimeBaseInit                         0x08002b69   Thumb Code   122  stm32f10x_tim.o(i.TIM_TimeBaseInit)
    UART5_IRQHandler                         0x08002c0d   Thumb Code    48  hal_uart.o(i.UART5_IRQHandler)
    USART1_IRQHandler                        0x08002c45   Thumb Code    58  hal_uart.o(i.USART1_IRQHandler)
    USART1_PutInDebugString                  0x08002c89   Thumb Code    48  hal_uart.o(i.USART1_PutInDebugString)
    USART2_IRQHandler                        0x08002cbd   Thumb Code    60  hal_uart.o(i.USART2_IRQHandler)
    USART3_IRQHandler                        0x08002d01   Thumb Code    60  hal_uart.o(i.USART3_IRQHandler)
    USART_ClearITPendingBit                  0x08002d45   Thumb Code    30  stm32f10x_usart.o(i.USART_ClearITPendingBit)
    USART_Cmd                                0x08002d63   Thumb Code    24  stm32f10x_usart.o(i.USART_Cmd)
    USART_DMACmd                             0x08002d7b   Thumb Code    18  stm32f10x_usart.o(i.USART_DMACmd)
    USART_GetFlagStatus                      0x08002d8d   Thumb Code    26  stm32f10x_usart.o(i.USART_GetFlagStatus)
    USART_GetITStatus                        0x08002da7   Thumb Code    84  stm32f10x_usart.o(i.USART_GetITStatus)
    USART_ITConfig                           0x08002dfb   Thumb Code    74  stm32f10x_usart.o(i.USART_ITConfig)
    USART_Init                               0x08002e45   Thumb Code   210  stm32f10x_usart.o(i.USART_Init)
    USART_ReceiveData                        0x08002f1d   Thumb Code    10  stm32f10x_usart.o(i.USART_ReceiveData)
    USART_SendData                           0x08002f27   Thumb Code     8  stm32f10x_usart.o(i.USART_SendData)
    UsageFault_Handler                       0x08002f2f   Thumb Code     4  stm32f10x_it.o(i.UsageFault_Handler)
    WIFI_RxMsg_Analysis                      0x08002f35   Thumb Code    64  mt_wifi.o(i.WIFI_RxMsg_Analysis)
    WIFI_TxMsgInput                          0x08002f79   Thumb Code    84  mt_wifi.o(i.WIFI_TxMsgInput)
    WIFI_TxMsg_Send                          0x08002fd9   Thumb Code    44  mt_wifi.o(i.WIFI_TxMsg_Send)
    app_task                                 0x08003089   Thumb Code    14  app.o(i.app_task)
    app_task_init                            0x08003099   Thumb Code    22  app.o(i.app_task_init)
    delay_1msTest                            0x080030bd   Thumb Code    18  hal_gpio.o(i.delay_1msTest)
    hal_Adc_batInit                          0x08003181   Thumb Code    30  hal_adc.o(i.hal_Adc_batInit)
    hal_BatCheckProc                         0x080031a5   Thumb Code    96  hal_adc.o(i.hal_BatCheckProc)
    hal_CPUInit                              0x08003215   Thumb Code    14  cpu.o(i.hal_CPUInit)
    hal_CPU_Critical_Control                 0x08003229   Thumb Code    34  cpu.o(i.hal_CPU_Critical_Control)
    hal_CreatTimer                           0x080032ad   Thumb Code    50  hal_timer.o(i.hal_CreatTimer)
    hal_GPIO_4GPowerKey_H                    0x08003389   Thumb Code    12  hal_gpio.o(i.hal_GPIO_4GPowerKey_H)
    hal_GPIO_4GPowerKey_L                    0x08003399   Thumb Code    12  hal_gpio.o(i.hal_GPIO_4GPowerKey_L)
    hal_GPIO_WIFIPowerEN_H                   0x080033b9   Thumb Code    12  hal_gpio.o(i.hal_GPIO_WIFIPowerEN_H)
    hal_GPIO_WIFIPowerEN_L                   0x080033c9   Thumb Code    12  hal_gpio.o(i.hal_GPIO_WIFIPowerEN_L)
    hal_GetTemHumProc                        0x080033d9   Thumb Code   208  hal_al6630.o(i.hal_GetTemHumProc)
    hal_GetTemperatureDat                    0x080034b9   Thumb Code     6  hal_al6630.o(i.hal_GetTemperatureDat)
    hal_GethumidityDat                       0x080034c5   Thumb Code     6  hal_al6630.o(i.hal_GethumidityDat)
    hal_GpioConfig_init                      0x080034d1   Thumb Code   116  hal_gpio.o(i.hal_GpioConfig_init)
    hal_Gpio_AcStateCheck                    0x08003555   Thumb Code    68  hal_gpio.o(i.hal_Gpio_AcStateCheck)
    hal_KeyProc                              0x08003621   Thumb Code   282  hal_key.o(i.hal_KeyProc)
    hal_KeyScanCBSRegister                   0x08003751   Thumb Code    12  hal_key.o(i.hal_KeyScanCBSRegister)
    hal_LedInit                              0x080037f1   Thumb Code    22  hal_led.o(i.hal_LedInit)
    hal_Oled_Display_on                      0x080038b5   Thumb Code    14  hal_tftlcd.o(i.hal_Oled_Display_on)
    hal_ResetTimer                           0x080038c9   Thumb Code    46  hal_timer.o(i.hal_ResetTimer)
    hal_Tftlcd_Clear                         0x080038fd   Thumb Code    20  mt_tftlcd.o(i.hal_Tftlcd_Clear)
    hal_UsartInit                            0x08003981   Thumb Code    40  hal_uart.o(i.hal_UsartInit)
    hal_UsartProc                            0x080039bd   Thumb Code    32  hal_uart.o(i.hal_UsartProc)
    hal_adc_returnVoltLevel                  0x08003dfd   Thumb Code     6  hal_adc.o(i.hal_adc_returnVoltLevel)
    hal_eepromInit                           0x08003e09   Thumb Code     8  hal_eeprom.o(i.hal_eepromInit)
    hal_keyInit                              0x08003ebd   Thumb Code    56  hal_key.o(i.hal_keyInit)
    hal_oled_RestH                           0x08003f09   Thumb Code    14  hal_tftlcd.o(i.hal_oled_RestH)
    hal_oled_RestL                           0x08003f1d   Thumb Code    14  hal_tftlcd.o(i.hal_oled_RestL)
    hal_spi2CSDrive                          0x08003f31   Thumb Code    30  hal_flash.o(i.hal_spi2CSDrive)
    hal_spi2Init                             0x08003f55   Thumb Code   176  hal_flash.o(i.hal_spi2Init)
    hal_task                                 0x0800400d   Thumb Code    20  hal_task.o(i.hal_task)
    hal_task_init                            0x08004021   Thumb Code    44  hal_task.o(i.hal_task_init)
    hal_tftlcdConfig                         0x0800404d   Thumb Code   312  hal_tftlcd.o(i.hal_tftlcdConfig)
    hal_timerInit                            0x080042dd   Thumb Code    64  hal_timer.o(i.hal_timerInit)
    hal_timer_capInit                        0x08004321   Thumb Code    20  hal_al6630.o(i.hal_timer_capInit)
    hal_usart_Uart3DateRxCBSRegister         0x080045e1   Thumb Code    12  hal_uart.o(i.hal_usart_Uart3DateRxCBSRegister)
    hal_usart_Uart5DateRxCBSRegister         0x080045f1   Thumb Code    12  hal_uart.o(i.hal_usart_Uart5DateRxCBSRegister)
    hal_usart_Uart5DateTx                    0x08004601   Thumb Code    44  hal_uart.o(i.hal_usart_Uart5DateTx)
    hal_wtn6                                 0x08004631   Thumb Code    40  hal_wtn6.o(i.hal_wtn6)
    main                                     0x08004669   Thumb Code    70  main.o(i.main)
    mt_4g_Init                               0x080046bd   Thumb Code    14  mt_4g.o(i.mt_4g_Init)
    mt_4g_pro                                0x080046d1   Thumb Code     8  mt_4g.o(i.mt_4g_pro)
    mt_api_crc16                             0x080046d9   Thumb Code    86  mt_api.o(i.mt_api_crc16)
    mt_flashInit                             0x08004735   Thumb Code     8  mt_flash.o(i.mt_flashInit)
    mt_loraRxApplyNet_callback_Register      0x0800473d   Thumb Code    12  mt_lora.o(i.mt_loraRxApplyNet_callback_Register)
    mt_lora_Pro                              0x080048b1   Thumb Code    12  mt_lora.o(i.mt_lora_Pro)
    mt_lora_TxMsgInput                       0x08004bb1   Thumb Code    48  mt_lora.o(i.mt_lora_TxMsgInput)
    mt_lora_init                             0x08004c01   Thumb Code    40  mt_lora.o(i.mt_lora_init)
    mt_lora_loracomm_callback_Register       0x08004c3d   Thumb Code    12  mt_lora.o(i.mt_lora_loracomm_callback_Register)
    mt_md5_EncipherPassWord                  0x08004c4d   Thumb Code   192  mt_md5.o(i.mt_md5_EncipherPassWord)
    mt_mqtt_init                             0x08004d11   Thumb Code   128  mt_mqtt.o(i.mt_mqtt_init)
    mt_task                                  0x08004d99   Thumb Code    16  mt_task.o(i.mt_task)
    mt_task_init                             0x08004da9   Thumb Code    28  mt_task.o(i.mt_task_init)
    mt_tftlcd_init                           0x08004dc5   Thumb Code   574  mt_tftlcd.o(i.mt_tftlcd_init)
    mt_wifi_DataPack                         0x08005055   Thumb Code   156  mt_wifi.o(i.mt_wifi_DataPack)
    mt_wifi_changState                       0x08005185   Thumb Code    20  mt_wifi.o(i.mt_wifi_changState)
    mt_wifi_init                             0x080051a1   Thumb Code    96  mt_wifi.o(i.mt_wifi_init)
    mt_wifi_pro                              0x08005221   Thumb Code    20  mt_wifi.o(i.mt_wifi_pro)
    showSystemTime                           0x08005235   Thumb Code   176  mt_tftlcd.o(i.showSystemTime)
    ascii_1206                               0x080054a4   Data        1140  lcdfont.o(.constdata)
    ascii_1608                               0x08005918   Data        1520  lcdfont.o(.constdata)
    ascii_2412                               0x08005f08   Data        4560  lcdfont.o(.constdata)
    ascii_3216                               0x080070d8   Data        6080  lcdfont.o(.constdata)
    ascii_4824                               0x08008898   Data       13680  lcdfont.o(.constdata)
    gImage_wifiSigal                         0x0800be08   Data        2560  lcdfont.o(.constdata)
    wCRCTalbeAbs                             0x0800c808   Data          32  mt_api.o(.constdata)
    ESP12_AT                                 0x0800c828   Data         980  mt_wifi.o(.constdata)
    ESP12_AT_ResPonse                        0x0800cbfc   Data         324  mt_wifi.o(.constdata)
    Region$$Table$$Base                      0x0800cd40   Number         0  anon$$obj.o(Region$$Table)
    Region$$Table$$Limit                     0x0800cd60   Number         0  anon$$obj.o(Region$$Table)
    wtn6                                     0x20000002   Data          40  hal_wtn6.o(.data)
    Wtn6Playflag                             0x2000002a   Data           1  hal_wtn6.o(.data)
    Wtn6VolueNum                             0x2000002b   Data           1  hal_wtn6.o(.data)
    Wtn6NextNum                              0x2000002c   Data           1  hal_wtn6.o(.data)
    Wtn6Timer                                0x2000002e   Data           2  hal_wtn6.o(.data)
    getKeysVal                               0x20000038   Data          20  hal_key.o(.data)
    KeyScanCBS                               0x2000004c   Data           4  hal_key.o(.data)
    DebugIsBusy                              0x20000050   Data           1  hal_uart.o(.data)
    Uart2DateRxCBS                           0x20000054   Data           4  hal_uart.o(.data)
    Uart3DateRxCBS                           0x20000058   Data           4  hal_uart.o(.data)
    Uart5DateRxCBS                           0x2000005c   Data           4  hal_uart.o(.data)
    SystemCoreClock                          0x20000068   Data           4  system_stm32f10x.o(.data)
    AHBPrescTable                            0x2000006c   Data          16  system_stm32f10x.o(.data)
    loracomm_callback                        0x2000007c   Data           4  mt_lora.o(.data)
    loracommApplyNet_callback                0x20000080   Data           4  mt_lora.o(.data)
    WIFI_TxQueuePos                          0x20000088   Data           1  mt_wifi.o(.data)
    WIFI_Sta                                 0x20000089   Data           1  mt_wifi.o(.data)
    ES200C_Var                               0x2000009c   Data           4  mt_4g.o(.data)
    PADDING                                  0x200000a0   Data          64  mt_md5.o(.data)
    CPUInterrupptCtrlCBS                     0x200000e8   Data           4  os_system.o(.data)
    Stu_Timer                                0x20000100   Data          24  hal_timer.o(.bss)
    temHumBufDat                             0x20000118   Data          20  hal_al6630.o(.bss)
    KeyState                                 0x2000012c   Data          16  hal_key.o(.bss)
    KeyScanTime                              0x2000013c   Data          32  hal_key.o(.bss)
    KeyPressLongTimer                        0x2000015c   Data          32  hal_key.o(.bss)
    KeyContPressTimer                        0x2000017c   Data          32  hal_key.o(.bss)
    DebugTxDMAMapBuff                        0x2000019c   Data         512  hal_uart.o(.bss)
    DebugTxMsg                               0x2000039c   Data         524  hal_uart.o(.bss)
    hal_batVolt                              0x200005a8   Data          24  hal_adc.o(.bss)
    ColorBuf                                 0x200005c0   Data         640  mt_tftlcd.o(.bss)
    Wifi_RxIdxMsg                            0x20000abc   Data        1036  mt_wifi.o(.bss)
    Wifi_TxIdxMsg                            0x20000ec8   Data          28  mt_wifi.o(.bss)
    WIFI_TxBuff                              0x20000ee4   Data        2000  mt_wifi.o(.bss)
    WIFI_RxBuff                              0x200016b4   Data         800  mt_wifi.o(.bss)
    WIFI_NetSta                              0x200019d4   Data          71  mt_wifi.o(.bss)
    md5c                                     0x20001a1c   Data          88  mt_md5.o(.bss)
    mqtt_para                                0x20001a74   Data         209  mt_mqtt.o(.bss)
    STM32_UID                                0x20001b45   Data          12  para.o(.bss)
    OS_Task                                  0x20001b54   Data          36  os_system.o(.bss)
    __libspace_start                         0x20001b78   Data          96  libspace.o(.bss)
    __temporary_stack_top$libspace           0x20001bd8   Data           0  libspace.o(.bss)



==============================================================================

Memory Map of the image

  Image Entry point : 0x08000151

  Load Region LR_IROM1 (Base: 0x08000000, Size: 0x0000ce60, Max: 0x00040000, ABSOLUTE)

    Execution Region ER_IROM1 (Exec base: 0x08000000, Load base: 0x08000000, Size: 0x0000cd60, Max: 0x00040000, ABSOLUTE)

    Exec Addr    Load Addr    Size         Type   Attr      Idx    E Section Name        Object

    0x08000000   0x08000000   0x00000150   Data   RO         1591    RESET               startup_stm32f10x_cl.o
    0x08000150   0x08000150   0x00000008   Code   RO         4642  * !!!main             c_w.l(__main.o)
    0x08000158   0x08000158   0x00000034   Code   RO         4803    !!!scatter          c_w.l(__scatter.o)
    0x0800018c   0x0800018c   0x0000001a   Code   RO         4805    !!handler_copy      c_w.l(__scatter_copy.o)
    0x080001a6   0x080001a6   0x00000002   PAD
    0x080001a8   0x080001a8   0x0000001c   Code   RO         4807    !!handler_zi        c_w.l(__scatter_zi.o)
    0x080001c4   0x080001c4   0x00000002   Code   RO         4671    .ARM.Collect$$libinit$$00000000  c_w.l(libinit.o)
    0x080001c6   0x080001c6   0x00000000   Code   RO         4678    .ARM.Collect$$libinit$$00000002  c_w.l(libinit2.o)
    0x080001c6   0x080001c6   0x00000000   Code   RO         4680    .ARM.Collect$$libinit$$00000004  c_w.l(libinit2.o)
    0x080001c6   0x080001c6   0x00000000   Code   RO         4683    .ARM.Collect$$libinit$$0000000A  c_w.l(libinit2.o)
    0x080001c6   0x080001c6   0x00000000   Code   RO         4685    .ARM.Collect$$libinit$$0000000C  c_w.l(libinit2.o)
    0x080001c6   0x080001c6   0x00000000   Code   RO         4687    .ARM.Collect$$libinit$$0000000E  c_w.l(libinit2.o)
    0x080001c6   0x080001c6   0x00000000   Code   RO         4690    .ARM.Collect$$libinit$$00000011  c_w.l(libinit2.o)
    0x080001c6   0x080001c6   0x00000000   Code   RO         4692    .ARM.Collect$$libinit$$00000013  c_w.l(libinit2.o)
    0x080001c6   0x080001c6   0x00000000   Code   RO         4694    .ARM.Collect$$libinit$$00000015  c_w.l(libinit2.o)
    0x080001c6   0x080001c6   0x00000000   Code   RO         4696    .ARM.Collect$$libinit$$00000017  c_w.l(libinit2.o)
    0x080001c6   0x080001c6   0x00000000   Code   RO         4698    .ARM.Collect$$libinit$$00000019  c_w.l(libinit2.o)
    0x080001c6   0x080001c6   0x00000000   Code   RO         4700    .ARM.Collect$$libinit$$0000001B  c_w.l(libinit2.o)
    0x080001c6   0x080001c6   0x00000000   Code   RO         4702    .ARM.Collect$$libinit$$0000001D  c_w.l(libinit2.o)
    0x080001c6   0x080001c6   0x00000000   Code   RO         4704    .ARM.Collect$$libinit$$0000001F  c_w.l(libinit2.o)
    0x080001c6   0x080001c6   0x00000000   Code   RO         4706    .ARM.Collect$$libinit$$00000021  c_w.l(libinit2.o)
    0x080001c6   0x080001c6   0x00000000   Code   RO         4708    .ARM.Collect$$libinit$$00000023  c_w.l(libinit2.o)
    0x080001c6   0x080001c6   0x00000000   Code   RO         4710    .ARM.Collect$$libinit$$00000025  c_w.l(libinit2.o)
    0x080001c6   0x080001c6   0x00000000   Code   RO         4714    .ARM.Collect$$libinit$$0000002C  c_w.l(libinit2.o)
    0x080001c6   0x080001c6   0x00000000   Code   RO         4716    .ARM.Collect$$libinit$$0000002E  c_w.l(libinit2.o)
    0x080001c6   0x080001c6   0x00000000   Code   RO         4718    .ARM.Collect$$libinit$$00000030  c_w.l(libinit2.o)
    0x080001c6   0x080001c6   0x00000000   Code   RO         4720    .ARM.Collect$$libinit$$00000032  c_w.l(libinit2.o)
    0x080001c6   0x080001c6   0x00000002   Code   RO         4721    .ARM.Collect$$libinit$$00000033  c_w.l(libinit2.o)
    0x080001c8   0x080001c8   0x00000002   Code   RO         4741    .ARM.Collect$$libshutdown$$00000000  c_w.l(libshutdown.o)
    0x080001ca   0x080001ca   0x00000000   Code   RO         4754    .ARM.Collect$$libshutdown$$00000002  c_w.l(libshutdown2.o)
    0x080001ca   0x080001ca   0x00000000   Code   RO         4756    .ARM.Collect$$libshutdown$$00000004  c_w.l(libshutdown2.o)
    0x080001ca   0x080001ca   0x00000000   Code   RO         4758    .ARM.Collect$$libshutdown$$00000006  c_w.l(libshutdown2.o)
    0x080001ca   0x080001ca   0x00000000   Code   RO         4761    .ARM.Collect$$libshutdown$$00000009  c_w.l(libshutdown2.o)
    0x080001ca   0x080001ca   0x00000000   Code   RO         4764    .ARM.Collect$$libshutdown$$0000000C  c_w.l(libshutdown2.o)
    0x080001ca   0x080001ca   0x00000000   Code   RO         4766    .ARM.Collect$$libshutdown$$0000000E  c_w.l(libshutdown2.o)
    0x080001ca   0x080001ca   0x00000000   Code   RO         4769    .ARM.Collect$$libshutdown$$00000011  c_w.l(libshutdown2.o)
    0x080001ca   0x080001ca   0x00000002   Code   RO         4770    .ARM.Collect$$libshutdown$$00000012  c_w.l(libshutdown2.o)
    0x080001cc   0x080001cc   0x00000000   Code   RO         4644    .ARM.Collect$$rtentry$$00000000  c_w.l(__rtentry.o)
    0x080001cc   0x080001cc   0x00000000   Code   RO         4648    .ARM.Collect$$rtentry$$00000002  c_w.l(__rtentry2.o)
    0x080001cc   0x080001cc   0x00000006   Code   RO         4660    .ARM.Collect$$rtentry$$00000004  c_w.l(__rtentry4.o)
    0x080001d2   0x080001d2   0x00000000   Code   RO         4650    .ARM.Collect$$rtentry$$00000009  c_w.l(__rtentry2.o)
    0x080001d2   0x080001d2   0x00000004   Code   RO         4651    .ARM.Collect$$rtentry$$0000000A  c_w.l(__rtentry2.o)
    0x080001d6   0x080001d6   0x00000000   Code   RO         4653    .ARM.Collect$$rtentry$$0000000C  c_w.l(__rtentry2.o)
    0x080001d6   0x080001d6   0x00000008   Code   RO         4654    .ARM.Collect$$rtentry$$0000000D  c_w.l(__rtentry2.o)
    0x080001de   0x080001de   0x00000002   Code   RO         4675    .ARM.Collect$$rtexit$$00000000  c_w.l(rtexit.o)
    0x080001e0   0x080001e0   0x00000000   Code   RO         4723    .ARM.Collect$$rtexit$$00000002  c_w.l(rtexit2.o)
    0x080001e0   0x080001e0   0x00000004   Code   RO         4724    .ARM.Collect$$rtexit$$00000003  c_w.l(rtexit2.o)
    0x080001e4   0x080001e4   0x00000006   Code   RO         4725    .ARM.Collect$$rtexit$$00000004  c_w.l(rtexit2.o)
    0x080001ea   0x080001ea   0x00000002   PAD
    0x080001ec   0x080001ec   0x00000040   Code   RO         1592    .text               startup_stm32f10x_cl.o
    0x0800022c   0x0800022c   0x0000003e   Code   RO         4630    .text               c_w.l(strlen.o)
    0x0800026a   0x0800026a   0x00000018   Code   RO         4632    .text               c_w.l(strcat.o)
    0x08000282   0x08000282   0x0000008a   Code   RO         4634    .text               c_w.l(rt_memcpy_v6.o)
    0x0800030c   0x0800030c   0x00000044   Code   RO         4636    .text               c_w.l(rt_memclr.o)
    0x08000350   0x08000350   0x0000004e   Code   RO         4638    .text               c_w.l(rt_memclr_w.o)
    0x0800039e   0x0800039e   0x00000006   Code   RO         4640    .text               c_w.l(heapauxi.o)
    0x080003a4   0x080003a4   0x00000064   Code   RO         4645    .text               c_w.l(rt_memcpy_w.o)
    0x08000408   0x08000408   0x0000004a   Code   RO         4662    .text               c_w.l(sys_stackheap_outer.o)
    0x08000452   0x08000452   0x00000012   Code   RO         4664    .text               c_w.l(exit.o)
    0x08000464   0x08000464   0x00000008   Code   RO         4672    .text               c_w.l(libspace.o)
    0x0800046c   0x0800046c   0x0000000c   Code   RO         4733    .text               c_w.l(sys_exit.o)
    0x08000478   0x08000478   0x00000002   Code   RO         4744    .text               c_w.l(use_no_semi.o)
    0x0800047a   0x0800047a   0x00000000   Code   RO         4746    .text               c_w.l(indicate_semi.o)
    0x0800047a   0x0800047a   0x00000016   Code   RO         1639    i.ADC_Cmd           stm32f10x_adc.o
    0x08000490   0x08000490   0x00000014   Code   RO         1647    i.ADC_GetCalibrationStatus  stm32f10x_adc.o
    0x080004a4   0x080004a4   0x00000008   Code   RO         1648    i.ADC_GetConversionValue  stm32f10x_adc.o
    0x080004ac   0x080004ac   0x00000012   Code   RO         1650    i.ADC_GetFlagStatus  stm32f10x_adc.o
    0x080004be   0x080004be   0x00000014   Code   RO         1653    i.ADC_GetResetCalibrationStatus  stm32f10x_adc.o
    0x080004d2   0x080004d2   0x00000002   PAD
    0x080004d4   0x080004d4   0x00000050   Code   RO         1657    i.ADC_Init          stm32f10x_adc.o
    0x08000524   0x08000524   0x000000b8   Code   RO         1661    i.ADC_RegularChannelConfig  stm32f10x_adc.o
    0x080005dc   0x080005dc   0x0000000a   Code   RO         1662    i.ADC_ResetCalibration  stm32f10x_adc.o
    0x080005e6   0x080005e6   0x00000016   Code   RO         1664    i.ADC_SoftwareStartConvCmd  stm32f10x_adc.o
    0x080005fc   0x080005fc   0x0000000a   Code   RO         1666    i.ADC_StartCalibration  stm32f10x_adc.o
    0x08000606   0x08000606   0x00000004   Code   RO          821    i.BusFault_Handler  stm32f10x_it.o
    0x0800060a   0x0800060a   0x00000002   PAD
    0x0800060c   0x0800060c   0x0000002c   Code   RO          534    i.DMA1_Channel4_IRQHandler  hal_uart.o
    0x08000638   0x08000638   0x0000001c   Code   RO         2323    i.DMA_ClearITPendingBit  stm32f10x_dma.o
    0x08000654   0x08000654   0x00000018   Code   RO         2324    i.DMA_Cmd           stm32f10x_dma.o
    0x0800066c   0x0800066c   0x0000014c   Code   RO         2325    i.DMA_DeInit        stm32f10x_dma.o
    0x080007b8   0x080007b8   0x0000002c   Code   RO         2328    i.DMA_GetITStatus   stm32f10x_dma.o
    0x080007e4   0x080007e4   0x00000012   Code   RO         2329    i.DMA_ITConfig      stm32f10x_dma.o
    0x080007f6   0x080007f6   0x0000003c   Code   RO         2330    i.DMA_Init          stm32f10x_dma.o
    0x08000832   0x08000832   0x00000002   PAD
    0x08000834   0x08000834   0x00000050   Code   RO          271    i.DMA_SPI3_TX       hal_tftlcd.o
    0x08000884   0x08000884   0x00000002   Code   RO          822    i.DebugMon_Handler  stm32f10x_it.o
    0x08000886   0x08000886   0x00000002   PAD
    0x08000888   0x08000888   0x00000034   Code   RO         1314    i.EC200S_PutOnHandler  mt_4g.o
    0x080008bc   0x080008bc   0x00000116   Code   RO         2748    i.GPIO_Init         stm32f10x_gpio.o
    0x080009d2   0x080009d2   0x00000002   PAD
    0x080009d4   0x080009d4   0x00000090   Code   RO         2750    i.GPIO_PinRemapConfig  stm32f10x_gpio.o
    0x08000a64   0x08000a64   0x00000012   Code   RO         2752    i.GPIO_ReadInputDataBit  stm32f10x_gpio.o
    0x08000a76   0x08000a76   0x00000012   Code   RO         2754    i.GPIO_ReadOutputDataBit  stm32f10x_gpio.o
    0x08000a88   0x08000a88   0x00000004   Code   RO         2755    i.GPIO_ResetBits    stm32f10x_gpio.o
    0x08000a8c   0x08000a8c   0x00000004   Code   RO         2756    i.GPIO_SetBits      stm32f10x_gpio.o
    0x08000a90   0x08000a90   0x0000000a   Code   RO         2759    i.GPIO_WriteBit     stm32f10x_gpio.o
    0x08000a9a   0x08000a9a   0x0000001a   Code   RO         1196    i.GetAtRspStrLen    mt_api.o
    0x08000ab4   0x08000ab4   0x00000078   Code   RO          122    i.Hal_TimerHandle   hal_timer.o
    0x08000b2c   0x08000b2c   0x0000002c   Code   RO          535    i.Hal_Uart3_Send_Data  hal_uart.o
    0x08000b58   0x08000b58   0x00000004   Code   RO          823    i.HardFault_Handler  stm32f10x_it.o
    0x08000b5c   0x08000b5c   0x00000318   Code   RO         1413    i.KeyEventHandle    app.o
    0x08000e74   0x08000e74   0x00000042   Code   RO         1000    i.LCD_Address_Set   mt_tftlcd.o
    0x08000eb6   0x08000eb6   0x0000001c   Code   RO         1001    i.LCD_DrawPoint     mt_tftlcd.o
    0x08000ed2   0x08000ed2   0x00000002   PAD
    0x08000ed4   0x08000ed4   0x0000005c   Code   RO         1002    i.LCD_Fill          mt_tftlcd.o
    0x08000f30   0x08000f30   0x00000170   Code   RO         1003    i.LCD_ShowChar      mt_tftlcd.o
    0x080010a0   0x080010a0   0x000000c0   Code   RO         1004    i.LCD_ShowPicture32PixFont  mt_tftlcd.o
    0x08001160   0x08001160   0x00000042   Code   RO         1005    i.LCD_ShowString    mt_tftlcd.o
    0x080011a2   0x080011a2   0x0000001a   Code   RO          272    i.LCD_WR_DATA       hal_tftlcd.o
    0x080011bc   0x080011bc   0x0000000c   Code   RO          273    i.LCD_WR_DATA8      hal_tftlcd.o
    0x080011c8   0x080011c8   0x00000020   Code   RO          274    i.LCD_WR_REG        hal_tftlcd.o
    0x080011e8   0x080011e8   0x00000018   Code   RO          275    i.LCD_Writ_Bus      hal_tftlcd.o
    0x08001200   0x08001200   0x00000032   Code   RO         1340    i.MD5Decode         mt_md5.o
    0x08001232   0x08001232   0x0000003e   Code   RO         1341    i.MD5Encode         mt_md5.o
    0x08001270   0x08001270   0x00000054   Code   RO         1342    i.MD5Final          mt_md5.o
    0x080012c4   0x080012c4   0x00000024   Code   RO         1343    i.MD5Init           mt_md5.o
    0x080012e8   0x080012e8   0x000007d4   Code   RO         1344    i.MD5Transform      mt_md5.o
    0x08001abc   0x08001abc   0x0000008c   Code   RO         1345    i.MD5Update         mt_md5.o
    0x08001b48   0x08001b48   0x00000004   Code   RO          824    i.MemManage_Handler  stm32f10x_it.o
    0x08001b4c   0x08001b4c   0x00000002   Code   RO          825    i.NMI_Handler       stm32f10x_it.o
    0x08001b4e   0x08001b4e   0x00000002   PAD
    0x08001b50   0x08001b50   0x00000070   Code   RO         1597    i.NVIC_Init         misc.o
    0x08001bc0   0x08001bc0   0x00000014   Code   RO         1598    i.NVIC_PriorityGroupConfig  misc.o
    0x08001bd4   0x08001bd4   0x00000010   Code   RO         1475    i.OS_CPUInterruptCBSRegister  os_system.o
    0x08001be4   0x08001be4   0x00000068   Code   RO         1476    i.OS_ClockInterruptHandle  os_system.o
    0x08001c4c   0x08001c4c   0x00000044   Code   RO         1477    i.OS_CreatTask      os_system.o
    0x08001c90   0x08001c90   0x0000003c   Code   RO         1478    i.OS_Start          os_system.o
    0x08001ccc   0x08001ccc   0x0000003c   Code   RO         1480    i.OS_TaskInit       os_system.o
    0x08001d08   0x08001d08   0x00000024   Code   RO         1457    i.ParaInit          para.o
    0x08001d2c   0x08001d2c   0x00000002   Code   RO          826    i.PendSV_Handler    stm32f10x_it.o
    0x08001d2e   0x08001d2e   0x00000002   PAD
    0x08001d30   0x08001d30   0x000001a8   Code   RO         1414    i.PowerState_icon_Display  app.o
    0x08001ed8   0x08001ed8   0x00000018   Code   RO         3162    i.RCC_ADCCLKConfig  stm32f10x_rcc.o
    0x08001ef0   0x08001ef0   0x00000020   Code   RO         3163    i.RCC_AHBPeriphClockCmd  stm32f10x_rcc.o
    0x08001f10   0x08001f10   0x00000020   Code   RO         3165    i.RCC_APB1PeriphClockCmd  stm32f10x_rcc.o
    0x08001f30   0x08001f30   0x00000020   Code   RO         3166    i.RCC_APB1PeriphResetCmd  stm32f10x_rcc.o
    0x08001f50   0x08001f50   0x00000020   Code   RO         3167    i.RCC_APB2PeriphClockCmd  stm32f10x_rcc.o
    0x08001f70   0x08001f70   0x00000020   Code   RO         3168    i.RCC_APB2PeriphResetCmd  stm32f10x_rcc.o
    0x08001f90   0x08001f90   0x00000190   Code   RO         3175    i.RCC_GetClocksFreq  stm32f10x_rcc.o
    0x08002120   0x08002120   0x00000018   Code   RO         3697    i.SPI_Cmd           stm32f10x_spi.o
    0x08002138   0x08002138   0x00000012   Code   RO         3703    i.SPI_I2S_DMACmd    stm32f10x_spi.o
    0x0800214a   0x0800214a   0x0000003c   Code   RO         3710    i.SPI_Init          stm32f10x_spi.o
    0x08002186   0x08002186   0x00000002   Code   RO          827    i.SVC_Handler       stm32f10x_it.o
    0x08002188   0x08002188   0x0000007c   Code   RO         1482    i.S_QueueDataIn     os_system.o
    0x08002204   0x08002204   0x0000002e   Code   RO         1483    i.S_QueueDataLen    os_system.o
    0x08002232   0x08002232   0x00000002   PAD
    0x08002234   0x08002234   0x00000068   Code   RO         1484    i.S_QueueDataOut    os_system.o
    0x0800229c   0x0800229c   0x00000006   Code   RO         1485    i.S_QueueEmpty      os_system.o
    0x080022a2   0x080022a2   0x0000006e   Code   RO         1197    i.SeekSrting        mt_api.o
    0x08002310   0x08002310   0x00000008   Code   RO          897    i.SetSysClock       system_stm32f10x.o
    0x08002318   0x08002318   0x00000118   Code   RO          898    i.SetSysClockTo72   system_stm32f10x.o
    0x08002430   0x08002430   0x00000052   Code   RO         1198    i.StringhexToAsciiConversion  mt_api.o
    0x08002482   0x08002482   0x00000008   Code   RO         1551    i.SysTick_Handler   cpu.o
    0x0800248a   0x0800248a   0x00000002   PAD
    0x0800248c   0x0800248c   0x0000006c   Code   RO          900    i.SystemInit        system_stm32f10x.o
    0x080024f8   0x080024f8   0x00000080   Code   RO         3836    i.TI1_Config        stm32f10x_tim.o
    0x08002578   0x08002578   0x00000098   Code   RO         3837    i.TI2_Config        stm32f10x_tim.o
    0x08002610   0x08002610   0x00000090   Code   RO         3838    i.TI3_Config        stm32f10x_tim.o
    0x080026a0   0x080026a0   0x00000098   Code   RO         3839    i.TI4_Config        stm32f10x_tim.o
    0x08002738   0x08002738   0x000000cc   Code   RO          416    i.TIM3_IRQHandler   hal_al6630.o
    0x08002804   0x08002804   0x00000014   Code   RO          123    i.TIM4_IRQHandler   hal_timer.o
    0x08002818   0x08002818   0x00000006   Code   RO         3846    i.TIM_ClearFlag     stm32f10x_tim.o
    0x0800281e   0x0800281e   0x00000006   Code   RO         3847    i.TIM_ClearITPendingBit  stm32f10x_tim.o
    0x08002824   0x08002824   0x00000018   Code   RO         3852    i.TIM_Cmd           stm32f10x_tim.o
    0x0800283c   0x0800283c   0x000001e8   Code   RO         3857    i.TIM_DeInit        stm32f10x_tim.o
    0x08002a24   0x08002a24   0x00000006   Code   RO         3868    i.TIM_GetCapture2   stm32f10x_tim.o
    0x08002a2a   0x08002a2a   0x00000022   Code   RO         3873    i.TIM_GetITStatus   stm32f10x_tim.o
    0x08002a4c   0x08002a4c   0x000000ac   Code   RO         3875    i.TIM_ICInit        stm32f10x_tim.o
    0x08002af8   0x08002af8   0x00000012   Code   RO         3877    i.TIM_ITConfig      stm32f10x_tim.o
    0x08002b0a   0x08002b0a   0x00000004   Code   RO         3917    i.TIM_SetCounter    stm32f10x_tim.o
    0x08002b0e   0x08002b0e   0x00000012   Code   RO         3918    i.TIM_SetIC1Prescaler  stm32f10x_tim.o
    0x08002b20   0x08002b20   0x0000001a   Code   RO         3919    i.TIM_SetIC2Prescaler  stm32f10x_tim.o
    0x08002b3a   0x08002b3a   0x00000012   Code   RO         3920    i.TIM_SetIC3Prescaler  stm32f10x_tim.o
    0x08002b4c   0x08002b4c   0x0000001a   Code   RO         3921    i.TIM_SetIC4Prescaler  stm32f10x_tim.o
    0x08002b66   0x08002b66   0x00000002   PAD
    0x08002b68   0x08002b68   0x000000a4   Code   RO         3923    i.TIM_TimeBaseInit  stm32f10x_tim.o
    0x08002c0c   0x08002c0c   0x00000038   Code   RO          536    i.UART5_IRQHandler  hal_uart.o
    0x08002c44   0x08002c44   0x00000044   Code   RO          537    i.USART1_IRQHandler  hal_uart.o
    0x08002c88   0x08002c88   0x00000034   Code   RO          539    i.USART1_PutInDebugString  hal_uart.o
    0x08002cbc   0x08002cbc   0x00000044   Code   RO          540    i.USART2_IRQHandler  hal_uart.o
    0x08002d00   0x08002d00   0x00000044   Code   RO          541    i.USART3_IRQHandler  hal_uart.o
    0x08002d44   0x08002d44   0x0000001e   Code   RO         4385    i.USART_ClearITPendingBit  stm32f10x_usart.o
    0x08002d62   0x08002d62   0x00000018   Code   RO         4388    i.USART_Cmd         stm32f10x_usart.o
    0x08002d7a   0x08002d7a   0x00000012   Code   RO         4389    i.USART_DMACmd      stm32f10x_usart.o
    0x08002d8c   0x08002d8c   0x0000001a   Code   RO         4391    i.USART_GetFlagStatus  stm32f10x_usart.o
    0x08002da6   0x08002da6   0x00000054   Code   RO         4392    i.USART_GetITStatus  stm32f10x_usart.o
    0x08002dfa   0x08002dfa   0x0000004a   Code   RO         4394    i.USART_ITConfig    stm32f10x_usart.o
    0x08002e44   0x08002e44   0x000000d8   Code   RO         4395    i.USART_Init        stm32f10x_usart.o
    0x08002f1c   0x08002f1c   0x0000000a   Code   RO         4402    i.USART_ReceiveData  stm32f10x_usart.o
    0x08002f26   0x08002f26   0x00000008   Code   RO         4405    i.USART_SendData    stm32f10x_usart.o
    0x08002f2e   0x08002f2e   0x00000004   Code   RO          828    i.UsageFault_Handler  stm32f10x_it.o
    0x08002f32   0x08002f32   0x00000002   PAD
    0x08002f34   0x08002f34   0x00000044   Code   RO         1228    i.WIFI_RxMsg_Analysis  mt_wifi.o
    0x08002f78   0x08002f78   0x00000060   Code   RO         1229    i.WIFI_TxMsgInput   mt_wifi.o
    0x08002fd8   0x08002fd8   0x0000002c   Code   RO         1230    i.WIFI_TxMsg_Send   mt_wifi.o
    0x08003004   0x08003004   0x00000084   Code   RO         1231    i.Wifi_Rx_Response_Handle  mt_wifi.o
    0x08003088   0x08003088   0x0000000e   Code   RO         1415    i.app_task          app.o
    0x08003096   0x08003096   0x00000002   PAD
    0x08003098   0x08003098   0x00000024   Code   RO         1416    i.app_task_init     app.o
    0x080030bc   0x080030bc   0x00000012   Code   RO          186    i.delay_1msTest     hal_gpio.o
    0x080030ce   0x080030ce   0x00000002   PAD
    0x080030d0   0x080030d0   0x000000b0   Code   RO          657    i.hal_AdcInit       hal_adc.o
    0x08003180   0x08003180   0x00000024   Code   RO          658    i.hal_Adc_batInit   hal_adc.o
    0x080031a4   0x080031a4   0x00000070   Code   RO          659    i.hal_BatCheckProc  hal_adc.o
    0x08003214   0x08003214   0x00000014   Code   RO         1552    i.hal_CPUInit       cpu.o
    0x08003228   0x08003228   0x00000022   Code   RO         1553    i.hal_CPU_Critical_Control  cpu.o
    0x0800324a   0x0800324a   0x00000002   PAD
    0x0800324c   0x0800324c   0x00000060   Code   RO         1554    i.hal_CoreClockInit  cpu.o
    0x080032ac   0x080032ac   0x00000038   Code   RO          124    i.hal_CreatTimer    hal_timer.o
    0x080032e4   0x080032e4   0x00000020   Code   RO          542    i.hal_DMAC4_Enable  hal_uart.o
    0x08003304   0x08003304   0x00000084   Code   RO          543    i.hal_DMA_Config    hal_uart.o
    0x08003388   0x08003388   0x00000010   Code   RO          187    i.hal_GPIO_4GPowerKey_H  hal_gpio.o
    0x08003398   0x08003398   0x00000010   Code   RO          188    i.hal_GPIO_4GPowerKey_L  hal_gpio.o
    0x080033a8   0x080033a8   0x00000010   Code   RO          189    i.hal_GPIO_GetACState  hal_gpio.o
    0x080033b8   0x080033b8   0x00000010   Code   RO          190    i.hal_GPIO_WIFIPowerEN_H  hal_gpio.o
    0x080033c8   0x080033c8   0x00000010   Code   RO          191    i.hal_GPIO_WIFIPowerEN_L  hal_gpio.o
    0x080033d8   0x080033d8   0x000000e0   Code   RO          417    i.hal_GetTemHumProc  hal_al6630.o
    0x080034b8   0x080034b8   0x0000000c   Code   RO          418    i.hal_GetTemperatureDat  hal_al6630.o
    0x080034c4   0x080034c4   0x0000000c   Code   RO          419    i.hal_GethumidityDat  hal_al6630.o
    0x080034d0   0x080034d0   0x00000084   Code   RO          192    i.hal_GpioConfig_init  hal_gpio.o
    0x08003554   0x08003554   0x0000004c   Code   RO          193    i.hal_Gpio_AcStateCheck  hal_gpio.o
    0x080035a0   0x080035a0   0x00000038   Code   RO          710    i.hal_I2CConfig     hal_eeprom.o
    0x080035d8   0x080035d8   0x00000024   Code   RO          711    i.hal_I2C_SCL       hal_eeprom.o
    0x080035fc   0x080035fc   0x00000024   Code   RO          712    i.hal_I2C_SDA       hal_eeprom.o
    0x08003620   0x08003620   0x00000130   Code   RO          471    i.hal_KeyProc       hal_key.o
    0x08003750   0x08003750   0x00000010   Code   RO          472    i.hal_KeyScanCBSRegister  hal_key.o
    0x08003760   0x08003760   0x00000040   Code   RO            1    i.hal_Led1Turn      hal_led.o
    0x080037a0   0x080037a0   0x00000040   Code   RO            2    i.hal_LedConfig     hal_led.o
    0x080037e0   0x080037e0   0x00000010   Code   RO            3    i.hal_LedHandle     hal_led.o
    0x080037f0   0x080037f0   0x0000001c   Code   RO            4    i.hal_LedInit       hal_led.o
    0x0800380c   0x0800380c   0x000000a8   Code   RO          473    i.hal_LoadKeyState  hal_key.o
    0x080038b4   0x080038b4   0x00000014   Code   RO          277    i.hal_Oled_Display_on  hal_tftlcd.o
    0x080038c8   0x080038c8   0x00000034   Code   RO          128    i.hal_ResetTimer    hal_timer.o
    0x080038fc   0x080038fc   0x00000014   Code   RO         1006    i.hal_Tftlcd_Clear  mt_tftlcd.o
    0x08003910   0x08003910   0x00000058   Code   RO          420    i.hal_Tim3_SentDatPin  hal_al6630.o
    0x08003968   0x08003968   0x00000018   Code   RO          421    i.hal_Tim_CapInit   hal_al6630.o
    0x08003980   0x08003980   0x0000003c   Code   RO          545    i.hal_UsartInit     hal_uart.o
    0x080039bc   0x080039bc   0x00000024   Code   RO          546    i.hal_UsartProc     hal_uart.o
    0x080039e0   0x080039e0   0x000000b0   Code   RO         1232    i.hal_WifiRx_Pro    mt_wifi.o
    0x08003a90   0x08003a90   0x000001d4   Code   RO         1233    i.hal_WifiTx_Pro    mt_wifi.o
    0x08003c64   0x08003c64   0x0000008c   Code   RO          340    i.hal_Wtn6Config    hal_wtn6.o
    0x08003cf0   0x08003cf0   0x00000034   Code   RO          660    i.hal_adc_GetAdcDat  hal_adc.o
    0x08003d24   0x08003d24   0x000000d8   Code   RO          661    i.hal_adc_batVoltCheck  hal_adc.o
    0x08003dfc   0x08003dfc   0x0000000c   Code   RO          662    i.hal_adc_returnVoltLevel  hal_adc.o
    0x08003e08   0x08003e08   0x00000008   Code   RO          715    i.hal_eepromInit    hal_eeprom.o
    0x08003e10   0x08003e10   0x00000010   Code   RO          474    i.hal_getDB0Sta     hal_key.o
    0x08003e20   0x08003e20   0x00000010   Code   RO          475    i.hal_getDB1Sta     hal_key.o
    0x08003e30   0x08003e30   0x00000014   Code   RO          476    i.hal_getDB2Sta     hal_key.o
    0x08003e44   0x08003e44   0x00000014   Code   RO          477    i.hal_getDB3Sta     hal_key.o
    0x08003e58   0x08003e58   0x00000014   Code   RO          478    i.hal_getDB4Sta     hal_key.o
    0x08003e6c   0x08003e6c   0x00000010   Code   RO         1555    i.hal_getprimask    cpu.o
    0x08003e7c   0x08003e7c   0x00000040   Code   RO          479    i.hal_keyConfig     hal_key.o
    0x08003ebc   0x08003ebc   0x0000004c   Code   RO          480    i.hal_keyInit       hal_key.o
    0x08003f08   0x08003f08   0x00000014   Code   RO          278    i.hal_oled_RestH    hal_tftlcd.o
    0x08003f1c   0x08003f1c   0x00000014   Code   RO          279    i.hal_oled_RestL    hal_tftlcd.o
    0x08003f30   0x08003f30   0x00000024   Code   RO          244    i.hal_spi2CSDrive   hal_flash.o
    0x08003f54   0x08003f54   0x000000b8   Code   RO          245    i.hal_spi2Init      hal_flash.o
    0x0800400c   0x0800400c   0x00000014   Code   RO          374    i.hal_task          hal_task.o
    0x08004020   0x08004020   0x0000002c   Code   RO          375    i.hal_task_init     hal_task.o
    0x0800404c   0x0800404c   0x00000150   Code   RO          280    i.hal_tftlcdConfig  hal_tftlcd.o
    0x0800419c   0x0800419c   0x0000000c   Code   RO         1007    i.hal_tftlcd_Delay  mt_tftlcd.o
    0x080041a8   0x080041a8   0x000000b4   Code   RO          422    i.hal_timer3CapConfig  hal_al6630.o
    0x0800425c   0x0800425c   0x00000080   Code   RO          129    i.hal_timer4Config  hal_timer.o
    0x080042dc   0x080042dc   0x00000044   Code   RO          130    i.hal_timerInit     hal_timer.o
    0x08004320   0x08004320   0x00000018   Code   RO          423    i.hal_timer_capInit  hal_al6630.o
    0x08004338   0x08004338   0x00000058   Code   RO          547    i.hal_uart1_DMA_DatSent  hal_uart.o
    0x08004390   0x08004390   0x00000250   Code   RO          548    i.hal_usart_Config  hal_uart.o
    0x080045e0   0x080045e0   0x00000010   Code   RO          550    i.hal_usart_Uart3DateRxCBSRegister  hal_uart.o
    0x080045f0   0x080045f0   0x00000010   Code   RO          551    i.hal_usart_Uart5DateRxCBSRegister  hal_uart.o
    0x08004600   0x08004600   0x00000030   Code   RO          552    i.hal_usart_Uart5DateTx  hal_uart.o
    0x08004630   0x08004630   0x00000038   Code   RO          343    i.hal_wtn6          hal_wtn6.o
    0x08004668   0x08004668   0x00000054   Code   RO          796    i.main              main.o
    0x080046bc   0x080046bc   0x00000014   Code   RO         1315    i.mt_4g_Init        mt_4g.o
    0x080046d0   0x080046d0   0x00000008   Code   RO         1316    i.mt_4g_pro         mt_4g.o
    0x080046d8   0x080046d8   0x0000005c   Code   RO         1199    i.mt_api_crc16      mt_api.o
    0x08004734   0x08004734   0x00000008   Code   RO          932    i.mt_flashInit      mt_flash.o
    0x0800473c   0x0800473c   0x00000010   Code   RO         1120    i.mt_loraRxApplyNet_callback_Register  mt_lora.o
    0x0800474c   0x0800474c   0x0000011c   Code   RO         1121    i.mt_loraRx_Pro     mt_lora.o
    0x08004868   0x08004868   0x00000048   Code   RO         1122    i.mt_loraTx_Pro     mt_lora.o
    0x080048b0   0x080048b0   0x0000000c   Code   RO         1123    i.mt_lora_Pro       mt_lora.o
    0x080048bc   0x080048bc   0x00000120   Code   RO         1124    i.mt_lora_RxDataComm  mt_lora.o
    0x080049dc   0x080049dc   0x00000024   Code   RO         1125    i.mt_lora_RxMsgInput  mt_lora.o
    0x08004a00   0x08004a00   0x000001b0   Code   RO         1126    i.mt_lora_TxDataDail  mt_lora.o
    0x08004bb0   0x08004bb0   0x00000034   Code   RO         1127    i.mt_lora_TxMsgInput  mt_lora.o
    0x08004be4   0x08004be4   0x0000001c   Code   RO         1128    i.mt_lora_getSumCrc  mt_lora.o
    0x08004c00   0x08004c00   0x0000003c   Code   RO         1129    i.mt_lora_init      mt_lora.o
    0x08004c3c   0x08004c3c   0x00000010   Code   RO         1130    i.mt_lora_loracomm_callback_Register  mt_lora.o
    0x08004c4c   0x08004c4c   0x000000c4   Code   RO         1346    i.mt_md5_EncipherPassWord  mt_md5.o
    0x08004d10   0x08004d10   0x00000088   Code   RO         1395    i.mt_mqtt_init      mt_mqtt.o
    0x08004d98   0x08004d98   0x00000010   Code   RO         1086    i.mt_task           mt_task.o
    0x08004da8   0x08004da8   0x0000001c   Code   RO         1087    i.mt_task_init      mt_task.o
    0x08004dc4   0x08004dc4   0x0000024c   Code   RO         1008    i.mt_tftlcd_init    mt_tftlcd.o
    0x08005010   0x08005010   0x00000044   Code   RO         1234    i.mt_wifi_CwstateResposePro  mt_wifi.o
    0x08005054   0x08005054   0x000000a0   Code   RO         1235    i.mt_wifi_DataPack  mt_wifi.o
    0x080050f4   0x080050f4   0x00000070   Code   RO         1236    i.mt_wifi_PowerManage  mt_wifi.o
    0x08005164   0x08005164   0x00000020   Code   RO         1237    i.mt_wifi_RxMsgInput  mt_wifi.o
    0x08005184   0x08005184   0x0000001c   Code   RO         1238    i.mt_wifi_changState  mt_wifi.o
    0x080051a0   0x080051a0   0x00000080   Code   RO         1239    i.mt_wifi_init      mt_wifi.o
    0x08005220   0x08005220   0x00000014   Code   RO         1240    i.mt_wifi_pro       mt_wifi.o
    0x08005234   0x08005234   0x000000b4   Code   RO         1009    i.showSystemTime    mt_tftlcd.o
    0x080052e8   0x080052e8   0x0000001c   Code   RO         1417    i.stgMenu_LoraDetectorApplyNetPro  app.o
    0x08005304   0x08005304   0x00000008   Code   RO         1418    i.str_lora_loracommPro  app.o
    0x0800530c   0x0800530c   0x00000198   Code   RO         1419    i.temHum_icon_Display  app.o
    0x080054a4   0x080054a4   0x00007364   Data   RO         1074    .constdata          lcdfont.o
    0x0800c808   0x0800c808   0x00000020   Data   RO         1200    .constdata          mt_api.o
    0x0800c828   0x0800c828   0x00000518   Data   RO         1242    .constdata          mt_wifi.o
    0x0800cd40   0x0800cd40   0x00000020   Data   RO         4801    Region$$Table       anon$$obj.o


    Execution Region RW_IRAM1 (Exec base: 0x20000000, Load base: 0x0800cd60, Size: 0x000021d8, Max: 0x00010000, ABSOLUTE)

    Exec Addr    Load Addr    Size         Type   Attr      Idx    E Section Name        Object

    0x20000000   0x0800cd60   0x00000002   Data   RW          194    .data               hal_gpio.o
    0x20000002   0x0800cd62   0x0000002f   Data   RW          344    .data               hal_wtn6.o
    0x20000031   0x0800cd91   0x00000003   PAD
    0x20000034   0x0800cd94   0x00000004   Data   RW          425    .data               hal_al6630.o
    0x20000038   0x0800cd98   0x00000018   Data   RW          482    .data               hal_key.o
    0x20000050   0x0800cdb0   0x00000012   Data   RW          554    .data               hal_uart.o
    0x20000062   0x0800cdc2   0x00000004   Data   RW          664    .data               hal_adc.o
    0x20000066   0x0800cdc6   0x00000002   PAD
    0x20000068   0x0800cdc8   0x00000014   Data   RW          901    .data               system_stm32f10x.o
    0x2000007c   0x0800cddc   0x0000000a   Data   RW         1132    .data               mt_lora.o
    0x20000086   0x0800cde6   0x00000002   PAD
    0x20000088   0x0800cde8   0x00000012   Data   RW         1243    .data               mt_wifi.o
    0x2000009a   0x0800cdfa   0x00000002   PAD
    0x2000009c   0x0800cdfc   0x00000004   Data   RW         1317    .data               mt_4g.o
    0x200000a0   0x0800ce00   0x00000040   Data   RW         1348    .data               mt_md5.o
    0x200000e0   0x0800ce40   0x00000006   Data   RW         1420    .data               app.o
    0x200000e6   0x0800ce46   0x00000002   PAD
    0x200000e8   0x0800ce48   0x00000004   Data   RW         1487    .data               os_system.o
    0x200000ec   0x0800ce4c   0x00000014   Data   RW         3203    .data               stm32f10x_rcc.o
    0x20000100        -       0x00000018   Zero   RW          131    .bss                hal_timer.o
    0x20000118        -       0x00000014   Zero   RW          424    .bss                hal_al6630.o
    0x2000012c        -       0x00000070   Zero   RW          481    .bss                hal_key.o
    0x2000019c        -       0x0000040c   Zero   RW          553    .bss                hal_uart.o
    0x200005a8        -       0x00000018   Zero   RW          663    .bss                hal_adc.o
    0x200005c0        -       0x00000280   Zero   RW         1010    .bss                mt_tftlcd.o
    0x20000840        -       0x0000027c   Zero   RW         1131    .bss                mt_lora.o
    0x20000abc        -       0x00000f5f   Zero   RW         1241    .bss                mt_wifi.o
    0x20001a1b   0x0800ce60   0x00000001   PAD
    0x20001a1c        -       0x00000058   Zero   RW         1347    .bss                mt_md5.o
    0x20001a74        -       0x000000d1   Zero   RW         1396    .bss                mt_mqtt.o
    0x20001b45        -       0x0000000c   Zero   RW         1458    .bss                para.o
    0x20001b51   0x0800ce60   0x00000003   PAD
    0x20001b54        -       0x00000024   Zero   RW         1486    .bss                os_system.o
    0x20001b78        -       0x00000060   Zero   RW         4673    .bss                c_w.l(libspace.o)
    0x20001bd8        -       0x00000200   Zero   RW         1590    HEAP                startup_stm32f10x_cl.o
    0x20001dd8        -       0x00000400   Zero   RW         1589    STACK               startup_stm32f10x_cl.o


==============================================================================

Image component sizes


      Code (inc. data)   RO Data    RW Data    ZI Data      Debug   Object Name

      1710        198          0          6          0       3855   app.o
       174         20          0          0          0      17602   cpu.o
       604         52          0          4         24       3389   hal_adc.o
       768         60          0          4         20       4338   hal_al6630.o
       136         16          0          0          0       1757   hal_eeprom.o
       220         14          0          0          0       1085   hal_flash.o
       306         44          0          2          0       4172   hal_gpio.o
       720        110          0         24        112       5966   hal_key.o
       172         14          0          0          0     302442   hal_led.o
        64          0          0          0          0       3787   hal_task.o
       570         56          0          0          0       4498   hal_tftlcd.o
       444         38          0          0         24       3680   hal_timer.o
      1420        152          0         18       1036      11984   hal_uart.o
       196         26          0         47          0       2698   hal_wtn6.o
         0          0      29540          0          0        770   lcdfont.o
        84         14          0          0          0        455   main.o
       132         22          0          0          0       1599   misc.o
        80         10          0          4          0       1406   mt_4g.o
       310          6         32          0          0       3260   mt_api.o
         8          0          0          0          0        411   mt_flash.o
      1296         84          0         10        636       9075   mt_lora.o
      2572        272          0         64         88       6557   mt_md5.o
       136          8          0          0        209       1755   mt_mqtt.o
        44          0          0          0          0       3897   mt_task.o
      1612         46          0          0        640       7512   mt_tftlcd.o
      1532        150       1304         18       3935       8853   mt_wifi.o
       588         32          0          4         36       5807   os_system.o
        36         10          0          0         12        871   para.o
        64         26        336          0       1536        812   startup_stm32f10x_cl.o
       394         10          0          0          0       8225   stm32f10x_adc.o
       506         26          0          0          0       5263   stm32f10x_dma.o
       476          6          0          0          0       5839   stm32f10x_gpio.o
        24          0          0          0          0     233732   stm32f10x_it.o
       584         62          0         20          0       7623   stm32f10x_rcc.o
       102          0          0          0          0       2802   stm32f10x_spi.o
      1586        214          0          0          0      12239   stm32f10x_tim.o
       490          6          0          0          0       7570   stm32f10x_usart.o
       396         32          0         20          0       2121   system_stm32f10x.o

    ----------------------------------------------------------------------
     20586       1836      31244        256       8312     709707   Object Totals
         0          0         32          0          0          0   (incl. Generated)
        30          0          0         11          4          0   (incl. Padding)

    ----------------------------------------------------------------------

      Code (inc. data)   RO Data    RW Data    ZI Data      Debug   Library Member Name

         8          0          0          0          0         68   __main.o
         0          0          0          0          0          0   __rtentry.o
        12          0          0          0          0          0   __rtentry2.o
         6          0          0          0          0          0   __rtentry4.o
        52          8          0          0          0          0   __scatter.o
        26          0          0          0          0          0   __scatter_copy.o
        28          0          0          0          0          0   __scatter_zi.o
        18          0          0          0          0         80   exit.o
         6          0          0          0          0        152   heapauxi.o
         0          0          0          0          0          0   indicate_semi.o
         2          0          0          0          0          0   libinit.o
         2          0          0          0          0          0   libinit2.o
         2          0          0          0          0          0   libshutdown.o
         2          0          0          0          0          0   libshutdown2.o
         8          4          0          0         96         68   libspace.o
        68          0          0          0          0         68   rt_memclr.o
        78          0          0          0          0         80   rt_memclr_w.o
       138          0          0          0          0         68   rt_memcpy_v6.o
       100          0          0          0          0         80   rt_memcpy_w.o
         2          0          0          0          0          0   rtexit.o
        10          0          0          0          0          0   rtexit2.o
        24          0          0          0          0         68   strcat.o
        62          0          0          0          0         76   strlen.o
        12          4          0          0          0         68   sys_exit.o
        74          0          0          0          0         80   sys_stackheap_outer.o
         2          0          0          0          0         68   use_no_semi.o

    ----------------------------------------------------------------------
       746         16          0          0         96       1024   Library Totals
         4          0          0          0          0          0   (incl. Padding)

    ----------------------------------------------------------------------

      Code (inc. data)   RO Data    RW Data    ZI Data      Debug   Library Name

       742         16          0          0         96       1024   c_w.l

    ----------------------------------------------------------------------
       746         16          0          0         96       1024   Library Totals

    ----------------------------------------------------------------------

==============================================================================


      Code (inc. data)   RO Data    RW Data    ZI Data      Debug   

     21332       1852      31244        256       8408     698819   Grand Totals
     21332       1852      31244        256       8408     698819   ELF Image Totals
     21332       1852      31244        256          0          0   ROM Totals

==============================================================================

    Total RO  Size (Code + RO Data)                52576 (  51.34kB)
    Total RW  Size (RW Data + ZI Data)              8664 (   8.46kB)
    Total ROM Size (Code + RO Data + RW Data)      52832 (  51.59kB)

==============================================================================

