Component: ARM Compiler 5.06 update 7 (build 960) Tool: armlink [4d3601]

==============================================================================

Section Cross References

    hal_led.o(i.hal_Led1Turn) refers to stm32f10x_gpio.o(i.GPIO_ReadOutputDataBit) for GPIO_ReadOutputDataBit
    hal_led.o(i.hal_Led1Turn) refers to stm32f10x_gpio.o(i.GPIO_WriteBit) for GPIO_WriteBit
    hal_led.o(i.hal_LedConfig) refers to stm32f10x_rcc.o(i.RCC_APB2PeriphClockCmd) for RCC_APB2PeriphClockCmd
    hal_led.o(i.hal_LedConfig) refers to stm32f10x_gpio.o(i.GPIO_Init) for GPIO_Init
    hal_led.o(i.hal_LedConfig) refers to stm32f10x_gpio.o(i.GPIO_ResetBits) for GPIO_ResetBits
    hal_led.o(i.hal_LedConfig) refers to stm32f10x_gpio.o(i.GPIO_SetBits) for GPIO_SetBits
    hal_led.o(i.hal_LedHandle) refers to hal_led.o(i.hal_Led1Turn) for hal_Led1Turn
    hal_led.o(i.hal_LedHandle) refers to hal_timer.o(i.hal_ResetTimer) for hal_ResetTimer
    hal_led.o(i.hal_LedInit) refers to hal_led.o(i.hal_LedConfig) for hal_LedConfig
    hal_led.o(i.hal_LedInit) refers to hal_timer.o(i.hal_CreatTimer) for hal_CreatTimer
    hal_led.o(i.hal_LedInit) refers to hal_led.o(i.hal_LedHandle) for hal_LedHandle
    hal_timer.o(i.Hal_TimerHandle) refers to hal_timer.o(.bss) for Stu_Timer
    hal_timer.o(i.TIM4_IRQHandler) refers to hal_timer.o(i.Hal_TimerHandle) for Hal_TimerHandle
    hal_timer.o(i.TIM4_IRQHandler) refers to stm32f10x_tim.o(i.TIM_ClearFlag) for TIM_ClearFlag
    hal_timer.o(i.TIM4_IRQHandler) refers to para.o(i.SystemTime_local) for SystemTime_local
    hal_timer.o(i.hal_CreatTimer) refers to hal_timer.o(.bss) for Stu_Timer
    hal_timer.o(i.hal_CtrlTimerAction) refers to hal_timer.o(.bss) for Stu_Timer
    hal_timer.o(i.hal_DeleteTimer) refers to hal_timer.o(.bss) for Stu_Timer
    hal_timer.o(i.hal_GetTimerState) refers to hal_timer.o(.bss) for Stu_Timer
    hal_timer.o(i.hal_ResetTimer) refers to hal_timer.o(.bss) for Stu_Timer
    hal_timer.o(i.hal_timer4Config) refers to stm32f10x_rcc.o(i.RCC_APB1PeriphClockCmd) for RCC_APB1PeriphClockCmd
    hal_timer.o(i.hal_timer4Config) refers to stm32f10x_tim.o(i.TIM_DeInit) for TIM_DeInit
    hal_timer.o(i.hal_timer4Config) refers to stm32f10x_tim.o(i.TIM_TimeBaseInit) for TIM_TimeBaseInit
    hal_timer.o(i.hal_timer4Config) refers to stm32f10x_tim.o(i.TIM_ITConfig) for TIM_ITConfig
    hal_timer.o(i.hal_timer4Config) refers to stm32f10x_tim.o(i.TIM_Cmd) for TIM_Cmd
    hal_timer.o(i.hal_timer4Config) refers to misc.o(i.NVIC_PriorityGroupConfig) for NVIC_PriorityGroupConfig
    hal_timer.o(i.hal_timer4Config) refers to misc.o(i.NVIC_Init) for NVIC_Init
    hal_timer.o(i.hal_timer4Config) refers to system_stm32f10x.o(.data) for SystemCoreClock
    hal_timer.o(i.hal_timerInit) refers to hal_timer.o(i.hal_timer4Config) for hal_timer4Config
    hal_timer.o(i.hal_timerInit) refers to hal_timer.o(.bss) for Stu_Timer
    hal_gpio.o(i.hal_GPIO_4GPowerKey_H) refers to stm32f10x_gpio.o(i.GPIO_SetBits) for GPIO_SetBits
    hal_gpio.o(i.hal_GPIO_4GPowerKey_L) refers to stm32f10x_gpio.o(i.GPIO_ResetBits) for GPIO_ResetBits
    hal_gpio.o(i.hal_GPIO_GetACState) refers to stm32f10x_gpio.o(i.GPIO_ReadInputDataBit) for GPIO_ReadInputDataBit
    hal_gpio.o(i.hal_GPIO_WIFIPowerEN_H) refers to stm32f10x_gpio.o(i.GPIO_ResetBits) for GPIO_ResetBits
    hal_gpio.o(i.hal_GPIO_WIFIPowerEN_L) refers to stm32f10x_gpio.o(i.GPIO_SetBits) for GPIO_SetBits
    hal_gpio.o(i.hal_GpioConfig_init) refers to stm32f10x_rcc.o(i.RCC_APB2PeriphClockCmd) for RCC_APB2PeriphClockCmd
    hal_gpio.o(i.hal_GpioConfig_init) refers to stm32f10x_gpio.o(i.GPIO_Init) for GPIO_Init
    hal_gpio.o(i.hal_GpioConfig_init) refers to hal_gpio.o(i.hal_GPIO_GetACState) for hal_GPIO_GetACState
    hal_gpio.o(i.hal_GpioConfig_init) refers to hal_gpio.o(i.hal_GPIO_WIFIPowerEN_L) for hal_GPIO_WIFIPowerEN_L
    hal_gpio.o(i.hal_GpioConfig_init) refers to hal_gpio.o(i.hal_GPIO_4GPowerKey_L) for hal_GPIO_4GPowerKey_L
    hal_gpio.o(i.hal_GpioConfig_init) refers to hal_gpio.o(.data) for AcState
    hal_gpio.o(i.hal_Gpio_AcStateCheck) refers to hal_gpio.o(i.hal_GPIO_GetACState) for hal_GPIO_GetACState
    hal_gpio.o(i.hal_Gpio_AcStateCheck) refers to hal_gpio.o(i.delay_1msTest) for delay_1msTest
    hal_gpio.o(i.hal_Gpio_AcStateCheck) refers to hal_gpio.o(.data) for AcState
    hal_flash.o(i.hal_spi2CSDrive) refers to stm32f10x_gpio.o(i.GPIO_SetBits) for GPIO_SetBits
    hal_flash.o(i.hal_spi2CSDrive) refers to stm32f10x_gpio.o(i.GPIO_ResetBits) for GPIO_ResetBits
    hal_flash.o(i.hal_spi2Init) refers to stm32f10x_rcc.o(i.RCC_APB1PeriphClockCmd) for RCC_APB1PeriphClockCmd
    hal_flash.o(i.hal_spi2Init) refers to stm32f10x_rcc.o(i.RCC_APB2PeriphClockCmd) for RCC_APB2PeriphClockCmd
    hal_flash.o(i.hal_spi2Init) refers to stm32f10x_gpio.o(i.GPIO_Init) for GPIO_Init
    hal_flash.o(i.hal_spi2Init) refers to stm32f10x_gpio.o(i.GPIO_SetBits) for GPIO_SetBits
    hal_flash.o(i.hal_spi2Init) refers to stm32f10x_spi.o(i.SPI_Init) for SPI_Init
[...]
    .bss                                     0x200005e4   Section       24  hal_adc.o(.bss)
    .bss                                     0x200005fc   Section      640  mt_tftlcd.o(.bss)
    .bss                                     0x2000087c   Section      636  mt_lora.o(.bss)
    LoraRxMsg                                0x2000087c   Data         268  mt_lora.o(.bss)
    LoraTxMsg                                0x20000988   Data         268  mt_lora.o(.bss)
    loraRxBuf                                0x20000a94   Data         100  mt_lora.o(.bss)
    .bss                                     0x20000af8   Section     5535  mt_wifi.o(.bss)
    hexDataBuff                              0x20001a57   Data         800  mt_wifi.o(.bss)
    DataBuff                                 0x20001d77   Data         800  mt_wifi.o(.bss)
    .bss                                     0x20002098   Section     9870  mt_4g.o(.bss)
    hexDataBuff                              0x200040e6   Data         800  mt_4g.o(.bss)
    DataBuff                                 0x20004406   Data         800  mt_4g.o(.bss)
    .bss                                     0x20004726   Section      179  mt_mqtt.o(.bss)
    .bss                                     0x200047d9   Section       26  mt_protocol.o(.bss)
    .bss                                     0x200047f3   Section       12  para.o(.bss)
    .bss                                     0x20004800   Section       36  os_system.o(.bss)
    .bss                                     0x20004824   Section       88  mt_md5.o(.bss)
    .bss                                     0x2000487c   Section       96  libspace.o(.bss)
    HEAP                                     0x200048e0   Section      512  startup_stm32f10x_cl.o(HEAP)
    Heap_Mem                                 0x200048e0   Data         512  startup_stm32f10x_cl.o(HEAP)
    STACK                                    0x20004ae0   Section     1024  startup_stm32f10x_cl.o(STACK)
    Stack_Mem                                0x20004ae0   Data        1024  startup_stm32f10x_cl.o(STACK)
    __initial_sp                             0x20004ee0   Data           0  startup_stm32f10x_cl.o(STACK)

    Global Symbols

    Symbol Name                              Value     Ov Type        Size  Object(Section)

    BuildAttributes$$THM_ISAv4$P$D$K$B$S$PE$A:L22UL41UL21$X:L11$S22US41US21$IEEE1$IW$USESV6$~STKCKD$USESV7$~SHL$OSPACE$ROPI$EBA8$UX$STANDARDLIB$REQ8$PRES8$EABIv2 0x00000000   Number         0  anon$$obj.o ABSOLUTE
    __ARM_use_no_argv                        0x00000000   Number         0  main.o ABSOLUTE
    __ARM_exceptions_init                     - Undefined Weak Reference
    __alloca_initialize                       - Undefined Weak Reference
    __arm_fini_                               - Undefined Weak Reference
    __arm_preinit_                            - Undefined Weak Reference
    __cpp_initialize__aeabi_                  - Undefined Weak Reference
    __cxa_finalize                            - Undefined Weak Reference
    __rt_locale                               - Undefined Weak Reference
    __sigvec_lookup                           - Undefined Weak Reference
    _atexit_init                              - Undefined Weak Reference
    _call_atexit_fns                          - Undefined Weak Reference
    _clock_init                               - Undefined Weak Reference
    _fp_trap_init                             - Undefined Weak Reference
    _fp_trap_shutdown                         - Undefined Weak Reference
    _get_lc_collate                           - Undefined Weak Reference
    _get_lc_ctype                             - Undefined Weak Reference
    _get_lc_monetary                          - Undefined Weak Reference
    _get_lc_numeric                           - Undefined Weak Reference
    _get_lc_time                              - Undefined Weak Reference
    _getenv_init                              - Undefined Weak Reference
    _handle_redirection                       - Undefined Weak Reference
    _init_alloc                               - Undefined Weak Reference
    _init_user_alloc                          - Undefined Weak Reference
    _initio                                   - Undefined Weak Reference
    _rand_init                                - Undefined Weak Reference
    _signal_finish                            - Undefined Weak Reference
    _signal_init                              - Undefined Weak Reference
    _terminate_alloc                          - Undefined Weak Reference
    _terminate_user_alloc                     - Undefined Weak Reference
    _terminateio                              - Undefined Weak Reference
    __Vectors_Size                           0x00000150   Number         0  startup_stm32f10x_cl.o ABSOLUTE
    __Vectors                                0x08000000   Data           4  startup_stm32f10x_cl.o(RESET)
    __Vectors_End                            0x08000150   Data           0  startup_stm32f10x_cl.o(RESET)
    __main                                   0x08000151   Thumb Code     8  __main.o(!!!main)
    __scatterload                            0x08000159   Thumb Code     0  __scatter.o(!!!scatter)
    __scatterload_rt2                        0x08000159   Thumb Code    44  __scatter.o(!!!scatter)
    __scatterload_rt2_thumb_only             0x08000159   Thumb Code     0  __scatter.o(!!!scatter)
    __scatterload_null                       0x08000167   Thumb Code     0  __scatter.o(!!!scatter)
    __decompress                             0x0800018d   Thumb Code    90  __dczerorl2.o(!!dczerorl2)
    __decompress1                            0x0800018d   Thumb Code     0  __dczerorl2.o(!!dczerorl2)
    __scatterload_zeroinit                   0x080001e9   Thumb Code    28  __scatter_zi.o(!!handler_zi)
    __rt_lib_init                            0x08000205   Thumb Code     0  libinit.o(.ARM.Collect$$libinit$$00000000)
    __rt_lib_init_alloca_1                   0x08000207   Thumb Code     0  libinit2.o(.ARM.Collect$$libinit$$0000002E)
    __rt_lib_init_argv_1                     0x08000207   Thumb Code     0  libinit2.o(.ARM.Collect$$libinit$$0000002C)
    __rt_lib_init_atexit_1                   0x08000207   Thumb Code     0  libinit2.o(.ARM.Collect$$libinit$$0000001B)
    __rt_lib_init_clock_1                    0x08000207   Thumb Code     0  libinit2.o(.ARM.Collect$$libinit$$00000021)
    __rt_lib_init_cpp_1                      0x08000207   Thumb Code     0  libinit2.o(.ARM.Collect$$libinit$$00000032)
    __rt_lib_init_exceptions_1               0x08000207   Thumb Code     0  libinit2.o(.ARM.Collect$$libinit$$00000030)
    __rt_lib_init_fp_1                       0x08000207   Thumb Code     0  libinit2.o(.ARM.Collect$$libinit$$00000002)
    __rt_lib_init_fp_trap_1                  0x08000207   Thumb Code     0  libinit2.o(.ARM.Collect$$libinit$$0000001F)
    __rt_lib_init_getenv_1                   0x08000207   Thumb Code     0  libinit2.o(.ARM.Collect$$libinit$$00000023)
    __rt_lib_init_heap_1                     0x08000207   Thumb Code     0  libinit2.o(.ARM.Collect$$libinit$$0000000A)
    __rt_lib_init_lc_collate_1               0x08000207   Thumb Code     0  libinit2.o(.ARM.Collect$$libinit$$00000011)
    __rt_lib_init_lc_ctype_1                 0x08000207   Thumb Code     0  libinit2.o(.ARM.Collect$$libinit$$00000013)
    __rt_lib_init_lc_monetary_1              0x08000207   Thumb Code     0  libinit2.o(.ARM.Collect$$libinit$$00000015)
    __rt_lib_init_lc_numeric_1               0x08000207   Thumb Code     0  libinit2.o(.ARM.Collect$$libinit$$00000017)
    __rt_lib_init_lc_time_1                  0x08000207   Thumb Code     0  libinit2.o(.ARM.Collect$$libinit$$00000019)
    __rt_lib_init_preinit_1                  0x08000207   Thumb Code     0  libinit2.o(.ARM.Collect$$libinit$$00000004)
    __rt_lib_init_rand_1                     0x08000207   Thumb Code     0  libinit2.o(.ARM.Collect$$libinit$$0000000E)
    __rt_lib_init_return                     0x08000207   Thumb Code     0  libinit2.o(.ARM.Collect$$libinit$$00000033)
    __rt_lib_init_signal_1                   0x08000207   Thumb Code     0  libinit2.o(.ARM.Collect$$libinit$$0000001D)
    __rt_lib_init_stdio_1                    0x08000207   Thumb Code     0  libinit2.o(.ARM.Collect$$libinit$$00000025)
    __rt_lib_init_user_alloc_1               0x08000207   Thumb Code     0  libinit2.o(.ARM.Collect$$libinit$$0000000C)
    __rt_lib_shutdown                        0x08000209   Thumb Code     0  libshutdown.o(.ARM.Collect$$libshutdown$$00000000)
    __rt_lib_shutdown_cpp_1                  0x0800020b   Thumb Code     0  libshutdown2.o(.ARM.Collect$$libshutdown$$00000004)
    __rt_lib_shutdown_fini_1                 0x0800020b   Thumb Code     0  libshutdown2.o(.ARM.Collect$$libshutdown$$00000002)
    __rt_lib_shutdown_fp_trap_1              0x0800020b   Thumb Code     0  libshutdown2.o(.ARM.Collect$$libshutdown$$00000009)
    __rt_lib_shutdown_heap_1                 0x0800020b   Thumb Code     0  libshutdown2.o(.ARM.Collect$$libshutdown$$00000011)
    __rt_lib_shutdown_return                 0x0800020b   Thumb Code     0  libshutdown2.o(.ARM.Collect$$libshutdown$$00000012)
    __rt_lib_shutdown_signal_1               0x0800020b   Thumb Code     0  libshutdown2.o(.ARM.Collect$$libshutdown$$0000000C)
    __rt_lib_shutdown_stdio_1                0x0800020b   Thumb Code     0  libshutdown2.o(.ARM.Collect$$libshutdown$$00000006)
    __rt_lib_shutdown_user_alloc_1           0x0800020b   Thumb Code     0  libshutdown2.o(.ARM.Collect$$libshutdown$$0000000E)
    __rt_entry                               0x0800020d   Thumb Code     0  __rtentry.o(.ARM.Collect$$rtentry$$00000000)
    __rt_entry_presh_1                       0x0800020d   Thumb Code     0  __rtentry2.o(.ARM.Collect$$rtentry$$00000002)
    __rt_entry_sh                            0x0800020d   Thumb Code     0  __rtentry4.o(.ARM.Collect$$rtentry$$00000004)
    __rt_entry_li                            0x08000213   Thumb Code     0  __rtentry2.o(.ARM.Collect$$rtentry$$0000000A)
    __rt_entry_postsh_1                      0x08000213   Thumb Code     0  __rtentry2.o(.ARM.Collect$$rtentry$$00000009)
    __rt_entry_main                          0x08000217   Thumb Code     0  __rtentry2.o(.ARM.Collect$$rtentry$$0000000D)
    __rt_entry_postli_1                      0x08000217   Thumb Code     0  __rtentry2.o(.ARM.Collect$$rtentry$$0000000C)
    __rt_exit                                0x0800021f   Thumb Code     0  rtexit.o(.ARM.Collect$$rtexit$$00000000)
    __rt_exit_ls                             0x08000221   Thumb Code     0  rtexit2.o(.ARM.Collect$$rtexit$$00000003)
    __rt_exit_prels_1                        0x08000221   Thumb Code     0  rtexit2.o(.ARM.Collect$$rtexit$$00000002)
    __rt_exit_exit                           0x08000225   Thumb Code     0  rtexit2.o(.ARM.Collect$$rtexit$$00000004)
    Reset_Handler                            0x0800022d   Thumb Code     8  startup_stm32f10x_cl.o(.text)
    ADC1_2_IRQHandler                        0x08000247   Thumb Code     0  startup_stm32f10x_cl.o(.text)
    CAN1_RX0_IRQHandler                      0x08000247   Thumb Code     0  startup_stm32f10x_cl.o(.text)
    CAN1_RX1_IRQHandler                      0x08000247   Thumb Code     0  startup_stm32f10x_cl.o(.text)
    CAN1_SCE_IRQHandler                      0x08000247   Thumb Code     0  startup_stm32f10x_cl.o(.text)
    CAN1_TX_IRQHandler                       0x08000247   Thumb Code     0  startup_stm32f10x_cl.o(.text)
    CAN2_RX0_IRQHandler                      0x08000247   Thumb Code     0  startup_stm32f10x_cl.o(.text)
    CAN2_RX1_IRQHandler                      0x08000247   Thumb Code     0  startup_stm32f10x_cl.o(.text)
    CAN2_SCE_IRQHandler                      0x08000247   Thumb Code     0  startup_stm32f10x_cl.o(.text)
    CAN2_TX_IRQHandler                       0x08000247   Thumb Code     0  startup_stm32f10x_cl.o(.text)
    DMA1_Channel1_IRQHandler                 0x08000247   Thumb Code     0  startup_stm32f10x_cl.o(.text)
    DMA1_Channel2_IRQHandler                 0x08000247   Thumb Code     0  startup_stm32f10x_cl.o(.text)
    DMA1_Channel3_IRQHandler                 0x08000247   Thumb Code     0  startup_stm32f10x_cl.o(.text)
    DMA1_Channel5_IRQHandler                 0x08000247   Thumb Code     0  startup_stm32f10x_cl.o(.text)
    DMA1_Channel6_IRQHandler                 0x08000247   Thumb Code     0  startup_stm32f10x_cl.o(.text)
    DMA1_Channel7_IRQHandler                 0x08000247   Thumb Code     0  startup_stm32f10x_cl.o(.text)
    DMA2_Channel1_IRQHandler                 0x08000247   Thumb Code     0  startup_stm32f10x_cl.o(.text)
    DMA2_Channel2_IRQHandler                 0x08000247   Thumb Code     0  startup_stm32f10x_cl.o(.text)
    DMA2_Channel3_IRQHandler                 0x08000247   Thumb Code     0  startup_stm32f10x_cl.o(.text)
    DMA2_Channel4_IRQHandler                 0x08000247   Thumb Code     0  startup_stm32f10x_cl.o(.text)
    DMA2_Channel5_IRQHandler                 0x08000247   Thumb Code     0  startup_stm32f10x_cl.o(.text)
    ETH_IRQHandler                           0x08000247   Thumb Code     0  startup_stm32f10x_cl.o(.text)
    ETH_WKUP_IRQHandler                      0x08000247   Thumb Code     0  startup_stm32f10x_cl.o(.text)
    EXTI0_IRQHandler                         0x08000247   Thumb Code     0  startup_stm32f10x_cl.o(.text)
    EXTI15_10_IRQHandler                     0x08000247   Thumb Code     0  startup_stm32f10x_cl.o(.text)
    EXTI1_IRQHandler                         0x08000247   Thumb Code     0  startup_stm32f10x_cl.o(.text)
    EXTI2_IRQHandler                         0x08000247   Thumb Code     0  startup_stm32f10x_cl.o(.text)
    EXTI3_IRQHandler                         0x08000247   Thumb Code     0  startup_stm32f10x_cl.o(.text)
    EXTI4_IRQHandler                         0x08000247   Thumb Code     0  startup_stm32f10x_cl.o(.text)
    EXTI9_5_IRQHandler                       0x08000247   Thumb Code     0  startup_stm32f10x_cl.o(.text)
    FLASH_IRQHandler                         0x08000247   Thumb Code     0  startup_stm32f10x_cl.o(.text)
    I2C1_ER_IRQHandler                       0x08000247   Thumb Code     0  startup_stm32f10x_cl.o(.text)
    I2C1_EV_IRQHandler                       0x08000247   Thumb Code     0  startup_stm32f10x_cl.o(.text)
    I2C2_ER_IRQHandler                       0x08000247   Thumb Code     0  startup_stm32f10x_cl.o(.text)
    I2C2_EV_IRQHandler                       0x08000247   Thumb Code     0  startup_stm32f10x_cl.o(.text)
    OTG_FS_IRQHandler                        0x08000247   Thumb Code     0  startup_stm32f10x_cl.o(.text)
    OTG_FS_WKUP_IRQHandler                   0x08000247   Thumb Code     0  startup_stm32f10x_cl.o(.text)
    PVD_IRQHandler                           0x08000247   Thumb Code     0  startup_stm32f10x_cl.o(.text)
    RCC_IRQHandler                           0x08000247   Thumb Code     0  startup_stm32f10x_cl.o(.text)
    RTCAlarm_IRQHandler                      0x08000247   Thumb Code     0  startup_stm32f10x_cl.o(.text)
    RTC_IRQHandler                           0x08000247   Thumb Code     0  startup_stm32f10x_cl.o(.text)
    SPI1_IRQHandler                          0x08000247   Thumb Code     0  startup_stm32f10x_cl.o(.text)
    SPI2_IRQHandler                          0x08000247   Thumb Code     0  startup_stm32f10x_cl.o(.text)
    SPI3_IRQHandler                          0x08000247   Thumb Code     0  startup_stm32f10x_cl.o(.text)
    TAMPER_IRQHandler                        0x08000247   Thumb Code     0  startup_stm32f10x_cl.o(.text)
    TIM1_BRK_IRQHandler                      0x08000247   Thumb Code     0  startup_stm32f10x_cl.o(.text)
    TIM1_CC_IRQHandler                       0x08000247   Thumb Code     0  startup_stm32f10x_cl.o(.text)
    TIM1_TRG_COM_IRQHandler                  0x08000247   Thumb Code     0  startup_stm32f10x_cl.o(.text)
    TIM1_UP_IRQHandler                       0x08000247   Thumb Code     0  startup_stm32f10x_cl.o(.text)
    TIM2_IRQHandler                          0x08000247   Thumb Code     0  startup_stm32f10x_cl.o(.text)
    TIM5_IRQHandler                          0x08000247   Thumb Code     0  startup_stm32f10x_cl.o(.text)
    TIM6_IRQHandler                          0x08000247   Thumb Code     0  startup_stm32f10x_cl.o(.text)
    TIM7_IRQHandler                          0x08000247   Thumb Code     0  startup_stm32f10x_cl.o(.text)
    UART4_IRQHandler                         0x08000247   Thumb Code     0  startup_stm32f10x_cl.o(.text)
    WWDG_IRQHandler                          0x08000247   Thumb Code     0  startup_stm32f10x_cl.o(.text)
    __user_initial_stackheap                 0x08000249   Thumb Code     0  startup_stm32f10x_cl.o(.text)
    strlen                                   0x0800026d   Thumb Code    62  strlen.o(.text)
    strcat                                   0x080002ab   Thumb Code    24  strcat.o(.text)
    __aeabi_memcpy                           0x080002c3   Thumb Code     0  rt_memcpy_v6.o(.text)
    __rt_memcpy                              0x080002c3   Thumb Code   138  rt_memcpy_v6.o(.text)
    _memcpy_lastbytes                        0x08000329   Thumb Code     0  rt_memcpy_v6.o(.text)
    __aeabi_memclr                           0x0800034d   Thumb Code     0  rt_memclr.o(.text)
    __rt_memclr                              0x0800034d   Thumb Code    68  rt_memclr.o(.text)
    _memset                                  0x08000351   Thumb Code     0  rt_memclr.o(.text)
    __aeabi_memclr4                          0x08000391   Thumb Code     0  rt_memclr_w.o(.text)
    __aeabi_memclr8                          0x08000391   Thumb Code     0  rt_memclr_w.o(.text)
    __rt_memclr_w                            0x08000391   Thumb Code    78  rt_memclr_w.o(.text)
    _memset_w                                0x08000395   Thumb Code     0  rt_memclr_w.o(.text)
    __use_two_region_memory                  0x080003df   Thumb Code     2  heapauxi.o(.text)
    __rt_heap_escrow$2region                 0x080003e1   Thumb Code     2  heapauxi.o(.text)
    __rt_heap_expand$2region                 0x080003e3   Thumb Code     2  heapauxi.o(.text)
    __aeabi_memcpy4                          0x080003e5   Thumb Code     0  rt_memcpy_w.o(.text)
    __aeabi_memcpy8                          0x080003e5   Thumb Code     0  rt_memcpy_w.o(.text)
    __rt_memcpy_w                            0x080003e5   Thumb Code   100  rt_memcpy_w.o(.text)
    _memcpy_lastbytes_aligned                0x0800042d   Thumb Code     0  rt_memcpy_w.o(.text)
    __user_setup_stackheap                   0x08000449   Thumb Code    74  sys_stackheap_outer.o(.text)
    exit                                     0x08000493   Thumb Code    18  exit.o(.text)
    __user_libspace                          0x080004a5   Thumb Code     8  libspace.o(.text)
    __user_perproc_libspace                  0x080004a5   Thumb Code     0  libspace.o(.text)
    __user_perthread_libspace                0x080004a5   Thumb Code     0  libspace.o(.text)
    _sys_exit                                0x080004ad   Thumb Code     8  sys_exit.o(.text)
    __I$use$semihosting                      0x080004b9   Thumb Code     0  use_no_semi.o(.text)
    __use_no_semihosting_swi                 0x080004b9   Thumb Code     2  use_no_semi.o(.text)
    ADC_Cmd                                  0x080004bb   Thumb Code    22  stm32f10x_adc.o(i.ADC_Cmd)
    __semihosting_library_function           0x080004bb   Thumb Code     0  indicate_semi.o(.text)
    ADC_GetCalibrationStatus                 0x080004d1   Thumb Code    20  stm32f10x_adc.o(i.ADC_GetCalibrationStatus)
    ADC_GetConversionValue                   0x080004e5   Thumb Code     8  stm32f10x_adc.o(i.ADC_GetConversionValue)
    ADC_GetFlagStatus                        0x080004ed   Thumb Code    18  stm32f10x_adc.o(i.ADC_GetFlagStatus)
    ADC_GetResetCalibrationStatus            0x080004ff   Thumb Code    20  stm32f10x_adc.o(i.ADC_GetResetCalibrationStatus)
    ADC_Init                                 0x08000515   Thumb Code    70  stm32f10x_adc.o(i.ADC_Init)
    ADC_RegularChannelConfig                 0x08000565   Thumb Code   184  stm32f10x_adc.o(i.ADC_RegularChannelConfig)
    ADC_ResetCalibration                     0x0800061d   Thumb Code    10  stm32f10x_adc.o(i.ADC_ResetCalibration)
    ADC_SoftwareStartConvCmd                 0x08000627   Thumb Code    22  stm32f10x_adc.o(i.ADC_SoftwareStartConvCmd)
    ADC_StartCalibration                     0x0800063d   Thumb Code    10  stm32f10x_adc.o(i.ADC_StartCalibration)
    BusFault_Handler                         0x08000647   Thumb Code     4  stm32f10x_it.o(i.BusFault_Handler)
    DMA1_Channel4_IRQHandler                 0x0800064d   Thumb Code    36  hal_uart.o(i.DMA1_Channel4_IRQHandler)
    DMA_ClearITPendingBit                    0x08000679   Thumb Code    18  stm32f10x_dma.o(i.DMA_ClearITPendingBit)
    DMA_Cmd                                  0x08000695   Thumb Code    24  stm32f10x_dma.o(i.DMA_Cmd)
    DMA_DeInit                               0x080006ad   Thumb Code   324  stm32f10x_dma.o(i.DMA_DeInit)
    DMA_GetITStatus                          0x080007f9   Thumb Code    36  stm32f10x_dma.o(i.DMA_GetITStatus)
    DMA_ITConfig                             0x08000825   Thumb Code    18  stm32f10x_dma.o(i.DMA_ITConfig)
    DMA_Init                                 0x08000837   Thumb Code    60  stm32f10x_dma.o(i.DMA_Init)
    DMA_SPI3_TX                              0x08000875   Thumb Code    74  hal_tftlcd.o(i.DMA_SPI3_TX)
    DebugMon_Handler                         0x080008c5   Thumb Code     2  stm32f10x_it.o(i.DebugMon_Handler)
    GPIO_Init                                0x080008fd   Thumb Code   278  stm32f10x_gpio.o(i.GPIO_Init)
    GPIO_PinRemapConfig                      0x08000a15   Thumb Code   138  stm32f10x_gpio.o(i.GPIO_PinRemapConfig)
    GPIO_ReadInputDataBit                    0x08000aa5   Thumb Code    18  stm32f10x_gpio.o(i.GPIO_ReadInputDataBit)
    GPIO_ReadOutputDataBit                   0x08000ab7   Thumb Code    18  stm32f10x_gpio.o(i.GPIO_ReadOutputDataBit)
    GPIO_ResetBits                           0x08000ac9   Thumb Code     4  stm32f10x_gpio.o(i.GPIO_ResetBits)
    GPIO_SetBits                             0x08000acd   Thumb Code     4  stm32f10x_gpio.o(i.GPIO_SetBits)
    GPIO_WriteBit                            0x08000ad1   Thumb Code    10  stm32f10x_gpio.o(i.GPIO_WriteBit)
    GSM_MQTT_Sub_RecPro                      0x08000adb   Thumb Code   100  mt_4g.o(i.GSM_MQTT_Sub_RecPro)
    GSM_MesPara_Init                         0x08000b41   Thumb Code     8  mt_4g.o(i.GSM_MesPara_Init)
    GSM_Para_Init                            0x08000b4d   Thumb Code    32  mt_4g.o(i.GSM_Para_Init)
    GSM_PhonePara_Init                       0x08000b75   Thumb Code    20  mt_4g.o(i.GSM_PhonePara_Init)
    GSM_RxMsg_Analysis                       0x08000b8d   Thumb Code    62  mt_4g.o(i.GSM_RxMsg_Analysis)
    GSM_TxMsgInput                           0x08000d85   Thumb Code    76  mt_4g.o(i.GSM_TxMsgInput)
    GSM_TxMsg_Send                           0x08000ddd   Thumb Code    42  mt_4g.o(i.GSM_TxMsg_Send)
    Hal_Uart3_Send_Data                      0x08000ef9   Thumb Code    40  hal_uart.o(i.Hal_Uart3_Send_Data)
    HardFault_Handler                        0x08000f25   Thumb Code     4  stm32f10x_it.o(i.HardFault_Handler)
    LCD_Address_Set                          0x08000f65   Thumb Code    66  mt_tftlcd.o(i.LCD_Address_Set)
    LCD_Fill                                 0x08000fc5   Thumb Code    88  mt_tftlcd.o(i.LCD_Fill)
    LCD_ShowChar                             0x08001021   Thumb Code   348  mt_tftlcd.o(i.LCD_ShowChar)
    LCD_ShowPicture32PixFont                 0x08001191   Thumb Code   188  mt_tftlcd.o(i.LCD_ShowPicture32PixFont)
    LCD_ShowString                           0x08001251   Thumb Code    66  mt_tftlcd.o(i.LCD_ShowString)
    LCD_WR_DATA                              0x08001293   Thumb Code    26  hal_tftlcd.o(i.LCD_WR_DATA)
    LCD_WR_DATA8                             0x080012ad   Thumb Code    12  hal_tftlcd.o(i.LCD_WR_DATA8)
    LCD_WR_REG                               0x080012b9   Thumb Code    28  hal_tftlcd.o(i.LCD_WR_REG)
    LCD_Writ_Bus                             0x080012d9   Thumb Code    20  hal_tftlcd.o(i.LCD_Writ_Bus)
    MCU_GetTime_Server                       0x080012f1   Thumb Code    54  mt_protocol.o(i.MCU_GetTime_Server)
    MD5Decode                                0x0800132d   Thumb Code    50  mt_md5.o(i.MD5Decode)
    MD5Encode                                0x0800135f   Thumb Code    62  mt_md5.o(i.MD5Encode)
    MD5Final                                 0x0800139d   Thumb Code    80  mt_md5.o(i.MD5Final)
    MD5Init                                  0x080013f1   Thumb Code    26  mt_md5.o(i.MD5Init)
    MD5Transform                             0x08001415   Thumb Code  1898  mt_md5.o(i.MD5Transform)
    MD5Update                                0x08001be9   Thumb Code   140  mt_md5.o(i.MD5Update)
    MemManage_Handler                        0x08001c75   Thumb Code     4  stm32f10x_it.o(i.MemManage_Handler)
    Mqtt_Step_Pro                            0x08001c79   Thumb Code   924  mt_wifi.o(i.Mqtt_Step_Pro)
    NMI_Handler                              0x0800219d   Thumb Code     2  stm32f10x_it.o(i.NMI_Handler)
    NVIC_Init                                0x080021a1   Thumb Code   100  misc.o(i.NVIC_Init)
    NVIC_PriorityGroupConfig                 0x08002211   Thumb Code    10  misc.o(i.NVIC_PriorityGroupConfig)
    OS_CPUInterruptCBSRegister               0x08002225   Thumb Code    12  os_system.o(i.OS_CPUInterruptCBSRegister)
    OS_ClockInterruptHandle                  0x08002235   Thumb Code   100  os_system.o(i.OS_ClockInterruptHandle)
    OS_CreatTask                             0x0800229d   Thumb Code    62  os_system.o(i.OS_CreatTask)
    OS_Start                                 0x080022e1   Thumb Code    56  os_system.o(i.OS_Start)
    OS_TaskInit                              0x0800231d   Thumb Code    56  os_system.o(i.OS_TaskInit)
    ParaInit                                 0x08002359   Thumb Code    26  para.o(i.ParaInit)
    PendSV_Handler                           0x0800237d   Thumb Code     2  stm32f10x_it.o(i.PendSV_Handler)
    RCC_ADCCLKConfig                         0x08002529   Thumb Code    18  stm32f10x_rcc.o(i.RCC_ADCCLKConfig)
    RCC_AHBPeriphClockCmd                    0x08002541   Thumb Code    26  stm32f10x_rcc.o(i.RCC_AHBPeriphClockCmd)
    RCC_APB1PeriphClockCmd                   0x08002561   Thumb Code    26  stm32f10x_rcc.o(i.RCC_APB1PeriphClockCmd)
    RCC_APB1PeriphResetCmd                   0x08002581   Thumb Code    26  stm32f10x_rcc.o(i.RCC_APB1PeriphResetCmd)
    RCC_APB2PeriphClockCmd                   0x080025a1   Thumb Code    26  stm32f10x_rcc.o(i.RCC_APB2PeriphClockCmd)
    RCC_APB2PeriphResetCmd                   0x080025c1   Thumb Code    26  stm32f10x_rcc.o(i.RCC_APB2PeriphResetCmd)
    RCC_GetClocksFreq                        0x080025e1   Thumb Code   374  stm32f10x_rcc.o(i.RCC_GetClocksFreq)
    SPI_Cmd                                  0x08002771   Thumb Code    24  stm32f10x_spi.o(i.SPI_Cmd)
    SPI_I2S_DMACmd                           0x08002789   Thumb Code    18  stm32f10x_spi.o(i.SPI_I2S_DMACmd)
    SPI_Init                                 0x0800279b   Thumb Code    60  stm32f10x_spi.o(i.SPI_Init)
    SVC_Handler                              0x080027d7   Thumb Code     2  stm32f10x_it.o(i.SVC_Handler)
    S_QueueDataIn                            0x080027d9   Thumb Code   120  os_system.o(i.S_QueueDataIn)
    S_QueueDataLen                           0x08002855   Thumb Code    46  os_system.o(i.S_QueueDataLen)
    S_QueueDataOut                           0x08002885   Thumb Code    98  os_system.o(i.S_QueueDataOut)
    S_QueueEmpty                             0x080028ed   Thumb Code     6  os_system.o(i.S_QueueEmpty)
    SeekSrting                               0x080028f3   Thumb Code   110  mt_api.o(i.SeekSrting)
    StringhexToAsciiConversion               0x08002a81   Thumb Code    82  mt_api.o(i.StringhexToAsciiConversion)
    SysTick_Handler                          0x08002ad3   Thumb Code     8  cpu.o(i.SysTick_Handler)
    SystemInit                               0x08002add   Thumb Code    92  system_stm32f10x.o(i.SystemInit)
    SystemTime_local                         0x08002b49   Thumb Code   162  para.o(i.SystemTime_local)
    TIM3_IRQHandler                          0x08002e35   Thumb Code   194  hal_al6630.o(i.TIM3_IRQHandler)
    TIM4_IRQHandler                          0x08002f01   Thumb Code    20  hal_timer.o(i.TIM4_IRQHandler)
    TIM_ClearFlag                            0x08002f19   Thumb Code     6  stm32f10x_tim.o(i.TIM_ClearFlag)
    TIM_ClearITPendingBit                    0x08002f1f   Thumb Code     6  stm32f10x_tim.o(i.TIM_ClearITPendingBit)
    TIM_Cmd                                  0x08002f25   Thumb Code    24  stm32f10x_tim.o(i.TIM_Cmd)
    TIM_DeInit                               0x08002f3d   Thumb Code   424  stm32f10x_tim.o(i.TIM_DeInit)
    TIM_GetCapture2                          0x08003125   Thumb Code     6  stm32f10x_tim.o(i.TIM_GetCapture2)
    TIM_GetITStatus                          0x0800312b   Thumb Code    34  stm32f10x_tim.o(i.TIM_GetITStatus)
    TIM_ICInit                               0x0800314d   Thumb Code   150  stm32f10x_tim.o(i.TIM_ICInit)
    TIM_ITConfig                             0x080031f9   Thumb Code    18  stm32f10x_tim.o(i.TIM_ITConfig)
    TIM_SetCounter                           0x0800320b   Thumb Code     4  stm32f10x_tim.o(i.TIM_SetCounter)
    TIM_SetIC1Prescaler                      0x0800320f   Thumb Code    18  stm32f10x_tim.o(i.TIM_SetIC1Prescaler)
    TIM_SetIC2Prescaler                      0x08003221   Thumb Code    26  stm32f10x_tim.o(i.TIM_SetIC2Prescaler)
    TIM_SetIC3Prescaler                      0x0800323b   Thumb Code    18  stm32f10x_tim.o(i.TIM_SetIC3Prescaler)
    TIM_SetIC4Prescaler                      0x0800324d   Thumb Code    26  stm32f10x_tim.o(i.TIM_SetIC4Prescaler)
    TIM_TimeBaseInit                         0x08003269   Thumb Code   122  stm32f10x_tim.o(i.TIM_TimeBaseInit)
    UART5_IRQHandler                         0x0800330d   Thumb Code    48  hal_uart.o(i.UART5_IRQHandler)
    USART1_IRQHandler                        0x08003345   Thumb Code    42  hal_uart.o(i.USART1_IRQHandler)
    USART1_PutInDebugString                  0x08003379   Thumb Code    48  hal_uart.o(i.USART1_PutInDebugString)
    USART2_IRQHandler                        0x080033ad   Thumb Code    60  hal_uart.o(i.USART2_IRQHandler)
    USART3_IRQHandler                        0x080033f1   Thumb Code    48  hal_uart.o(i.USART3_IRQHandler)
    USART_ClearITPendingBit                  0x08003429   Thumb Code    30  stm32f10x_usart.o(i.USART_ClearITPendingBit)
    USART_Cmd                                0x08003447   Thumb Code    24  stm32f10x_usart.o(i.USART_Cmd)
    USART_DMACmd                             0x0800345f   Thumb Code    18  stm32f10x_usart.o(i.USART_DMACmd)
    USART_GetFlagStatus                      0x08003471   Thumb Code    26  stm32f10x_usart.o(i.USART_GetFlagStatus)
    USART_GetITStatus                        0x0800348b   Thumb Code    84  stm32f10x_usart.o(i.USART_GetITStatus)
    USART_ITConfig                           0x080034df   Thumb Code    74  stm32f10x_usart.o(i.USART_ITConfig)
    USART_Init                               0x08003529   Thumb Code   210  stm32f10x_usart.o(i.USART_Init)
    USART_ReceiveData                        0x08003601   Thumb Code    10  stm32f10x_usart.o(i.USART_ReceiveData)
    USART_SendData                           0x0800360b   Thumb Code     8  stm32f10x_usart.o(i.USART_SendData)
    UsageFault_Handler                       0x08003613   Thumb Code     4  stm32f10x_it.o(i.UsageFault_Handler)
    WIFI_MQTT_Sub_RecPro                     0x08003617   Thumb Code    98  mt_wifi.o(i.WIFI_MQTT_Sub_RecPro)
    WIFI_RxMsg_Analysis                      0x08003679   Thumb Code    64  mt_wifi.o(i.WIFI_RxMsg_Analysis)
    WIFI_TxMsgInput                          0x080036bd   Thumb Code    84  mt_wifi.o(i.WIFI_TxMsgInput)
    WIFI_TxMsg_Send                          0x0800371d   Thumb Code    44  mt_wifi.o(i.WIFI_TxMsg_Send)
    app_task                                 0x0800387d   Thumb Code    22  app.o(i.app_task)
    app_task_init                            0x08003895   Thumb Code    22  app.o(i.app_task_init)
    asciiToHexConversion                     0x080038b9   Thumb Code   168  mt_api.o(i.asciiToHexConversion)
    delay_1msTest                            0x08003961   Thumb Code    18  hal_gpio.o(i.delay_1msTest)
    hal_Adc_batInit                          0x08003a25   Thumb Code    30  hal_adc.o(i.hal_Adc_batInit)
    hal_BatCheckProc                         0x08003a49   Thumb Code    96  hal_adc.o(i.hal_BatCheckProc)
    hal_CPUInit                              0x08003ab9   Thumb Code    14  cpu.o(i.hal_CPUInit)
    hal_CPU_Critical_Control                 0x08003acd   Thumb Code    34  cpu.o(i.hal_CPU_Critical_Control)
    hal_CreatTimer                           0x08003b51   Thumb Code    50  hal_timer.o(i.hal_CreatTimer)
    hal_GPIO_4GPowerKey_H                    0x08003c2d   Thumb Code    12  hal_gpio.o(i.hal_GPIO_4GPowerKey_H)
    hal_GPIO_4GPowerKey_L                    0x08003c3d   Thumb Code    12  hal_gpio.o(i.hal_GPIO_4GPowerKey_L)
    hal_GPIO_WIFIPowerEN_H                   0x08003c5d   Thumb Code    12  hal_gpio.o(i.hal_GPIO_WIFIPowerEN_H)
    hal_GPIO_WIFIPowerEN_L                   0x08003c6d   Thumb Code    12  hal_gpio.o(i.hal_GPIO_WIFIPowerEN_L)
    hal_GetTemHumProc                        0x08003c7d   Thumb Code   208  hal_al6630.o(i.hal_GetTemHumProc)
    hal_GetTemperatureDat                    0x08003d5d   Thumb Code     6  hal_al6630.o(i.hal_GetTemperatureDat)
    hal_GethumidityDat                       0x08003d69   Thumb Code     6  hal_al6630.o(i.hal_GethumidityDat)
    hal_GpioConfig_init                      0x08003d75   Thumb Code   116  hal_gpio.o(i.hal_GpioConfig_init)
    hal_Gpio_AcStateCheck                    0x08003df9   Thumb Code    68  hal_gpio.o(i.hal_Gpio_AcStateCheck)
    hal_KeyProc                              0x08003ec5   Thumb Code   282  hal_key.o(i.hal_KeyProc)
    hal_KeyScanCBSRegister                   0x08003ff5   Thumb Code    12  hal_key.o(i.hal_KeyScanCBSRegister)
    hal_LedInit                              0x08004095   Thumb Code    22  hal_led.o(i.hal_LedInit)
    hal_Oled_Display_on                      0x08004159   Thumb Code    14  hal_tftlcd.o(i.hal_Oled_Display_on)
    hal_ResetTimer                           0x0800416d   Thumb Code    46  hal_timer.o(i.hal_ResetTimer)
    hal_Tftlcd_Clear                         0x080041a1   Thumb Code    20  mt_tftlcd.o(i.hal_Tftlcd_Clear)
    hal_Usart2_SentString                    0x08004225   Thumb Code    38  hal_uart.o(i.hal_Usart2_SentString)
    hal_UsartInit                            0x08004251   Thumb Code    40  hal_uart.o(i.hal_UsartInit)
    hal_UsartProc                            0x0800428d   Thumb Code    32  hal_uart.o(i.hal_UsartProc)
    hal_adc_returnVoltLevel                  0x08004701   Thumb Code     6  hal_adc.o(i.hal_adc_returnVoltLevel)
    hal_eepromInit                           0x0800470d   Thumb Code     8  hal_eeprom.o(i.hal_eepromInit)
    hal_keyInit                              0x080047c1   Thumb Code    56  hal_key.o(i.hal_keyInit)
    hal_oled_RestH                           0x0800480d   Thumb Code    14  hal_tftlcd.o(i.hal_oled_RestH)
    hal_oled_RestL                           0x08004821   Thumb Code    14  hal_tftlcd.o(i.hal_oled_RestL)
    hal_spi2CSDrive                          0x08004835   Thumb Code    30  hal_flash.o(i.hal_spi2CSDrive)
    hal_spi2Init                             0x08004859   Thumb Code   176  hal_flash.o(i.hal_spi2Init)
    hal_task                                 0x08004911   Thumb Code    20  hal_task.o(i.hal_task)
    hal_task_init                            0x08004925   Thumb Code    44  hal_task.o(i.hal_task_init)
    hal_tftlcdConfig                         0x08004951   Thumb Code   312  hal_tftlcd.o(i.hal_tftlcdConfig)
    hal_timerInit                            0x08004be1   Thumb Code    64  hal_timer.o(i.hal_timerInit)
    hal_timer_capInit                        0x08004c25   Thumb Code    20  hal_al6630.o(i.hal_timer_capInit)
    hal_usart_Uart2DateRxCBSRegister         0x08004ee5   Thumb Code    12  hal_uart.o(i.hal_usart_Uart2DateRxCBSRegister)
    hal_usart_Uart3DateRxCBSRegister         0x08004ef5   Thumb Code    12  hal_uart.o(i.hal_usart_Uart3DateRxCBSRegister)
    hal_usart_Uart5DateRxCBSRegister         0x08004f05   Thumb Code    12  hal_uart.o(i.hal_usart_Uart5DateRxCBSRegister)
    hal_usart_Uart5DateTx                    0x08004f15   Thumb Code    44  hal_uart.o(i.hal_usart_Uart5DateTx)
    hal_wtn6                                 0x08004f45   Thumb Code    40  hal_wtn6.o(i.hal_wtn6)
    hexToAsciiConversion                     0x08004f7d   Thumb Code    56  mt_api.o(i.hexToAsciiConversion)
    main                                     0x08004fb5   Thumb Code    70  main.o(i.main)
    mt_4g_Init                               0x08005009   Thumb Code    78  mt_4g.o(i.mt_4g_Init)
    mt_4g_Mqtt_SentDat                       0x08005419   Thumb Code   312  mt_4g.o(i.mt_4g_Mqtt_SentDat)
    mt_4g_pro                                0x08005775   Thumb Code    24  mt_4g.o(i.mt_4g_pro)
    mt_GSM_PhoneCall                         0x08005a5d   Thumb Code   310  mt_4g.o(i.mt_GSM_PhoneCall)
    mt_api_crc16                             0x08005bc1   Thumb Code    86  mt_api.o(i.mt_api_crc16)
    mt_flashInit                             0x08005c1d   Thumb Code     8  mt_flash.o(i.mt_flashInit)
    mt_loraRxApplyNet_callback_Register      0x08005c25   Thumb Code    12  mt_lora.o(i.mt_loraRxApplyNet_callback_Register)
    mt_lora_Pro                              0x08005d99   Thumb Code    12  mt_lora.o(i.mt_lora_Pro)
    mt_lora_TxMsgInput                       0x08006099   Thumb Code    48  mt_lora.o(i.mt_lora_TxMsgInput)
    mt_lora_init                             0x080060e9   Thumb Code    40  mt_lora.o(i.mt_lora_init)
    mt_lora_loracomm_callback_Register       0x08006125   Thumb Code    12  mt_lora.o(i.mt_lora_loracomm_callback_Register)
    mt_md5_EncipherPassWord                  0x08006135   Thumb Code   192  mt_md5.o(i.mt_md5_EncipherPassWord)
    mt_mqtt_SetNewFlag                       0x080061f9   Thumb Code     8  mt_mqtt.o(i.mt_mqtt_SetNewFlag)
    mt_mqtt_init                             0x08006205   Thumb Code   244  mt_mqtt.o(i.mt_mqtt_init)
    mt_mqtt_setLinkID                        0x08006319   Thumb Code    36  mt_mqtt.o(i.mt_mqtt_setLinkID)
    mt_mqtt_setPubTopic                      0x08006341   Thumb Code    36  mt_mqtt.o(i.mt_mqtt_setPubTopic)
    mt_mqtt_setServerIp                      0x08006369   Thumb Code    36  mt_mqtt.o(i.mt_mqtt_setServerIp)
    mt_mqtt_setServerPort                    0x08006391   Thumb Code    36  mt_mqtt.o(i.mt_mqtt_setServerPort)
    mt_mqtt_setSubTopic                      0x080063b9   Thumb Code    36  mt_mqtt.o(i.mt_mqtt_setSubTopic)
    mt_mqtt_setUserName                      0x080063e1   Thumb Code    36  mt_mqtt.o(i.mt_mqtt_setUserName)
    mt_protocol_MqttRecHandle                0x080064c5   Thumb Code   104  mt_protocol.o(i.mt_protocol_MqttRecHandle)
    mt_task                                  0x08006531   Thumb Code    16  mt_task.o(i.mt_task)
    mt_task_init                             0x08006541   Thumb Code    28  mt_task.o(i.mt_task_init)
    mt_tftlcd_init                           0x0800655d   Thumb Code   570  mt_tftlcd.o(i.mt_tftlcd_init)
    mt_wifi_DataPack                         0x080067e9   Thumb Code   156  mt_wifi.o(i.mt_wifi_DataPack)
    mt_wifi_GetState                         0x08006889   Thumb Code     6  mt_wifi.o(i.mt_wifi_GetState)
    mt_wifi_Mqtt_SentDat                     0x08006895   Thumb Code   262  mt_wifi.o(i.mt_wifi_Mqtt_SentDat)
    mt_wifi_Mqtt_Step                        0x080069a9   Thumb Code    20  mt_wifi.o(i.mt_wifi_Mqtt_Step)
    mt_wifi_changState                       0x08006a69   Thumb Code    20  mt_wifi.o(i.mt_wifi_changState)
    mt_wifi_init                             0x08006a85   Thumb Code   102  mt_wifi.o(i.mt_wifi_init)
    mt_wifi_pro                              0x08006b11   Thumb Code    20  mt_wifi.o(i.mt_wifi_pro)
    ascii_1206                               0x08006f4c   Data        1140  lcdfont.o(.constdata)
    ascii_1608                               0x080073c0   Data        1520  lcdfont.o(.constdata)
    ascii_2412                               0x080079b0   Data        4560  lcdfont.o(.constdata)
    ascii_3216                               0x08008b80   Data        6080  lcdfont.o(.constdata)
    ascii_4824                               0x0800a340   Data       13680  lcdfont.o(.constdata)
    gImage_wifiSigal                         0x0800d8b0   Data        2560  lcdfont.o(.constdata)
    wCRCTalbeAbs                             0x0800e2b0   Data          32  mt_api.o(.constdata)
    ESP12_AT                                 0x0800e2d0   Data         980  mt_wifi.o(.constdata)
    ESP12_AT_ResPonse                        0x0800e6a4   Data         324  mt_wifi.o(.constdata)
    GSM_AT_Send                              0x0800e7e8   Data        2380  mt_4g.o(.constdata)
    GSM_AT_Res                               0x0800f134   Data         560  mt_4g.o(.constdata)
    Region$$Table$$Base                      0x0800f364   Number         0  anon$$obj.o(Region$$Table)
    Region$$Table$$Limit                     0x0800f384   Number         0  anon$$obj.o(Region$$Table)
    wtn6                                     0x20000002   Data          40  hal_wtn6.o(.data)
    Wtn6Playflag                             0x2000002a   Data           1  hal_wtn6.o(.data)
    Wtn6VolueNum                             0x2000002b   Data           1  hal_wtn6.o(.data)
    Wtn6NextNum                              0x2000002c   Data           1  hal_wtn6.o(.data)
    Wtn6Timer                                0x2000002e   Data           2  hal_wtn6.o(.data)
    getKeysVal                               0x20000038   Data          20  hal_key.o(.data)
    KeyScanCBS                               0x2000004c   Data           4  hal_key.o(.data)
    DebugIsBusy                              0x20000050   Data           1  hal_uart.o(.data)
    Uart2DateRxCBS                           0x20000054   Data           4  hal_uart.o(.data)
    Uart3DateRxCBS                           0x20000058   Data           4  hal_uart.o(.data)
    Uart5DateRxCBS                           0x2000005c   Data           4  hal_uart.o(.data)
    SystemCoreClock                          0x20000068   Data           4  system_stm32f10x.o(.data)
    AHBPrescTable                            0x2000006c   Data          16  system_stm32f10x.o(.data)
    loracomm_callback                        0x2000007c   Data           4  mt_lora.o(.data)
    loracommApplyNet_callback                0x20000080   Data           4  mt_lora.o(.data)
    WIFI_TxQueuePos                          0x20000088   Data           1  mt_wifi.o(.data)
    WIFI_Sta                                 0x2000008a   Data           1  mt_wifi.o(.data)
    MQTT_Step                                0x2000008b   Data           1  mt_wifi.o(.data)
    GSM_TxQueuePos                           0x200000ac   Data           1  mt_4g.o(.data)
    GSM_SIGNAL                               0x200000ad   Data           1  mt_4g.o(.data)
    Mes_Buff_Pos                             0x200000ae   Data           1  mt_4g.o(.data)
    ES200C_Var                               0x200000b0   Data           4  mt_4g.o(.data)
    GSM_SendSms                              0x200000b4   Data           2  mt_4g.o(.data)
    GSM_MQTT_SendSms                         0x200000b6   Data           2  mt_4g.o(.data)
    GSM_Mes_SendSms                          0x200000b8   Data           2  mt_4g.o(.data)
    stuSystemtime                            0x200000d8   Data           8  para.o(.data)
    CPUInterrupptCtrlCBS                     0x200000e4   Data           4  os_system.o(.data)
    PADDING                                  0x200000fc   Data          64  mt_md5.o(.data)
    Stu_Timer                                0x2000013c   Data          24  hal_timer.o(.bss)
    temHumBufDat                             0x20000154   Data          20  hal_al6630.o(.bss)
    KeyState                                 0x20000168   Data          16  hal_key.o(.bss)
    KeyScanTime                              0x20000178   Data          32  hal_key.o(.bss)
    KeyPressLongTimer                        0x20000198   Data          32  hal_key.o(.bss)
    KeyContPressTimer                        0x200001b8   Data          32  hal_key.o(.bss)
    DebugTxDMAMapBuff                        0x200001d8   Data         512  hal_uart.o(.bss)
    DebugTxMsg                               0x200003d8   Data         524  hal_uart.o(.bss)
    hal_batVolt                              0x200005e4   Data          24  hal_adc.o(.bss)
    ColorBuf                                 0x200005fc   Data         640  mt_tftlcd.o(.bss)
    Wifi_RxIdxMsg                            0x20000af8   Data        1036  mt_wifi.o(.bss)
    Wifi_TxIdxMsg                            0x20000f04   Data          28  mt_wifi.o(.bss)
    WIFI_TxBuff                              0x20000f20   Data        2000  mt_wifi.o(.bss)
    WIFI_RxBuff                              0x200016f0   Data         800  mt_wifi.o(.bss)
    WIFI_NetSta                              0x20001a10   Data          71  mt_wifi.o(.bss)
    GSM_TxIdxMsg                             0x20002098   Data          28  mt_4g.o(.bss)
    GSM_RxIdxMsg                             0x200020b4   Data        1036  mt_4g.o(.bss)
    GSMTxMessageIdMsg                        0x200024c0   Data          28  mt_4g.o(.bss)
    GSM_TxBuff                               0x200024dc   Data        3328  mt_4g.o(.bss)
    GSM_RxBuff                               0x200031dc   Data         500  mt_4g.o(.bss)
    GSM_Mes_Send_Buff                        0x200033d0   Data        3328  mt_4g.o(.bss)
    GSM_PhoneCall_SendSms                    0x200040d0   Data          22  mt_4g.o(.bss)
    mqtt_para                                0x20004726   Data         179  mt_mqtt.o(.bss)
    Master_Server_Str                        0x200047d9   Data          11  mt_protocol.o(.bss)
    Server_Time                              0x200047e4   Data          15  mt_protocol.o(.bss)
    STM32_UID                                0x200047f3   Data          12  para.o(.bss)
    OS_Task                                  0x20004800   Data          36  os_system.o(.bss)
    md5c                                     0x20004824   Data          88  mt_md5.o(.bss)
    __libspace_start                         0x2000487c   Data          96  libspace.o(.bss)
    __temporary_stack_top$libspace           0x200048dc   Data           0  libspace.o(.bss)



==============================================================================

Memory Map of the image

  Image Entry point : 0x08000151

  Load Region LR_IROM1 (Base: 0x08000000, Size: 0x0000f4c0, Max: 0x00040000, ABSOLUTE, COMPRESSED[0x0000f3c4])

    Execution Region ER_IROM1 (Exec base: 0x08000000, Load base: 0x08000000, Size: 0x0000f384, Max: 0x00040000, ABSOLUTE)

    Exec Addr    Load Addr    Size         Type   Attr      Idx    E Section Name        Object

    0x08000000   0x08000000   0x00000150   Data   RO         1791    RESET               startup_stm32f10x_cl.o
    0x08000150   0x08000150   0x00000008   Code   RO         4900  * !!!main             c_w.l(__main.o)
    0x08000158   0x08000158   0x00000034   Code   RO         5063    !!!scatter          c_w.l(__scatter.o)
    0x0800018c   0x0800018c   0x0000005a   Code   RO         5061    !!dczerorl2         c_w.l(__dczerorl2.o)
    0x080001e6   0x080001e6   0x00000002   PAD
    0x080001e8   0x080001e8   0x0000001c   Code   RO         5065    !!handler_zi        c_w.l(__scatter_zi.o)
    0x08000204   0x08000204   0x00000002   Code   RO         4929    .ARM.Collect$$libinit$$00000000  c_w.l(libinit.o)
    0x08000206   0x08000206   0x00000000   Code   RO         4936    .ARM.Collect$$libinit$$00000002  c_w.l(libinit2.o)
    0x08000206   0x08000206   0x00000000   Code   RO         4938    .ARM.Collect$$libinit$$00000004  c_w.l(libinit2.o)
    0x08000206   0x08000206   0x00000000   Code   RO         4941    .ARM.Collect$$libinit$$0000000A  c_w.l(libinit2.o)
    0x08000206   0x08000206   0x00000000   Code   RO         4943    .ARM.Collect$$libinit$$0000000C  c_w.l(libinit2.o)
    0x08000206   0x08000206   0x00000000   Code   RO         4945    .ARM.Collect$$libinit$$0000000E  c_w.l(libinit2.o)
    0x08000206   0x08000206   0x00000000   Code   RO         4948    .ARM.Collect$$libinit$$00000011  c_w.l(libinit2.o)
    0x08000206   0x08000206   0x00000000   Code   RO         4950    .ARM.Collect$$libinit$$00000013  c_w.l(libinit2.o)
    0x08000206   0x08000206   0x00000000   Code   RO         4952    .ARM.Collect$$libinit$$00000015  c_w.l(libinit2.o)
    0x08000206   0x08000206   0x00000000   Code   RO         4954    .ARM.Collect$$libinit$$00000017  c_w.l(libinit2.o)
    0x08000206   0x08000206   0x00000000   Code   RO         4956    .ARM.Collect$$libinit$$00000019  c_w.l(libinit2.o)
    0x08000206   0x08000206   0x00000000   Code   RO         4958    .ARM.Collect$$libinit$$0000001B  c_w.l(libinit2.o)
    0x08000206   0x08000206   0x00000000   Code   RO         4960    .ARM.Collect$$libinit$$0000001D  c_w.l(libinit2.o)
    0x08000206   0x08000206   0x00000000   Code   RO         4962    .ARM.Collect$$libinit$$0000001F  c_w.l(libinit2.o)
    0x08000206   0x08000206   0x00000000   Code   RO         4964    .ARM.Collect$$libinit$$00000021  c_w.l(libinit2.o)
    0x08000206   0x08000206   0x00000000   Code   RO         4966    .ARM.Collect$$libinit$$00000023  c_w.l(libinit2.o)
    0x08000206   0x08000206   0x00000000   Code   RO         4968    .ARM.Collect$$libinit$$00000025  c_w.l(libinit2.o)
    0x08000206   0x08000206   0x00000000   Code   RO         4972    .ARM.Collect$$libinit$$0000002C  c_w.l(libinit2.o)
    0x08000206   0x08000206   0x00000000   Code   RO         4974    .ARM.Collect$$libinit$$0000002E  c_w.l(libinit2.o)
    0x08000206   0x08000206   0x00000000   Code   RO         4976    .ARM.Collect$$libinit$$00000030  c_w.l(libinit2.o)
    0x08000206   0x08000206   0x00000000   Code   RO         4978    .ARM.Collect$$libinit$$00000032  c_w.l(libinit2.o)
    0x08000206   0x08000206   0x00000002   Code   RO         4979    .ARM.Collect$$libinit$$00000033  c_w.l(libinit2.o)
    0x08000208   0x08000208   0x00000002   Code   RO         4999    .ARM.Collect$$libshutdown$$00000000  c_w.l(libshutdown.o)
    0x0800020a   0x0800020a   0x00000000   Code   RO         5012    .ARM.Collect$$libshutdown$$00000002  c_w.l(libshutdown2.o)
    0x0800020a   0x0800020a   0x00000000   Code   RO         5014    .ARM.Collect$$libshutdown$$00000004  c_w.l(libshutdown2.o)
    0x0800020a   0x0800020a   0x00000000   Code   RO         5016    .ARM.Collect$$libshutdown$$00000006  c_w.l(libshutdown2.o)
    0x0800020a   0x0800020a   0x00000000   Code   RO         5019    .ARM.Collect$$libshutdown$$00000009  c_w.l(libshutdown2.o)
    0x0800020a   0x0800020a   0x00000000   Code   RO         5022    .ARM.Collect$$libshutdown$$0000000C  c_w.l(libshutdown2.o)
    0x0800020a   0x0800020a   0x00000000   Code   RO         5024    .ARM.Collect$$libshutdown$$0000000E  c_w.l(libshutdown2.o)
    0x0800020a   0x0800020a   0x00000000   Code   RO         5027    .ARM.Collect$$libshutdown$$00000011  c_w.l(libshutdown2.o)
    0x0800020a   0x0800020a   0x00000002   Code   RO         5028    .ARM.Collect$$libshutdown$$00000012  c_w.l(libshutdown2.o)
    0x0800020c   0x0800020c   0x00000000   Code   RO         4902    .ARM.Collect$$rtentry$$00000000  c_w.l(__rtentry.o)
    0x0800020c   0x0800020c   0x00000000   Code   RO         4906    .ARM.Collect$$rtentry$$00000002  c_w.l(__rtentry2.o)
    0x0800020c   0x0800020c   0x00000006   Code   RO         4918    .ARM.Collect$$rtentry$$00000004  c_w.l(__rtentry4.o)
    0x08000212   0x08000212   0x00000000   Code   RO         4908    .ARM.Collect$$rtentry$$00000009  c_w.l(__rtentry2.o)
    0x08000212   0x08000212   0x00000004   Code   RO         4909    .ARM.Collect$$rtentry$$0000000A  c_w.l(__rtentry2.o)
    0x08000216   0x08000216   0x00000000   Code   RO         4911    .ARM.Collect$$rtentry$$0000000C  c_w.l(__rtentry2.o)
    0x08000216   0x08000216   0x00000008   Code   RO         4912    .ARM.Collect$$rtentry$$0000000D  c_w.l(__rtentry2.o)
    0x0800021e   0x0800021e   0x00000002   Code   RO         4933    .ARM.Collect$$rtexit$$00000000  c_w.l(rtexit.o)
    0x08000220   0x08000220   0x00000000   Code   RO         4981    .ARM.Collect$$rtexit$$00000002  c_w.l(rtexit2.o)
    0x08000220   0x08000220   0x00000004   Code   RO         4982    .ARM.Collect$$rtexit$$00000003  c_w.l(rtexit2.o)
    0x08000224   0x08000224   0x00000006   Code   RO         4983    .ARM.Collect$$rtexit$$00000004  c_w.l(rtexit2.o)
    0x0800022a   0x0800022a   0x00000002   PAD
    0x0800022c   0x0800022c   0x00000040   Code   RO         1792    .text               startup_stm32f10x_cl.o
    0x0800026c   0x0800026c   0x0000003e   Code   RO         4888    .text               c_w.l(strlen.o)
    0x080002aa   0x080002aa   0x00000018   Code   RO         4890    .text               c_w.l(strcat.o)
    0x080002c2   0x080002c2   0x0000008a   Code   RO         4892    .text               c_w.l(rt_memcpy_v6.o)
    0x0800034c   0x0800034c   0x00000044   Code   RO         4894    .text               c_w.l(rt_memclr.o)
    0x08000390   0x08000390   0x0000004e   Code   RO         4896    .text               c_w.l(rt_memclr_w.o)
    0x080003de   0x080003de   0x00000006   Code   RO         4898    .text               c_w.l(heapauxi.o)
    0x080003e4   0x080003e4   0x00000064   Code   RO         4903    .text               c_w.l(rt_memcpy_w.o)
    0x08000448   0x08000448   0x0000004a   Code   RO         4920    .text               c_w.l(sys_stackheap_outer.o)
    0x08000492   0x08000492   0x00000012   Code   RO         4922    .text               c_w.l(exit.o)
    0x080004a4   0x080004a4   0x00000008   Code   RO         4930    .text               c_w.l(libspace.o)
    0x080004ac   0x080004ac   0x0000000c   Code   RO         4991    .text               c_w.l(sys_exit.o)
    0x080004b8   0x080004b8   0x00000002   Code   RO         5002    .text               c_w.l(use_no_semi.o)
    0x080004ba   0x080004ba   0x00000000   Code   RO         5004    .text               c_w.l(indicate_semi.o)
    0x080004ba   0x080004ba   0x00000016   Code   RO         1839    i.ADC_Cmd           stm32f10x_adc.o
    0x080004d0   0x080004d0   0x00000014   Code   RO         1847    i.ADC_GetCalibrationStatus  stm32f10x_adc.o
    0x080004e4   0x080004e4   0x00000008   Code   RO         1848    i.ADC_GetConversionValue  stm32f10x_adc.o
    0x080004ec   0x080004ec   0x00000012   Code   RO         1850    i.ADC_GetFlagStatus  stm32f10x_adc.o
    0x080004fe   0x080004fe   0x00000014   Code   RO         1853    i.ADC_GetResetCalibrationStatus  stm32f10x_adc.o
    0x08000512   0x08000512   0x00000002   PAD
    0x08000514   0x08000514   0x00000050   Code   RO         1857    i.ADC_Init          stm32f10x_adc.o
    0x08000564   0x08000564   0x000000b8   Code   RO         1861    i.ADC_RegularChannelConfig  stm32f10x_adc.o
    0x0800061c   0x0800061c   0x0000000a   Code   RO         1862    i.ADC_ResetCalibration  stm32f10x_adc.o
    0x08000626   0x08000626   0x00000016   Code   RO         1864    i.ADC_SoftwareStartConvCmd  stm32f10x_adc.o
    0x0800063c   0x0800063c   0x0000000a   Code   RO         1866    i.ADC_StartCalibration  stm32f10x_adc.o
    0x08000646   0x08000646   0x00000004   Code   RO          816    i.BusFault_Handler  stm32f10x_it.o
    0x0800064a   0x0800064a   0x00000002   PAD
    0x0800064c   0x0800064c   0x0000002c   Code   RO          538    i.DMA1_Channel4_IRQHandler  hal_uart.o
    0x08000678   0x08000678   0x0000001c   Code   RO         2523    i.DMA_ClearITPendingBit  stm32f10x_dma.o
    0x08000694   0x08000694   0x00000018   Code   RO         2524    i.DMA_Cmd           stm32f10x_dma.o
    0x080006ac   0x080006ac   0x0000014c   Code   RO         2525    i.DMA_DeInit        stm32f10x_dma.o
    0x080007f8   0x080007f8   0x0000002c   Code   RO         2528    i.DMA_GetITStatus   stm32f10x_dma.o
    0x08000824   0x08000824   0x00000012   Code   RO         2529    i.DMA_ITConfig      stm32f10x_dma.o
    0x08000836   0x08000836   0x0000003c   Code   RO         2530    i.DMA_Init          stm32f10x_dma.o
    0x08000872   0x08000872   0x00000002   PAD
    0x08000874   0x08000874   0x00000050   Code   RO          275    i.DMA_SPI3_TX       hal_tftlcd.o
    0x080008c4   0x080008c4   0x00000002   Code   RO          817    i.DebugMon_Handler  stm32f10x_it.o
    0x080008c6   0x080008c6   0x00000002   PAD
    0x080008c8   0x080008c8   0x00000034   Code   RO         1349    i.EC200S_PutOnHandler  mt_4g.o
    0x080008fc   0x080008fc   0x00000116   Code   RO         2948    i.GPIO_Init         stm32f10x_gpio.o
    0x08000a12   0x08000a12   0x00000002   PAD
    0x08000a14   0x08000a14   0x00000090   Code   RO         2950    i.GPIO_PinRemapConfig  stm32f10x_gpio.o
    0x08000aa4   0x08000aa4   0x00000012   Code   RO         2952    i.GPIO_ReadInputDataBit  stm32f10x_gpio.o
    0x08000ab6   0x08000ab6   0x00000012   Code   RO         2954    i.GPIO_ReadOutputDataBit  stm32f10x_gpio.o
    0x08000ac8   0x08000ac8   0x00000004   Code   RO         2955    i.GPIO_ResetBits    stm32f10x_gpio.o
    0x08000acc   0x08000acc   0x00000004   Code   RO         2956    i.GPIO_SetBits      stm32f10x_gpio.o
    0x08000ad0   0x08000ad0   0x0000000a   Code   RO         2959    i.GPIO_WriteBit     stm32f10x_gpio.o
    0x08000ada   0x08000ada   0x00000064   Code   RO         1350    i.GSM_MQTT_Sub_RecPro  mt_4g.o
    0x08000b3e   0x08000b3e   0x00000002   PAD
    0x08000b40   0x08000b40   0x0000000c   Code   RO         1351    i.GSM_MesPara_Init  mt_4g.o
    0x08000b4c   0x08000b4c   0x00000028   Code   RO         1352    i.GSM_Para_Init     mt_4g.o
    0x08000b74   0x08000b74   0x00000018   Code   RO         1353    i.GSM_PhonePara_Init  mt_4g.o
    0x08000b8c   0x08000b8c   0x00000044   Code   RO         1354    i.GSM_RxMsg_Analysis  mt_4g.o
    0x08000bd0   0x08000bd0   0x000001b4   Code   RO         1355    i.GSM_Rx_Response_Handle  mt_4g.o
    0x08000d84   0x08000d84   0x00000058   Code   RO         1356    i.GSM_TxMsgInput    mt_4g.o
    0x08000ddc   0x08000ddc   0x0000002a   Code   RO         1357    i.GSM_TxMsg_Send    mt_4g.o
    0x08000e06   0x08000e06   0x0000001a   Code   RO         1186    i.GetAtRspStrLen    mt_api.o
    0x08000e20   0x08000e20   0x00000060   Code   RO         1596    i.Gsm_icon_Display  app.o
    0x08000e80   0x08000e80   0x00000078   Code   RO          122    i.Hal_TimerHandle   hal_timer.o
    0x08000ef8   0x08000ef8   0x0000002c   Code   RO          539    i.Hal_Uart3_Send_Data  hal_uart.o
    0x08000f24   0x08000f24   0x00000004   Code   RO          818    i.HardFault_Handler  stm32f10x_it.o
    0x08000f28   0x08000f28   0x0000003c   Code   RO         1597    i.KeyEventHandle    app.o
    0x08000f64   0x08000f64   0x00000042   Code   RO          995    i.LCD_Address_Set   mt_tftlcd.o
    0x08000fa6   0x08000fa6   0x0000001c   Code   RO          996    i.LCD_DrawPoint     mt_tftlcd.o
    0x08000fc2   0x08000fc2   0x00000002   PAD
    0x08000fc4   0x08000fc4   0x0000005c   Code   RO          997    i.LCD_Fill          mt_tftlcd.o
    0x08001020   0x08001020   0x00000170   Code   RO          998    i.LCD_ShowChar      mt_tftlcd.o
    0x08001190   0x08001190   0x000000c0   Code   RO          999    i.LCD_ShowPicture32PixFont  mt_tftlcd.o
    0x08001250   0x08001250   0x00000042   Code   RO         1000    i.LCD_ShowString    mt_tftlcd.o
    0x08001292   0x08001292   0x0000001a   Code   RO          276    i.LCD_WR_DATA       hal_tftlcd.o
    0x080012ac   0x080012ac   0x0000000c   Code   RO          277    i.LCD_WR_DATA8      hal_tftlcd.o
    0x080012b8   0x080012b8   0x00000020   Code   RO          278    i.LCD_WR_REG        hal_tftlcd.o
    0x080012d8   0x080012d8   0x00000018   Code   RO          279    i.LCD_Writ_Bus      hal_tftlcd.o
    0x080012f0   0x080012f0   0x0000003c   Code   RO         1566    i.MCU_GetTime_Server  mt_protocol.o
    0x0800132c   0x0800132c   0x00000032   Code   RO         4828    i.MD5Decode         mt_MD5.lib(mt_md5.o)
    0x0800135e   0x0800135e   0x0000003e   Code   RO         4829    i.MD5Encode         mt_MD5.lib(mt_md5.o)
    0x0800139c   0x0800139c   0x00000054   Code   RO         4830    i.MD5Final          mt_MD5.lib(mt_md5.o)
    0x080013f0   0x080013f0   0x00000024   Code   RO         4831    i.MD5Init           mt_MD5.lib(mt_md5.o)
    0x08001414   0x08001414   0x000007d4   Code   RO         4832    i.MD5Transform      mt_MD5.lib(mt_md5.o)
    0x08001be8   0x08001be8   0x0000008c   Code   RO         4833    i.MD5Update         mt_MD5.lib(mt_md5.o)
    0x08001c74   0x08001c74   0x00000004   Code   RO          819    i.MemManage_Handler  stm32f10x_it.o
    0x08001c78   0x08001c78   0x000003b4   Code   RO         1230    i.Mqtt_Step_Pro     mt_wifi.o
    0x0800202c   0x0800202c   0x00000114   Code   RO         1358    i.Mt_GSMRx_Pro      mt_4g.o
    0x08002140   0x08002140   0x0000005c   Code   RO         1359    i.Mt_GSMTx_Pro      mt_4g.o
    0x0800219c   0x0800219c   0x00000002   Code   RO          820    i.NMI_Handler       stm32f10x_it.o
    0x0800219e   0x0800219e   0x00000002   PAD
    0x080021a0   0x080021a0   0x00000070   Code   RO         1797    i.NVIC_Init         misc.o
    0x08002210   0x08002210   0x00000014   Code   RO         1798    i.NVIC_PriorityGroupConfig  misc.o
    0x08002224   0x08002224   0x00000010   Code   RO         1675    i.OS_CPUInterruptCBSRegister  os_system.o
    0x08002234   0x08002234   0x00000068   Code   RO         1676    i.OS_ClockInterruptHandle  os_system.o
    0x0800229c   0x0800229c   0x00000044   Code   RO         1677    i.OS_CreatTask      os_system.o
    0x080022e0   0x080022e0   0x0000003c   Code   RO         1678    i.OS_Start          os_system.o
    0x0800231c   0x0800231c   0x0000003c   Code   RO         1680    i.OS_TaskInit       os_system.o
    0x08002358   0x08002358   0x00000024   Code   RO         1650    i.ParaInit          para.o
    0x0800237c   0x0800237c   0x00000002   Code   RO          821    i.PendSV_Handler    stm32f10x_it.o
    0x0800237e   0x0800237e   0x00000002   PAD
    0x08002380   0x08002380   0x000001a8   Code   RO         1598    i.PowerState_icon_Display  app.o
    0x08002528   0x08002528   0x00000018   Code   RO         3362    i.RCC_ADCCLKConfig  stm32f10x_rcc.o
    0x08002540   0x08002540   0x00000020   Code   RO         3363    i.RCC_AHBPeriphClockCmd  stm32f10x_rcc.o
    0x08002560   0x08002560   0x00000020   Code   RO         3365    i.RCC_APB1PeriphClockCmd  stm32f10x_rcc.o
    0x08002580   0x08002580   0x00000020   Code   RO         3366    i.RCC_APB1PeriphResetCmd  stm32f10x_rcc.o
    0x080025a0   0x080025a0   0x00000020   Code   RO         3367    i.RCC_APB2PeriphClockCmd  stm32f10x_rcc.o
    0x080025c0   0x080025c0   0x00000020   Code   RO         3368    i.RCC_APB2PeriphResetCmd  stm32f10x_rcc.o
    0x080025e0   0x080025e0   0x00000190   Code   RO         3375    i.RCC_GetClocksFreq  stm32f10x_rcc.o
    0x08002770   0x08002770   0x00000018   Code   RO         3897    i.SPI_Cmd           stm32f10x_spi.o
    0x08002788   0x08002788   0x00000012   Code   RO         3903    i.SPI_I2S_DMACmd    stm32f10x_spi.o
    0x0800279a   0x0800279a   0x0000003c   Code   RO         3910    i.SPI_Init          stm32f10x_spi.o
    0x080027d6   0x080027d6   0x00000002   Code   RO          822    i.SVC_Handler       stm32f10x_it.o
    0x080027d8   0x080027d8   0x0000007c   Code   RO         1682    i.S_QueueDataIn     os_system.o
    0x08002854   0x08002854   0x0000002e   Code   RO         1683    i.S_QueueDataLen    os_system.o
    0x08002882   0x08002882   0x00000002   PAD
    0x08002884   0x08002884   0x00000068   Code   RO         1684    i.S_QueueDataOut    os_system.o
    0x080028ec   0x080028ec   0x00000006   Code   RO         1685    i.S_QueueEmpty      os_system.o
    0x080028f2   0x080028f2   0x0000006e   Code   RO         1187    i.SeekSrting        mt_api.o
    0x08002960   0x08002960   0x00000008   Code   RO          892    i.SetSysClock       system_stm32f10x.o
    0x08002968   0x08002968   0x00000118   Code   RO          893    i.SetSysClockTo72   system_stm32f10x.o
    0x08002a80   0x08002a80   0x00000052   Code   RO         1188    i.StringhexToAsciiConversion  mt_api.o
    0x08002ad2   0x08002ad2   0x00000008   Code   RO         1751    i.SysTick_Handler   cpu.o
    0x08002ada   0x08002ada   0x00000002   PAD
    0x08002adc   0x08002adc   0x0000006c   Code   RO          895    i.SystemInit        system_stm32f10x.o
    0x08002b48   0x08002b48   0x000000ac   Code   RO         1651    i.SystemTime_local  para.o
    0x08002bf4   0x08002bf4   0x00000080   Code   RO         4036    i.TI1_Config        stm32f10x_tim.o
    0x08002c74   0x08002c74   0x00000098   Code   RO         4037    i.TI2_Config        stm32f10x_tim.o
    0x08002d0c   0x08002d0c   0x00000090   Code   RO         4038    i.TI3_Config        stm32f10x_tim.o
    0x08002d9c   0x08002d9c   0x00000098   Code   RO         4039    i.TI4_Config        stm32f10x_tim.o
    0x08002e34   0x08002e34   0x000000cc   Code   RO          420    i.TIM3_IRQHandler   hal_al6630.o
    0x08002f00   0x08002f00   0x00000018   Code   RO          123    i.TIM4_IRQHandler   hal_timer.o
    0x08002f18   0x08002f18   0x00000006   Code   RO         4046    i.TIM_ClearFlag     stm32f10x_tim.o
    0x08002f1e   0x08002f1e   0x00000006   Code   RO         4047    i.TIM_ClearITPendingBit  stm32f10x_tim.o
    0x08002f24   0x08002f24   0x00000018   Code   RO         4052    i.TIM_Cmd           stm32f10x_tim.o
    0x08002f3c   0x08002f3c   0x000001e8   Code   RO         4057    i.TIM_DeInit        stm32f10x_tim.o
    0x08003124   0x08003124   0x00000006   Code   RO         4068    i.TIM_GetCapture2   stm32f10x_tim.o
    0x0800312a   0x0800312a   0x00000022   Code   RO         4073    i.TIM_GetITStatus   stm32f10x_tim.o
    0x0800314c   0x0800314c   0x000000ac   Code   RO         4075    i.TIM_ICInit        stm32f10x_tim.o
    0x080031f8   0x080031f8   0x00000012   Code   RO         4077    i.TIM_ITConfig      stm32f10x_tim.o
    0x0800320a   0x0800320a   0x00000004   Code   RO         4117    i.TIM_SetCounter    stm32f10x_tim.o
    0x0800320e   0x0800320e   0x00000012   Code   RO         4118    i.TIM_SetIC1Prescaler  stm32f10x_tim.o
    0x08003220   0x08003220   0x0000001a   Code   RO         4119    i.TIM_SetIC2Prescaler  stm32f10x_tim.o
    0x0800323a   0x0800323a   0x00000012   Code   RO         4120    i.TIM_SetIC3Prescaler  stm32f10x_tim.o
    0x0800324c   0x0800324c   0x0000001a   Code   RO         4121    i.TIM_SetIC4Prescaler  stm32f10x_tim.o
    0x08003266   0x08003266   0x00000002   PAD
    0x08003268   0x08003268   0x000000a4   Code   RO         4123    i.TIM_TimeBaseInit  stm32f10x_tim.o
    0x0800330c   0x0800330c   0x00000038   Code   RO          540    i.UART5_IRQHandler  hal_uart.o
    0x08003344   0x08003344   0x00000034   Code   RO          541    i.USART1_IRQHandler  hal_uart.o
    0x08003378   0x08003378   0x00000034   Code   RO          543    i.USART1_PutInDebugString  hal_uart.o
    0x080033ac   0x080033ac   0x00000044   Code   RO          544    i.USART2_IRQHandler  hal_uart.o
    0x080033f0   0x080033f0   0x00000038   Code   RO          545    i.USART3_IRQHandler  hal_uart.o
    0x08003428   0x08003428   0x0000001e   Code   RO         4585    i.USART_ClearITPendingBit  stm32f10x_usart.o
    0x08003446   0x08003446   0x00000018   Code   RO         4588    i.USART_Cmd         stm32f10x_usart.o
    0x0800345e   0x0800345e   0x00000012   Code   RO         4589    i.USART_DMACmd      stm32f10x_usart.o
    0x08003470   0x08003470   0x0000001a   Code   RO         4591    i.USART_GetFlagStatus  stm32f10x_usart.o
    0x0800348a   0x0800348a   0x00000054   Code   RO         4592    i.USART_GetITStatus  stm32f10x_usart.o
    0x080034de   0x080034de   0x0000004a   Code   RO         4594    i.USART_ITConfig    stm32f10x_usart.o
    0x08003528   0x08003528   0x000000d8   Code   RO         4595    i.USART_Init        stm32f10x_usart.o
    0x08003600   0x08003600   0x0000000a   Code   RO         4602    i.USART_ReceiveData  stm32f10x_usart.o
    0x0800360a   0x0800360a   0x00000008   Code   RO         4605    i.USART_SendData    stm32f10x_usart.o
    0x08003612   0x08003612   0x00000004   Code   RO          823    i.UsageFault_Handler  stm32f10x_it.o
    0x08003616   0x08003616   0x00000062   Code   RO         1231    i.WIFI_MQTT_Sub_RecPro  mt_wifi.o
    0x08003678   0x08003678   0x00000044   Code   RO         1232    i.WIFI_RxMsg_Analysis  mt_wifi.o
    0x080036bc   0x080036bc   0x00000060   Code   RO         1233    i.WIFI_TxMsgInput   mt_wifi.o
    0x0800371c   0x0800371c   0x0000002c   Code   RO         1234    i.WIFI_TxMsg_Send   mt_wifi.o
    0x08003748   0x08003748   0x00000134   Code   RO         1235    i.Wifi_Rx_Response_Handle  mt_wifi.o
    0x0800387c   0x0800387c   0x00000016   Code   RO         1599    i.app_task          app.o
    0x08003892   0x08003892   0x00000002   PAD
    0x08003894   0x08003894   0x00000024   Code   RO         1600    i.app_task_init     app.o
    0x080038b8   0x080038b8   0x000000a8   Code   RO         1189    i.asciiToHexConversion  mt_api.o
    0x08003960   0x08003960   0x00000012   Code   RO          190    i.delay_1msTest     hal_gpio.o
    0x08003972   0x08003972   0x00000002   PAD
    0x08003974   0x08003974   0x000000b0   Code   RO          661    i.hal_AdcInit       hal_adc.o
    0x08003a24   0x08003a24   0x00000024   Code   RO          662    i.hal_Adc_batInit   hal_adc.o
    0x08003a48   0x08003a48   0x00000070   Code   RO          663    i.hal_BatCheckProc  hal_adc.o
    0x08003ab8   0x08003ab8   0x00000014   Code   RO         1752    i.hal_CPUInit       cpu.o
    0x08003acc   0x08003acc   0x00000022   Code   RO         1753    i.hal_CPU_Critical_Control  cpu.o
    0x08003aee   0x08003aee   0x00000002   PAD
    0x08003af0   0x08003af0   0x00000060   Code   RO         1754    i.hal_CoreClockInit  cpu.o
    0x08003b50   0x08003b50   0x00000038   Code   RO          124    i.hal_CreatTimer    hal_timer.o
    0x08003b88   0x08003b88   0x00000020   Code   RO          546    i.hal_DMAC4_Enable  hal_uart.o
    0x08003ba8   0x08003ba8   0x00000084   Code   RO          547    i.hal_DMA_Config    hal_uart.o
    0x08003c2c   0x08003c2c   0x00000010   Code   RO          191    i.hal_GPIO_4GPowerKey_H  hal_gpio.o
    0x08003c3c   0x08003c3c   0x00000010   Code   RO          192    i.hal_GPIO_4GPowerKey_L  hal_gpio.o
    0x08003c4c   0x08003c4c   0x00000010   Code   RO          193    i.hal_GPIO_GetACState  hal_gpio.o
    0x08003c5c   0x08003c5c   0x00000010   Code   RO          194    i.hal_GPIO_WIFIPowerEN_H  hal_gpio.o
    0x08003c6c   0x08003c6c   0x00000010   Code   RO          195    i.hal_GPIO_WIFIPowerEN_L  hal_gpio.o
    0x08003c7c   0x08003c7c   0x000000e0   Code   RO          421    i.hal_GetTemHumProc  hal_al6630.o
    0x08003d5c   0x08003d5c   0x0000000c   Code   RO          422    i.hal_GetTemperatureDat  hal_al6630.o
    0x08003d68   0x08003d68   0x0000000c   Code   RO          423    i.hal_GethumidityDat  hal_al6630.o
    0x08003d74   0x08003d74   0x00000084   Code   RO          196    i.hal_GpioConfig_init  hal_gpio.o
    0x08003df8   0x08003df8   0x0000004c   Code   RO          197    i.hal_Gpio_AcStateCheck  hal_gpio.o
    0x08003e44   0x08003e44   0x00000038   Code   RO          714    i.hal_I2CConfig     hal_eeprom.o
    0x08003e7c   0x08003e7c   0x00000024   Code   RO          715    i.hal_I2C_SCL       hal_eeprom.o
    0x08003ea0   0x08003ea0   0x00000024   Code   RO          716    i.hal_I2C_SDA       hal_eeprom.o
    0x08003ec4   0x08003ec4   0x00000130   Code   RO          475    i.hal_KeyProc       hal_key.o
    0x08003ff4   0x08003ff4   0x00000010   Code   RO          476    i.hal_KeyScanCBSRegister  hal_key.o
    0x08004004   0x08004004   0x00000040   Code   RO            1    i.hal_Led1Turn      hal_led.o
    0x08004044   0x08004044   0x00000040   Code   RO            2    i.hal_LedConfig     hal_led.o
    0x08004084   0x08004084   0x00000010   Code   RO            3    i.hal_LedHandle     hal_led.o
    0x08004094   0x08004094   0x0000001c   Code   RO            4    i.hal_LedInit       hal_led.o
    0x080040b0   0x080040b0   0x000000a8   Code   RO          477    i.hal_LoadKeyState  hal_key.o
    0x08004158   0x08004158   0x00000014   Code   RO          281    i.hal_Oled_Display_on  hal_tftlcd.o
    0x0800416c   0x0800416c   0x00000034   Code   RO          128    i.hal_ResetTimer    hal_timer.o
    0x080041a0   0x080041a0   0x00000014   Code   RO         1001    i.hal_Tftlcd_Clear  mt_tftlcd.o
    0x080041b4   0x080041b4   0x00000058   Code   RO          424    i.hal_Tim3_SentDatPin  hal_al6630.o
    0x0800420c   0x0800420c   0x00000018   Code   RO          425    i.hal_Tim_CapInit   hal_al6630.o
    0x08004224   0x08004224   0x0000002c   Code   RO          548    i.hal_Usart2_SentString  hal_uart.o
    0x08004250   0x08004250   0x0000003c   Code   RO          549    i.hal_UsartInit     hal_uart.o
    0x0800428c   0x0800428c   0x00000024   Code   RO          550    i.hal_UsartProc     hal_uart.o
    0x080042b0   0x080042b0   0x000000b0   Code   RO         1236    i.hal_WifiRx_Pro    mt_wifi.o
    0x08004360   0x08004360   0x0000020c   Code   RO         1237    i.hal_WifiTx_Pro    mt_wifi.o
    0x0800456c   0x0800456c   0x00000088   Code   RO          344    i.hal_Wtn6Config    hal_wtn6.o
    0x080045f4   0x080045f4   0x00000034   Code   RO          664    i.hal_adc_GetAdcDat  hal_adc.o
    0x08004628   0x08004628   0x000000d8   Code   RO          665    i.hal_adc_batVoltCheck  hal_adc.o
    0x08004700   0x08004700   0x0000000c   Code   RO          666    i.hal_adc_returnVoltLevel  hal_adc.o
    0x0800470c   0x0800470c   0x00000008   Code   RO          719    i.hal_eepromInit    hal_eeprom.o
    0x08004714   0x08004714   0x00000010   Code   RO          478    i.hal_getDB0Sta     hal_key.o
    0x08004724   0x08004724   0x00000010   Code   RO          479    i.hal_getDB1Sta     hal_key.o
    0x08004734   0x08004734   0x00000014   Code   RO          480    i.hal_getDB2Sta     hal_key.o
    0x08004748   0x08004748   0x00000014   Code   RO          481    i.hal_getDB3Sta     hal_key.o
    0x0800475c   0x0800475c   0x00000014   Code   RO          482    i.hal_getDB4Sta     hal_key.o
    0x08004770   0x08004770   0x00000010   Code   RO         1755    i.hal_getprimask    cpu.o
    0x08004780   0x08004780   0x00000040   Code   RO          483    i.hal_keyConfig     hal_key.o
    0x080047c0   0x080047c0   0x0000004c   Code   RO          484    i.hal_keyInit       hal_key.o
    0x0800480c   0x0800480c   0x00000014   Code   RO          282    i.hal_oled_RestH    hal_tftlcd.o
    0x08004820   0x08004820   0x00000014   Code   RO          283    i.hal_oled_RestL    hal_tftlcd.o
    0x08004834   0x08004834   0x00000024   Code   RO          248    i.hal_spi2CSDrive   hal_flash.o
    0x08004858   0x08004858   0x000000b8   Code   RO          249    i.hal_spi2Init      hal_flash.o
    0x08004910   0x08004910   0x00000014   Code   RO          378    i.hal_task          hal_task.o
    0x08004924   0x08004924   0x0000002c   Code   RO          379    i.hal_task_init     hal_task.o
    0x08004950   0x08004950   0x00000150   Code   RO          284    i.hal_tftlcdConfig  hal_tftlcd.o
    0x08004aa0   0x08004aa0   0x0000000c   Code   RO         1002    i.hal_tftlcd_Delay  mt_tftlcd.o
    0x08004aac   0x08004aac   0x000000b4   Code   RO          426    i.hal_timer3CapConfig  hal_al6630.o
    0x08004b60   0x08004b60   0x00000080   Code   RO          129    i.hal_timer4Config  hal_timer.o
    0x08004be0   0x08004be0   0x00000044   Code   RO          130    i.hal_timerInit     hal_timer.o
    0x08004c24   0x08004c24   0x00000018   Code   RO          427    i.hal_timer_capInit  hal_al6630.o
    0x08004c3c   0x08004c3c   0x00000058   Code   RO          551    i.hal_uart1_DMA_DatSent  hal_uart.o
    0x08004c94   0x08004c94   0x00000250   Code   RO          552    i.hal_usart_Config  hal_uart.o
    0x08004ee4   0x08004ee4   0x00000010   Code   RO          553    i.hal_usart_Uart2DateRxCBSRegister  hal_uart.o
    0x08004ef4   0x08004ef4   0x00000010   Code   RO          554    i.hal_usart_Uart3DateRxCBSRegister  hal_uart.o
    0x08004f04   0x08004f04   0x00000010   Code   RO          555    i.hal_usart_Uart5DateRxCBSRegister  hal_uart.o
    0x08004f14   0x08004f14   0x00000030   Code   RO          556    i.hal_usart_Uart5DateTx  hal_uart.o
    0x08004f44   0x08004f44   0x00000038   Code   RO          347    i.hal_wtn6          hal_wtn6.o
    0x08004f7c   0x08004f7c   0x00000038   Code   RO         1190    i.hexToAsciiConversion  mt_api.o
    0x08004fb4   0x08004fb4   0x00000054   Code   RO          795    i.main              main.o
    0x08005008   0x08005008   0x00000078   Code   RO         1362    i.mt_4g_Init        mt_4g.o
    0x08005080   0x08005080   0x00000398   Code   RO         1363    i.mt_4g_Mqtt_Send_AT  mt_4g.o
    0x08005418   0x08005418   0x00000140   Code   RO         1364    i.mt_4g_Mqtt_SentDat  mt_4g.o
    0x08005558   0x08005558   0x0000021c   Code   RO         1366    i.mt_4g_TxSend_AT   mt_4g.o
    0x08005774   0x08005774   0x00000018   Code   RO         1367    i.mt_4g_pro         mt_4g.o
    0x0800578c   0x0800578c   0x000000c0   Code   RO         1368    i.mt_GSM_DataPack   mt_4g.o
    0x0800584c   0x0800584c   0x0000005a   Code   RO         1369    i.mt_GSM_GetSignal  mt_4g.o
    0x080058a6   0x080058a6   0x00000002   PAD
    0x080058a8   0x080058a8   0x000001b4   Code   RO         1370    i.mt_GSM_MesSend    mt_4g.o
    0x08005a5c   0x08005a5c   0x00000144   Code   RO         1371    i.mt_GSM_PhoneCall  mt_4g.o
    0x08005ba0   0x08005ba0   0x00000020   Code   RO         1372    i.mt_GSM_RxMsgInput  mt_4g.o
    0x08005bc0   0x08005bc0   0x0000005c   Code   RO         1191    i.mt_api_crc16      mt_api.o
    0x08005c1c   0x08005c1c   0x00000008   Code   RO          927    i.mt_flashInit      mt_flash.o
    0x08005c24   0x08005c24   0x00000010   Code   RO         1110    i.mt_loraRxApplyNet_callback_Register  mt_lora.o
    0x08005c34   0x08005c34   0x0000011c   Code   RO         1111    i.mt_loraRx_Pro     mt_lora.o
    0x08005d50   0x08005d50   0x00000048   Code   RO         1112    i.mt_loraTx_Pro     mt_lora.o
    0x08005d98   0x08005d98   0x0000000c   Code   RO         1113    i.mt_lora_Pro       mt_lora.o
    0x08005da4   0x08005da4   0x00000120   Code   RO         1114    i.mt_lora_RxDataComm  mt_lora.o
    0x08005ec4   0x08005ec4   0x00000024   Code   RO         1115    i.mt_lora_RxMsgInput  mt_lora.o
    0x08005ee8   0x08005ee8   0x000001b0   Code   RO         1116    i.mt_lora_TxDataDail  mt_lora.o
    0x08006098   0x08006098   0x00000034   Code   RO         1117    i.mt_lora_TxMsgInput  mt_lora.o
    0x080060cc   0x080060cc   0x0000001c   Code   RO         1118    i.mt_lora_getSumCrc  mt_lora.o
    0x080060e8   0x080060e8   0x0000003c   Code   RO         1119    i.mt_lora_init      mt_lora.o
    0x08006124   0x08006124   0x00000010   Code   RO         1120    i.mt_lora_loracomm_callback_Register  mt_lora.o
    0x08006134   0x08006134   0x000000c4   Code   RO         4834    i.mt_md5_EncipherPassWord  mt_MD5.lib(mt_md5.o)
    0x080061f8   0x080061f8   0x0000000c   Code   RO         1498    i.mt_mqtt_SetNewFlag  mt_mqtt.o
    0x08006204   0x08006204   0x00000114   Code   RO         1499    i.mt_mqtt_init      mt_mqtt.o
    0x08006318   0x08006318   0x00000028   Code   RO         1500    i.mt_mqtt_setLinkID  mt_mqtt.o
    0x08006340   0x08006340   0x00000028   Code   RO         1501    i.mt_mqtt_setPubTopic  mt_mqtt.o
    0x08006368   0x08006368   0x00000028   Code   RO         1502    i.mt_mqtt_setServerIp  mt_mqtt.o
    0x08006390   0x08006390   0x00000028   Code   RO         1503    i.mt_mqtt_setServerPort  mt_mqtt.o
    0x080063b8   0x080063b8   0x00000028   Code   RO         1504    i.mt_mqtt_setSubTopic  mt_mqtt.o
    0x080063e0   0x080063e0   0x00000028   Code   RO         1505    i.mt_mqtt_setUserName  mt_mqtt.o
    0x08006408   0x08006408   0x000000bc   Code   RO         1567    i.mt_protocol_DataPack  mt_protocol.o
    0x080064c4   0x080064c4   0x0000006c   Code   RO         1568    i.mt_protocol_MqttRecHandle  mt_protocol.o
    0x08006530   0x08006530   0x00000010   Code   RO         1075    i.mt_task           mt_task.o
    0x08006540   0x08006540   0x0000001c   Code   RO         1076    i.mt_task_init      mt_task.o
    0x0800655c   0x0800655c   0x00000248   Code   RO         1003    i.mt_tftlcd_init    mt_tftlcd.o
    0x080067a4   0x080067a4   0x00000044   Code   RO         1238    i.mt_wifi_CwstateResposePro  mt_wifi.o
    0x080067e8   0x080067e8   0x000000a0   Code   RO         1239    i.mt_wifi_DataPack  mt_wifi.o
    0x08006888   0x08006888   0x0000000c   Code   RO         1240    i.mt_wifi_GetState  mt_wifi.o
    0x08006894   0x08006894   0x00000114   Code   RO         1241    i.mt_wifi_Mqtt_SentDat  mt_wifi.o
    0x080069a8   0x080069a8   0x0000001c   Code   RO         1242    i.mt_wifi_Mqtt_Step  mt_wifi.o
    0x080069c4   0x080069c4   0x00000084   Code   RO         1243    i.mt_wifi_PowerManage  mt_wifi.o
    0x08006a48   0x08006a48   0x00000020   Code   RO         1244    i.mt_wifi_RxMsgInput  mt_wifi.o
    0x08006a68   0x08006a68   0x0000001c   Code   RO         1245    i.mt_wifi_changState  mt_wifi.o
    0x08006a84   0x08006a84   0x0000008c   Code   RO         1246    i.mt_wifi_init      mt_wifi.o
    0x08006b10   0x08006b10   0x00000014   Code   RO         1247    i.mt_wifi_pro       mt_wifi.o
    0x08006b24   0x08006b24   0x0000026c   Code   RO         1601    i.showSystemTime    app.o
    0x08006d90   0x08006d90   0x0000001c   Code   RO         1602    i.stgMenu_LoraDetectorApplyNetPro  app.o
    0x08006dac   0x08006dac   0x00000008   Code   RO         1603    i.str_lora_loracommPro  app.o
    0x08006db4   0x08006db4   0x00000198   Code   RO         1604    i.temHum_icon_Display  app.o
    0x08006f4c   0x08006f4c   0x00007364   Data   RO         1063    .constdata          lcdfont.o
    0x0800e2b0   0x0800e2b0   0x00000020   Data   RO         1192    .constdata          mt_api.o
    0x0800e2d0   0x0800e2d0   0x00000518   Data   RO         1249    .constdata          mt_wifi.o
    0x0800e7e8   0x0800e7e8   0x00000b7c   Data   RO         1374    .constdata          mt_4g.o
    0x0800f364   0x0800f364   0x00000020   Data   RO         5059    Region$$Table       anon$$obj.o


    Execution Region RW_IRAM1 (Exec base: 0x20000000, Load base: 0x0800f384, Size: 0x00004ee0, Max: 0x00010000, ABSOLUTE, COMPRESSED[0x00000040])

    Exec Addr    Load Addr    Size         Type   Attr      Idx    E Section Name        Object

    0x20000000   COMPRESSED   0x00000002   Data   RW          198    .data               hal_gpio.o
    0x20000002   COMPRESSED   0x0000002f   Data   RW          348    .data               hal_wtn6.o
    0x20000031   COMPRESSED   0x00000003   PAD
    0x20000034   COMPRESSED   0x00000004   Data   RW          429    .data               hal_al6630.o
    0x20000038   COMPRESSED   0x00000018   Data   RW          486    .data               hal_key.o
    0x20000050   COMPRESSED   0x00000012   Data   RW          558    .data               hal_uart.o
    0x20000062   COMPRESSED   0x00000004   Data   RW          668    .data               hal_adc.o
    0x20000066   COMPRESSED   0x00000002   PAD
    0x20000068   COMPRESSED   0x00000014   Data   RW          896    .data               system_stm32f10x.o
    0x2000007c   COMPRESSED   0x0000000a   Data   RW         1122    .data               mt_lora.o
    0x20000086   COMPRESSED   0x00000002   PAD
    0x20000088   COMPRESSED   0x00000022   Data   RW         1250    .data               mt_wifi.o
    0x200000aa   COMPRESSED   0x00000002   PAD
    0x200000ac   COMPRESSED   0x00000024   Data   RW         1375    .data               mt_4g.o
    0x200000d0   COMPRESSED   0x00000008   Data   RW         1605    .data               app.o
    0x200000d8   COMPRESSED   0x0000000c   Data   RW         1653    .data               para.o
    0x200000e4   COMPRESSED   0x00000004   Data   RW         1687    .data               os_system.o
    0x200000e8   COMPRESSED   0x00000014   Data   RW         3403    .data               stm32f10x_rcc.o
    0x200000fc   COMPRESSED   0x00000040   Data   RW         4836    .data               mt_MD5.lib(mt_md5.o)
    0x2000013c        -       0x00000018   Zero   RW          131    .bss                hal_timer.o
    0x20000154        -       0x00000014   Zero   RW          428    .bss                hal_al6630.o
    0x20000168        -       0x00000070   Zero   RW          485    .bss                hal_key.o
    0x200001d8        -       0x0000040c   Zero   RW          557    .bss                hal_uart.o
    0x200005e4        -       0x00000018   Zero   RW          667    .bss                hal_adc.o
    0x200005fc        -       0x00000280   Zero   RW         1004    .bss                mt_tftlcd.o
    0x2000087c        -       0x0000027c   Zero   RW         1121    .bss                mt_lora.o
    0x20000af8        -       0x0000159f   Zero   RW         1248    .bss                mt_wifi.o
    0x20002097   COMPRESSED   0x00000001   PAD
    0x20002098        -       0x0000268e   Zero   RW         1373    .bss                mt_4g.o
    0x20004726        -       0x000000b3   Zero   RW         1506    .bss                mt_mqtt.o
    0x200047d9        -       0x0000001a   Zero   RW         1569    .bss                mt_protocol.o
    0x200047f3        -       0x0000000c   Zero   RW         1652    .bss                para.o
    0x200047ff   COMPRESSED   0x00000001   PAD
    0x20004800        -       0x00000024   Zero   RW         1686    .bss                os_system.o
    0x20004824        -       0x00000058   Zero   RW         4835    .bss                mt_MD5.lib(mt_md5.o)
    0x2000487c        -       0x00000060   Zero   RW         4931    .bss                c_w.l(libspace.o)
    0x200048dc   COMPRESSED   0x00000004   PAD
    0x200048e0        -       0x00000200   Zero   RW         1790    HEAP                startup_stm32f10x_cl.o
    0x20004ae0        -       0x00000400   Zero   RW         1789    STACK               startup_stm32f10x_cl.o


==============================================================================

Image component sizes


      Code (inc. data)   RO Data    RW Data    ZI Data      Debug   Object Name

      1702         94          0          8          0       4643   app.o
       174         20          0          0          0      17602   cpu.o
       604         52          0          4         24       3389   hal_adc.o
       768         60          0          4         20       4338   hal_al6630.o
       136         16          0          0          0       1757   hal_eeprom.o
       220         14          0          0          0       1085   hal_flash.o
       306         44          0          2          0       4172   hal_gpio.o
       720        110          0         24        112       5966   hal_key.o
       172         14          0          0          0     302442   hal_led.o
        64          0          0          0          0       3803   hal_task.o
       570         56          0          0          0       4498   hal_tftlcd.o
       448         38          0          0         24       3704   hal_timer.o
      1452        162          0         18       1036      13039   hal_uart.o
       192         24          0         47          0       2698   hal_wtn6.o
         0          0      29540          0          0        770   lcdfont.o
        84         14          0          0          0        455   main.o
       132         22          0          0          0       1599   misc.o
      4228        286       2940         36       9870      18288   mt_4g.o
       534          6         32          0          0       4550   mt_api.o
         8          0          0          0          0        411   mt_flash.o
      1296         84          0         10        636       9095   mt_lora.o
       528         60          0          0        179       5128   mt_mqtt.o
       356         14          0          0         26       2677   mt_protocol.o
        44          0          0          0          0       3769   mt_task.o
      1428         42          0          0        640       6935   mt_tftlcd.o
      3158        240       1304         34       5535      13904   mt_wifi.o
       588         32          0          4         36       5807   os_system.o
       208         20          0         12         12       2232   para.o
        64         26        336          0       1536        812   startup_stm32f10x_cl.o
       394         10          0          0          0       8225   stm32f10x_adc.o
       506         26          0          0          0       5263   stm32f10x_dma.o
       476          6          0          0          0       5839   stm32f10x_gpio.o
        24          0          0          0          0     233732   stm32f10x_it.o
       584         62          0         20          0       7623   stm32f10x_rcc.o
       102          0          0          0          0       2802   stm32f10x_spi.o
      1586        214          0          0          0      12239   stm32f10x_tim.o
       490          6          0          0          0       7570   stm32f10x_usart.o
       396         32          0         20          0       2121   system_stm32f10x.o

    ----------------------------------------------------------------------
     24774       1906      34184        252      19688     734982   Object Totals
         0          0         32          0          0          0   (incl. Generated)
        32          0          0          9          2          0   (incl. Padding)

    ----------------------------------------------------------------------

      Code (inc. data)   RO Data    RW Data    ZI Data      Debug   Library Member Name

        90          0          0          0          0          0   __dczerorl2.o
         8          0          0          0          0         68   __main.o
         0          0          0          0          0          0   __rtentry.o
        12          0          0          0          0          0   __rtentry2.o
         6          0          0          0          0          0   __rtentry4.o
        52          8          0          0          0          0   __scatter.o
        28          0          0          0          0          0   __scatter_zi.o
        18          0          0          0          0         80   exit.o
         6          0          0          0          0        152   heapauxi.o
         0          0          0          0          0          0   indicate_semi.o
         2          0          0          0          0          0   libinit.o
         2          0          0          0          0          0   libinit2.o
         2          0          0          0          0          0   libshutdown.o
         2          0          0          0          0          0   libshutdown2.o
         8          4          0          0         96         68   libspace.o
        68          0          0          0          0         68   rt_memclr.o
        78          0          0          0          0         80   rt_memclr_w.o
       138          0          0          0          0         68   rt_memcpy_v6.o
       100          0          0          0          0         80   rt_memcpy_w.o
         2          0          0          0          0          0   rtexit.o
        10          0          0          0          0          0   rtexit2.o
        24          0          0          0          0         68   strcat.o
        62          0          0          0          0         76   strlen.o
        12          4          0          0          0         68   sys_exit.o
        74          0          0          0          0         80   sys_stackheap_outer.o
         2          0          0          0          0         68   use_no_semi.o
      2572        272          0         64         88       6589   mt_md5.o

    ----------------------------------------------------------------------
      3382        288          0         64        188       7613   Library Totals
         4          0          0          0          4          0   (incl. Padding)

    ----------------------------------------------------------------------

      Code (inc. data)   RO Data    RW Data    ZI Data      Debug   Library Name

       806         16          0          0         96       1024   c_w.l
      2572        272          0         64         88       6589   mt_MD5.lib

    ----------------------------------------------------------------------
      3382        288          0         64        188       7613   Library Totals

    ----------------------------------------------------------------------

==============================================================================


      Code (inc. data)   RO Data    RW Data    ZI Data      Debug   

     28156       2194      34184        316      19876     728655   Grand Totals
     28156       2194      34184         64      19876     728655   ELF Image Totals (compressed)
     28156       2194      34184         64          0          0   ROM Totals

==============================================================================

    Total RO  Size (Code + RO Data)                62340 (  60.88kB)
    Total RW  Size (RW Data + ZI Data)             20192 (  19.72kB)
    Total ROM Size (Code + RO Data + RW Data)      62404 (  60.94kB)

==============================================================================

